<?xml version="1.0"?>
<link_info>
   <banner>TMS320C6x Linker PC v8.1.0</banner>
   <copyright>Copyright (c) 1996-2015 Texas Instruments Incorporated</copyright>
   <link_time>0x63c98af9</link_time>
   <link_errors>0x0</link_errors>
   <output_file>Task3.out</output_file>
   <entry_point>
      <name>_c_int00</name>
      <address>0x800075e0</address>
   </entry_point>
   <input_file_list>
      <input_file id="fl-2">
         <path>.\</path>
         <kind>object</kind>
         <file>main.obj</file>
         <name>main.obj</name>
      </input_file>
      <input_file id="fl-20">
         <path>C:\ti\ccsv6\tools\compiler\ti-cgt-c6000_8.1.0\lib\</path>
         <kind>archive</kind>
         <file>rts6740_elf.lib</file>
         <name>boot.obj</name>
      </input_file>
      <input_file id="fl-21">
         <path>C:\ti\ccsv6\tools\compiler\ti-cgt-c6000_8.1.0\lib\</path>
         <kind>archive</kind>
         <file>rts6740_elf.lib</file>
         <name>copy_decompress_none.obj</name>
      </input_file>
      <input_file id="fl-22">
         <path>C:\ti\ccsv6\tools\compiler\ti-cgt-c6000_8.1.0\lib\</path>
         <kind>archive</kind>
         <file>rts6740_elf.lib</file>
         <name>copy_decompress_rle.obj</name>
      </input_file>
      <input_file id="fl-23">
         <path>C:\ti\ccsv6\tools\compiler\ti-cgt-c6000_8.1.0\lib\</path>
         <kind>archive</kind>
         <file>rts6740_elf.lib</file>
         <name>copy_zero_init.obj</name>
      </input_file>
      <input_file id="fl-24">
         <path>C:\ti\ccsv6\tools\compiler\ti-cgt-c6000_8.1.0\lib\</path>
         <kind>archive</kind>
         <file>rts6740_elf.lib</file>
         <name>divd.obj</name>
      </input_file>
      <input_file id="fl-25">
         <path>C:\ti\ccsv6\tools\compiler\ti-cgt-c6000_8.1.0\lib\</path>
         <kind>archive</kind>
         <file>rts6740_elf.lib</file>
         <name>exit.obj</name>
      </input_file>
      <input_file id="fl-26">
         <path>C:\ti\ccsv6\tools\compiler\ti-cgt-c6000_8.1.0\lib\</path>
         <kind>archive</kind>
         <file>rts6740_elf.lib</file>
         <name>fclose.obj</name>
      </input_file>
      <input_file id="fl-27">
         <path>C:\ti\ccsv6\tools\compiler\ti-cgt-c6000_8.1.0\lib\</path>
         <kind>archive</kind>
         <file>rts6740_elf.lib</file>
         <name>fflush.obj</name>
      </input_file>
      <input_file id="fl-28">
         <path>C:\ti\ccsv6\tools\compiler\ti-cgt-c6000_8.1.0\lib\</path>
         <kind>archive</kind>
         <file>rts6740_elf.lib</file>
         <name>fopen.obj</name>
      </input_file>
      <input_file id="fl-29">
         <path>C:\ti\ccsv6\tools\compiler\ti-cgt-c6000_8.1.0\lib\</path>
         <kind>archive</kind>
         <file>rts6740_elf.lib</file>
         <name>fprintf.obj</name>
      </input_file>
      <input_file id="fl-2a">
         <path>C:\ti\ccsv6\tools\compiler\ti-cgt-c6000_8.1.0\lib\</path>
         <kind>archive</kind>
         <file>rts6740_elf.lib</file>
         <name>fputc.obj</name>
      </input_file>
      <input_file id="fl-2b">
         <path>C:\ti\ccsv6\tools\compiler\ti-cgt-c6000_8.1.0\lib\</path>
         <kind>archive</kind>
         <file>rts6740_elf.lib</file>
         <name>fputs.obj</name>
      </input_file>
      <input_file id="fl-2c">
         <path>C:\ti\ccsv6\tools\compiler\ti-cgt-c6000_8.1.0\lib\</path>
         <kind>archive</kind>
         <file>rts6740_elf.lib</file>
         <name>frcmpyd_div.obj</name>
      </input_file>
      <input_file id="fl-2d">
         <path>C:\ti\ccsv6\tools\compiler\ti-cgt-c6000_8.1.0\lib\</path>
         <kind>archive</kind>
         <file>rts6740_elf.lib</file>
         <name>llshift.obj</name>
      </input_file>
      <input_file id="fl-2e">
         <path>C:\ti\ccsv6\tools\compiler\ti-cgt-c6000_8.1.0\lib\</path>
         <kind>archive</kind>
         <file>rts6740_elf.lib</file>
         <name>lowlev.obj</name>
      </input_file>
      <input_file id="fl-2f">
         <path>C:\ti\ccsv6\tools\compiler\ti-cgt-c6000_8.1.0\lib\</path>
         <kind>archive</kind>
         <file>rts6740_elf.lib</file>
         <name>memcpy64.obj</name>
      </input_file>
      <input_file id="fl-30">
         <path>C:\ti\ccsv6\tools\compiler\ti-cgt-c6000_8.1.0\lib\</path>
         <kind>archive</kind>
         <file>rts6740_elf.lib</file>
         <name>memory.obj</name>
      </input_file>
      <input_file id="fl-31">
         <path>C:\ti\ccsv6\tools\compiler\ti-cgt-c6000_8.1.0\lib\</path>
         <kind>archive</kind>
         <file>rts6740_elf.lib</file>
         <name>memset.obj</name>
      </input_file>
      <input_file id="fl-32">
         <path>C:\ti\ccsv6\tools\compiler\ti-cgt-c6000_8.1.0\lib\</path>
         <kind>archive</kind>
         <file>rts6740_elf.lib</file>
         <name>printf.obj</name>
      </input_file>
      <input_file id="fl-33">
         <path>C:\ti\ccsv6\tools\compiler\ti-cgt-c6000_8.1.0\lib\</path>
         <kind>archive</kind>
         <file>rts6740_elf.lib</file>
         <name>remove.obj</name>
      </input_file>
      <input_file id="fl-34">
         <path>C:\ti\ccsv6\tools\compiler\ti-cgt-c6000_8.1.0\lib\</path>
         <kind>archive</kind>
         <file>rts6740_elf.lib</file>
         <name>sin.obj</name>
      </input_file>
      <input_file id="fl-35">
         <path>C:\ti\ccsv6\tools\compiler\ti-cgt-c6000_8.1.0\lib\</path>
         <kind>archive</kind>
         <file>rts6740_elf.lib</file>
         <name>trgdrv.obj</name>
      </input_file>
      <input_file id="fl-36">
         <path>C:\ti\ccsv6\tools\compiler\ti-cgt-c6000_8.1.0\lib\</path>
         <kind>archive</kind>
         <file>rts6740_elf.lib</file>
         <name>trgmsg.obj</name>
      </input_file>
      <input_file id="fl-37">
         <path>C:\ti\ccsv6\tools\compiler\ti-cgt-c6000_8.1.0\lib\</path>
         <kind>archive</kind>
         <file>rts6740_elf.lib</file>
         <name>trunc.obj</name>
      </input_file>
      <input_file id="fl-38">
         <path>C:\ti\ccsv6\tools\compiler\ti-cgt-c6000_8.1.0\lib\</path>
         <kind>archive</kind>
         <file>rts6740_elf.lib</file>
         <name>_io_perm.obj</name>
      </input_file>
      <input_file id="fl-39">
         <path>C:\ti\ccsv6\tools\compiler\ti-cgt-c6000_8.1.0\lib\</path>
         <kind>archive</kind>
         <file>rts6740_elf.lib</file>
         <name>_lock.obj</name>
      </input_file>
      <input_file id="fl-3a">
         <path>C:\ti\ccsv6\tools\compiler\ti-cgt-c6000_8.1.0\lib\</path>
         <kind>archive</kind>
         <file>rts6740_elf.lib</file>
         <name>_printfi.obj</name>
      </input_file>
      <input_file id="fl-3b">
         <path>C:\ti\ccsv6\tools\compiler\ti-cgt-c6000_8.1.0\lib\</path>
         <kind>archive</kind>
         <file>rts6740_elf.lib</file>
         <name>args_main.obj</name>
      </input_file>
      <input_file id="fl-3c">
         <path>C:\ti\ccsv6\tools\compiler\ti-cgt-c6000_8.1.0\lib\</path>
         <kind>archive</kind>
         <file>rts6740_elf.lib</file>
         <name>atoi.obj</name>
      </input_file>
      <input_file id="fl-3d">
         <path>C:\ti\ccsv6\tools\compiler\ti-cgt-c6000_8.1.0\lib\</path>
         <kind>archive</kind>
         <file>rts6740_elf.lib</file>
         <name>autoinit.obj</name>
      </input_file>
      <input_file id="fl-3e">
         <path>C:\ti\ccsv6\tools\compiler\ti-cgt-c6000_8.1.0\lib\</path>
         <kind>archive</kind>
         <file>rts6740_elf.lib</file>
         <name>cpy_tbl.obj</name>
      </input_file>
      <input_file id="fl-3f">
         <path>C:\ti\ccsv6\tools\compiler\ti-cgt-c6000_8.1.0\lib\</path>
         <kind>archive</kind>
         <file>rts6740_elf.lib</file>
         <name>ctype.obj</name>
      </input_file>
      <input_file id="fl-40">
         <path>C:\ti\ccsv6\tools\compiler\ti-cgt-c6000_8.1.0\lib\</path>
         <kind>archive</kind>
         <file>rts6740_elf.lib</file>
         <name>defs.obj</name>
      </input_file>
      <input_file id="fl-41">
         <path>C:\ti\ccsv6\tools\compiler\ti-cgt-c6000_8.1.0\lib\</path>
         <kind>archive</kind>
         <file>rts6740_elf.lib</file>
         <name>divu.obj</name>
      </input_file>
      <input_file id="fl-42">
         <path>C:\ti\ccsv6\tools\compiler\ti-cgt-c6000_8.1.0\lib\</path>
         <kind>archive</kind>
         <file>rts6740_elf.lib</file>
         <name>frexp.obj</name>
      </input_file>
      <input_file id="fl-43">
         <path>C:\ti\ccsv6\tools\compiler\ti-cgt-c6000_8.1.0\lib\</path>
         <kind>archive</kind>
         <file>rts6740_elf.lib</file>
         <name>fseek.obj</name>
      </input_file>
      <input_file id="fl-44">
         <path>C:\ti\ccsv6\tools\compiler\ti-cgt-c6000_8.1.0\lib\</path>
         <kind>archive</kind>
         <file>rts6740_elf.lib</file>
         <name>imath40.obj</name>
      </input_file>
      <input_file id="fl-45">
         <path>C:\ti\ccsv6\tools\compiler\ti-cgt-c6000_8.1.0\lib\</path>
         <kind>archive</kind>
         <file>rts6740_elf.lib</file>
         <name>imath64.obj</name>
      </input_file>
      <input_file id="fl-46">
         <path>C:\ti\ccsv6\tools\compiler\ti-cgt-c6000_8.1.0\lib\</path>
         <kind>archive</kind>
         <file>rts6740_elf.lib</file>
         <name>isinf.obj</name>
      </input_file>
      <input_file id="fl-47">
         <path>C:\ti\ccsv6\tools\compiler\ti-cgt-c6000_8.1.0\lib\</path>
         <kind>archive</kind>
         <file>rts6740_elf.lib</file>
         <name>ldexp.obj</name>
      </input_file>
      <input_file id="fl-48">
         <path>C:\ti\ccsv6\tools\compiler\ti-cgt-c6000_8.1.0\lib\</path>
         <kind>archive</kind>
         <file>rts6740_elf.lib</file>
         <name>llabs.obj</name>
      </input_file>
      <input_file id="fl-49">
         <path>C:\ti\ccsv6\tools\compiler\ti-cgt-c6000_8.1.0\lib\</path>
         <kind>archive</kind>
         <file>rts6740_elf.lib</file>
         <name>ltoa.obj</name>
      </input_file>
      <input_file id="fl-4a">
         <path>C:\ti\ccsv6\tools\compiler\ti-cgt-c6000_8.1.0\lib\</path>
         <kind>archive</kind>
         <file>rts6740_elf.lib</file>
         <name>memccpy.obj</name>
      </input_file>
      <input_file id="fl-4b">
         <path>C:\ti\ccsv6\tools\compiler\ti-cgt-c6000_8.1.0\lib\</path>
         <kind>archive</kind>
         <file>rts6740_elf.lib</file>
         <name>modf.obj</name>
      </input_file>
      <input_file id="fl-4c">
         <path>C:\ti\ccsv6\tools\compiler\ti-cgt-c6000_8.1.0\lib\</path>
         <kind>archive</kind>
         <file>rts6740_elf.lib</file>
         <name>round.obj</name>
      </input_file>
      <input_file id="fl-4d">
         <path>C:\ti\ccsv6\tools\compiler\ti-cgt-c6000_8.1.0\lib\</path>
         <kind>archive</kind>
         <file>rts6740_elf.lib</file>
         <name>setvbuf.obj</name>
      </input_file>
      <input_file id="fl-4e">
         <path>C:\ti\ccsv6\tools\compiler\ti-cgt-c6000_8.1.0\lib\</path>
         <kind>archive</kind>
         <file>rts6740_elf.lib</file>
         <name>tls.obj</name>
      </input_file>
      <input_file id="fl-4f">
         <path>C:\ti\ccsv6\tools\compiler\ti-cgt-c6000_8.1.0\lib\</path>
         <kind>archive</kind>
         <file>rts6740_elf.lib</file>
         <name>tls_get_tp.obj</name>
      </input_file>
      <input_file id="fl-50">
         <path>C:\ti\ccsv6\tools\compiler\ti-cgt-c6000_8.1.0\lib\</path>
         <kind>archive</kind>
         <file>rts6740_elf.lib</file>
         <name>errno.obj</name>
      </input_file>
   </input_file_list>
   <object_component_list>
      <object_component id="oc-245">
         <name>.text:_pproc_diouxp</name>
         <load_address>0x80000000</load_address>
         <run_address>0x80000000</run_address>
         <size>0x860</size>
         <input_file_ref idref="fl-3a"/>
      </object_component>
      <object_component id="oc-13a">
         <name>.text:__TI_printfi</name>
         <load_address>0x80000860</load_address>
         <run_address>0x80000860</run_address>
         <size>0x780</size>
         <input_file_ref idref="fl-3a"/>
      </object_component>
      <object_component id="oc-bf">
         <name>.text:__c6xabi_divd</name>
         <load_address>0x80000fe0</load_address>
         <run_address>0x80000fe0</run_address>
         <size>0x5c0</size>
         <input_file_ref idref="fl-24"/>
      </object_component>
      <object_component id="oc-1cd">
         <name>.text:_setfield</name>
         <load_address>0x800015a0</load_address>
         <run_address>0x800015a0</run_address>
         <size>0x5a0</size>
         <input_file_ref idref="fl-3a"/>
      </object_component>
      <object_component id="oc-2a3">
         <name>.text:_pconv_g</name>
         <load_address>0x80001b40</load_address>
         <run_address>0x80001b40</run_address>
         <size>0x580</size>
         <input_file_ref idref="fl-3a"/>
      </object_component>
      <object_component id="oc-2af">
         <name>.text:_pconv_e</name>
         <load_address>0x800020c0</load_address>
         <run_address>0x800020c0</run_address>
         <size>0x4a0</size>
         <input_file_ref idref="fl-3a"/>
      </object_component>
      <object_component id="oc-2b5">
         <name>.text:_pconv_a</name>
         <load_address>0x80002560</load_address>
         <run_address>0x80002560</run_address>
         <size>0x420</size>
         <input_file_ref idref="fl-3a"/>
      </object_component>
      <object_component id="oc-1f6">
         <name>.text:free</name>
         <load_address>0x80002980</load_address>
         <run_address>0x80002980</run_address>
         <size>0x3c0</size>
         <input_file_ref idref="fl-30"/>
      </object_component>
      <object_component id="oc-330">
         <name>.text:acvt</name>
         <load_address>0x80002d40</load_address>
         <run_address>0x80002d40</run_address>
         <size>0x360</size>
         <input_file_ref idref="fl-3a"/>
      </object_component>
      <object_component id="oc-1c0">
         <name>.text:fputs</name>
         <load_address>0x800030a0</load_address>
         <run_address>0x800030a0</run_address>
         <size>0x360</size>
         <input_file_ref idref="fl-2b"/>
      </object_component>
      <object_component id="oc-23f">
         <name>.text:_pproc_fgea</name>
         <load_address>0x80003400</load_address>
         <run_address>0x80003400</run_address>
         <size>0x320</size>
         <input_file_ref idref="fl-3a"/>
      </object_component>
      <object_component id="oc-d1">
         <name>.text:sin</name>
         <load_address>0x80003720</load_address>
         <run_address>0x80003720</run_address>
         <size>0x2e0</size>
         <input_file_ref idref="fl-34"/>
      </object_component>
      <object_component id="oc-2a9">
         <name>.text:_pconv_f</name>
         <load_address>0x80003a00</load_address>
         <run_address>0x80003a00</run_address>
         <size>0x2a0</size>
         <input_file_ref idref="fl-3a"/>
      </object_component>
      <object_component id="oc-1c7">
         <name>.text:_pproc_fwp</name>
         <load_address>0x80003ca0</load_address>
         <run_address>0x80003ca0</run_address>
         <size>0x2a0</size>
         <input_file_ref idref="fl-3a"/>
      </object_component>
      <object_component id="oc-322">
         <name>.text:fcvt</name>
         <load_address>0x80003f40</load_address>
         <run_address>0x80003f40</run_address>
         <size>0x280</size>
         <input_file_ref idref="fl-3a"/>
      </object_component>
      <object_component id="oc-33c">
         <name>.text:__c6xabi_divull</name>
         <load_address>0x800041c0</load_address>
         <run_address>0x800041c0</run_address>
         <size>0x260</size>
         <input_file_ref idref="fl-45"/>
      </object_component>
      <object_component id="oc-285">
         <name>.text:setvbuf</name>
         <load_address>0x80004420</load_address>
         <run_address>0x80004420</run_address>
         <size>0x240</size>
         <input_file_ref idref="fl-4d"/>
      </object_component>
      <object_component id="oc-1b9">
         <name>.text:fputc</name>
         <load_address>0x80004660</load_address>
         <run_address>0x80004660</run_address>
         <size>0x220</size>
         <input_file_ref idref="fl-2a"/>
      </object_component>
      <object_component id="oc-1ab">
         <name>.text:open</name>
         <load_address>0x80004880</load_address>
         <run_address>0x80004880</run_address>
         <size>0x220</size>
         <input_file_ref idref="fl-2e"/>
      </object_component>
      <object_component id="oc-2bd">
         <name>.text:_ltostr</name>
         <load_address>0x80004aa0</load_address>
         <run_address>0x80004aa0</run_address>
         <size>0x200</size>
         <input_file_ref idref="fl-3a"/>
      </object_component>
      <object_component id="oc-342">
         <name>.text:__c6xabi_divul</name>
         <load_address>0x80004ca0</load_address>
         <run_address>0x80004ca0</run_address>
         <size>0x1c0</size>
         <input_file_ref idref="fl-44"/>
      </object_component>
      <object_component id="oc-126">
         <name>.text:_openfile</name>
         <load_address>0x80004e60</load_address>
         <run_address>0x80004e60</run_address>
         <size>0x1c0</size>
         <input_file_ref idref="fl-28"/>
      </object_component>
      <object_component id="oc-32a">
         <name>.text:frexp</name>
         <load_address>0x80005020</load_address>
         <run_address>0x80005020</run_address>
         <size>0x1c0</size>
         <input_file_ref idref="fl-42"/>
      </object_component>
      <object_component id="oc-2f5">
         <name>.text:HOSTrename</name>
         <load_address>0x800051e0</load_address>
         <run_address>0x800051e0</run_address>
         <size>0x1a0</size>
         <input_file_ref idref="fl-35"/>
      </object_component>
      <object_component id="oc-220">
         <name>.text:getdevice</name>
         <load_address>0x80005380</load_address>
         <run_address>0x80005380</run_address>
         <size>0x1a0</size>
         <input_file_ref idref="fl-2e"/>
      </object_component>
      <object_component id="oc-37f">
         <name>.text:ldexp</name>
         <load_address>0x80005520</load_address>
         <run_address>0x80005520</run_address>
         <size>0x180</size>
         <input_file_ref idref="fl-47"/>
      </object_component>
      <object_component id="oc-305">
         <name>.text:malloc</name>
         <load_address>0x800056a0</load_address>
         <run_address>0x800056a0</run_address>
         <size>0x180</size>
         <input_file_ref idref="fl-30"/>
      </object_component>
      <object_component id="oc-165">
         <name>.text:__TI_closefile</name>
         <load_address>0x80005820</load_address>
         <run_address>0x80005820</run_address>
         <size>0x140</size>
         <input_file_ref idref="fl-26"/>
      </object_component>
      <object_component id="oc-67">
         <name>.text:_auto_init_elf</name>
         <load_address>0x80005960</load_address>
         <run_address>0x80005960</run_address>
         <size>0x140</size>
         <input_file_ref idref="fl-3d"/>
      </object_component>
      <object_component id="oc-c5">
         <name>.text:fopen</name>
         <load_address>0x80005aa0</load_address>
         <run_address>0x80005aa0</run_address>
         <size>0x140</size>
         <input_file_ref idref="fl-28"/>
      </object_component>
      <object_component id="oc-27f">
         <name>.text:fseek</name>
         <load_address>0x80005be0</load_address>
         <run_address>0x80005be0</run_address>
         <size>0x120</size>
         <input_file_ref idref="fl-43"/>
      </object_component>
      <object_component id="oc-8c">
         <name>.text</name>
         <load_address>0x80005d00</load_address>
         <run_address>0x80005d00</run_address>
         <size>0x120</size>
         <input_file_ref idref="fl-2"/>
      </object_component>
      <object_component id="oc-2e9">
         <name>.text:HOSTlseek</name>
         <load_address>0x80005e20</load_address>
         <run_address>0x80005e20</run_address>
         <size>0x100</size>
         <input_file_ref idref="fl-35"/>
      </object_component>
      <object_component id="oc-42">
         <name>.text:__TI_decompress_rle_core</name>
         <load_address>0x80005f20</load_address>
         <run_address>0x80005f20</run_address>
         <size>0x100</size>
         <input_file_ref idref="fl-22"/>
      </object_component>
      <object_component id="oc-228">
         <name>.text:__TI_wrt_ok</name>
         <load_address>0x80006020</load_address>
         <run_address>0x80006020</run_address>
         <size>0x100</size>
         <input_file_ref idref="fl-38"/>
      </object_component>
      <object_component id="oc-238">
         <name>.text:atoi</name>
         <load_address>0x80006120</load_address>
         <run_address>0x80006120</run_address>
         <size>0x100</size>
         <input_file_ref idref="fl-3c"/>
      </object_component>
      <object_component id="oc-9f">
         <name>.text:copy_in</name>
         <load_address>0x80006220</load_address>
         <run_address>0x80006220</run_address>
         <size>0x100</size>
         <input_file_ref idref="fl-3e"/>
      </object_component>
      <object_component id="oc-d7">
         <name>.text:fprintf</name>
         <load_address>0x80006320</load_address>
         <run_address>0x80006320</run_address>
         <size>0x100</size>
         <input_file_ref idref="fl-29"/>
      </object_component>
      <object_component id="oc-2d1">
         <name>.text:HOSTopen</name>
         <load_address>0x80006420</load_address>
         <run_address>0x80006420</run_address>
         <size>0xe0</size>
         <input_file_ref idref="fl-35"/>
      </object_component>
      <object_component id="oc-2e3">
         <name>.text:HOSTwrite</name>
         <load_address>0x80006500</load_address>
         <run_address>0x80006500</run_address>
         <size>0xe0</size>
         <input_file_ref idref="fl-35"/>
      </object_component>
      <object_component id="oc-1fc">
         <name>.text:close</name>
         <load_address>0x800065e0</load_address>
         <run_address>0x800065e0</run_address>
         <size>0xe0</size>
         <input_file_ref idref="fl-2e"/>
      </object_component>
      <object_component id="oc-31b">
         <name>.text:ltoa</name>
         <load_address>0x800066c0</load_address>
         <run_address>0x800066c0</run_address>
         <size>0xe0</size>
         <input_file_ref idref="fl-49"/>
      </object_component>
      <object_component id="oc-4f">
         <name>.text:memset</name>
         <load_address>0x800067a0</load_address>
         <run_address>0x800067a0</run_address>
         <size>0xe0</size>
         <input_file_ref idref="fl-31"/>
      </object_component>
      <object_component id="oc-cb">
         <name>.text:printf</name>
         <load_address>0x80006880</load_address>
         <run_address>0x80006880</run_address>
         <size>0xe0</size>
         <input_file_ref idref="fl-32"/>
      </object_component>
      <object_component id="oc-2dd">
         <name>.text:HOSTread</name>
         <load_address>0x80006960</load_address>
         <run_address>0x80006960</run_address>
         <size>0xc0</size>
         <input_file_ref idref="fl-35"/>
      </object_component>
      <object_component id="oc-2ef">
         <name>.text:HOSTunlink</name>
         <load_address>0x80006a20</load_address>
         <run_address>0x80006a20</run_address>
         <size>0xc0</size>
         <input_file_ref idref="fl-35"/>
      </object_component>
      <object_component id="oc-1f0">
         <name>.text:__TI_doflush</name>
         <load_address>0x80006ae0</load_address>
         <run_address>0x80006ae0</run_address>
         <size>0xc0</size>
         <input_file_ref idref="fl-27"/>
      </object_component>
      <object_component id="oc-337">
         <name>.text:__divu</name>
         <load_address>0x80006ba0</load_address>
         <run_address>0x80006ba0</run_address>
         <size>0xc0</size>
         <input_file_ref idref="fl-41"/>
      </object_component>
      <object_component id="oc-61">
         <name>.text:exit</name>
         <load_address>0x80006c60</load_address>
         <run_address>0x80006c60</run_address>
         <size>0xc0</size>
         <input_file_ref idref="fl-25"/>
      </object_component>
      <object_component id="oc-262">
         <name>.text:mremove</name>
         <load_address>0x80006d20</load_address>
         <run_address>0x80006d20</run_address>
         <size>0xc0</size>
         <input_file_ref idref="fl-30"/>
      </object_component>
      <object_component id="oc-a5">
         <name>.text:tls:init:__TI_tls_init</name>
         <load_address>0x80006de0</load_address>
         <run_address>0x80006de0</run_address>
         <size>0xc0</size>
         <input_file_ref idref="fl-4e"/>
      </object_component>
      <object_component id="oc-2d7">
         <name>.text:HOSTclose</name>
         <load_address>0x80006ea0</load_address>
         <run_address>0x80006ea0</run_address>
         <size>0xa0</size>
         <input_file_ref idref="fl-35"/>
      </object_component>
      <object_component id="oc-1a5">
         <name>.text:__TI_cleanup</name>
         <load_address>0x80006f40</load_address>
         <run_address>0x80006f40</run_address>
         <size>0xa0</size>
         <input_file_ref idref="fl-28"/>
      </object_component>
      <object_component id="oc-149">
         <name>.text:__c6xabi_nround</name>
         <load_address>0x80006fe0</load_address>
         <run_address>0x80006fe0</run_address>
         <size>0xa0</size>
         <input_file_ref idref="fl-4c"/>
      </object_component>
      <object_component id="oc-369">
         <name>.text:_minit</name>
         <load_address>0x80007080</load_address>
         <run_address>0x80007080</run_address>
         <size>0xa0</size>
         <input_file_ref idref="fl-30"/>
      </object_component>
      <object_component id="oc-36">
         <name>.text:memcpy</name>
         <load_address>0x80007120</load_address>
         <run_address>0x80007120</run_address>
         <size>0xa0</size>
         <input_file_ref idref="fl-2f"/>
      </object_component>
      <object_component id="oc-25c">
         <name>.text:minsert</name>
         <load_address>0x800071c0</load_address>
         <run_address>0x800071c0</run_address>
         <size>0xa0</size>
         <input_file_ref idref="fl-30"/>
      </object_component>
      <object_component id="oc-14f">
         <name>.text:modf</name>
         <load_address>0x80007260</load_address>
         <run_address>0x80007260</run_address>
         <size>0xa0</size>
         <input_file_ref idref="fl-4b"/>
      </object_component>
      <object_component id="oc-359">
         <name>.text:__TI_readmsg</name>
         <load_address>0x80007300</load_address>
         <run_address>0x80007300</run_address>
         <size>0x80</size>
         <input_file_ref idref="fl-36"/>
      </object_component>
      <object_component id="oc-353">
         <name>.text:__TI_writemsg</name>
         <load_address>0x80007380</load_address>
         <run_address>0x80007380</run_address>
         <size>0x80</size>
         <input_file_ref idref="fl-36"/>
      </object_component>
      <object_component id="oc-387">
         <name>.text:__c6xabi_llshl</name>
         <load_address>0x80007400</load_address>
         <run_address>0x80007400</run_address>
         <size>0x80</size>
         <input_file_ref idref="fl-2d"/>
      </object_component>
      <object_component id="oc-dd">
         <name>.text:fclose</name>
         <load_address>0x80007480</load_address>
         <run_address>0x80007480</run_address>
         <size>0x80</size>
         <input_file_ref idref="fl-26"/>
      </object_component>
      <object_component id="oc-202">
         <name>.text:unlink</name>
         <load_address>0x80007500</load_address>
         <run_address>0x80007500</run_address>
         <size>0x80</size>
         <input_file_ref idref="fl-2e"/>
      </object_component>
      <object_component id="oc-102">
         <name>.text:__c6xabi_llshru</name>
         <load_address>0x80007580</load_address>
         <run_address>0x80007580</run_address>
         <size>0x60</size>
         <input_file_ref idref="fl-2d"/>
      </object_component>
      <object_component id="oc-2a">
         <name>.text:_c_int00</name>
         <load_address>0x800075e0</load_address>
         <run_address>0x800075e0</run_address>
         <size>0x60</size>
         <input_file_ref idref="fl-20"/>
      </object_component>
      <object_component id="oc-38d">
         <name>.text:_subcull</name>
         <load_address>0x80007640</load_address>
         <run_address>0x80007640</run_address>
         <size>0x60</size>
         <input_file_ref idref="fl-45"/>
      </object_component>
      <object_component id="oc-2fd">
         <name>.text:lseek</name>
         <load_address>0x800076a0</load_address>
         <run_address>0x800076a0</run_address>
         <size>0x60</size>
         <input_file_ref idref="fl-2e"/>
      </object_component>
      <object_component id="oc-24b">
         <name>.text:memccpy</name>
         <load_address>0x80007700</load_address>
         <run_address>0x80007700</run_address>
         <size>0x60</size>
         <input_file_ref idref="fl-4a"/>
      </object_component>
      <object_component id="oc-22e">
         <name>.text:write</name>
         <load_address>0x80007760</load_address>
         <run_address>0x80007760</run_address>
         <size>0x60</size>
         <input_file_ref idref="fl-2e"/>
      </object_component>
      <object_component id="oc-108">
         <name>.text:__TI_frcmpyd_div</name>
         <load_address>0x800077c0</load_address>
         <run_address>0x800077c0</run_address>
         <size>0x40</size>
         <input_file_ref idref="fl-2c"/>
      </object_component>
      <object_component id="oc-29d">
         <name>.text:__c6xabi_isinf</name>
         <load_address>0x80007800</load_address>
         <run_address>0x80007800</run_address>
         <size>0x40</size>
         <input_file_ref idref="fl-46"/>
      </object_component>
      <object_component id="oc-297">
         <name>.text:__c6xabi_isnan</name>
         <load_address>0x80007840</load_address>
         <run_address>0x80007840</run_address>
         <size>0x40</size>
         <input_file_ref idref="fl-3a"/>
      </object_component>
      <object_component id="oc-5b">
         <name>.text:_args_main</name>
         <load_address>0x80007880</load_address>
         <run_address>0x80007880</run_address>
         <size>0x40</size>
         <input_file_ref idref="fl-3b"/>
      </object_component>
      <object_component id="oc-377">
         <name>.text:__c6xabi_errno_addr</name>
         <load_address>0x800078c0</load_address>
         <run_address>0x800078c0</run_address>
         <size>0x20</size>
         <input_file_ref idref="fl-50"/>
      </object_component>
      <object_component id="oc-143">
         <name>.text:__c6xabi_trunc</name>
         <load_address>0x800078e0</load_address>
         <run_address>0x800078e0</run_address>
         <size>0x20</size>
         <input_file_ref idref="fl-37"/>
      </object_component>
      <object_component id="oc-194">
         <name>.text:_nop</name>
         <load_address>0x80007900</load_address>
         <run_address>0x80007900</run_address>
         <size>0x20</size>
         <input_file_ref idref="fl-39"/>
      </object_component>
      <object_component id="oc-15d">
         <name>.text:_outc</name>
         <load_address>0x80007920</load_address>
         <run_address>0x80007920</run_address>
         <size>0x20</size>
         <input_file_ref idref="fl-29"/>
      </object_component>
      <object_component id="oc-12e">
         <name>.text:_outc</name>
         <load_address>0x80007940</load_address>
         <run_address>0x80007940</run_address>
         <size>0x20</size>
         <input_file_ref idref="fl-32"/>
      </object_component>
      <object_component id="oc-157">
         <name>.text:_outs</name>
         <load_address>0x80007960</load_address>
         <run_address>0x80007960</run_address>
         <size>0x20</size>
         <input_file_ref idref="fl-29"/>
      </object_component>
      <object_component id="oc-134">
         <name>.text:_outs</name>
         <load_address>0x80007980</load_address>
         <run_address>0x80007980</run_address>
         <size>0x20</size>
         <input_file_ref idref="fl-32"/>
      </object_component>
      <object_component id="oc-97">
         <name>.text:abort</name>
         <load_address>0x800079a0</load_address>
         <run_address>0x800079a0</run_address>
         <size>0x20</size>
         <input_file_ref idref="fl-25"/>
      </object_component>
      <object_component id="oc-24">
         <name>.text:decompress:ZI:__TI_zero_init</name>
         <load_address>0x800079c0</load_address>
         <run_address>0x800079c0</run_address>
         <size>0x20</size>
         <input_file_ref idref="fl-23"/>
      </object_component>
      <object_component id="oc-18">
         <name>.text:decompress:none:__TI_decompress_none</name>
         <load_address>0x800079e0</load_address>
         <run_address>0x800079e0</run_address>
         <size>0x20</size>
         <input_file_ref idref="fl-21"/>
      </object_component>
      <object_component id="oc-1e">
         <name>.text:decompress:rle24:__TI_decompress_rle24</name>
         <load_address>0x80007a00</load_address>
         <run_address>0x80007a00</run_address>
         <size>0x20</size>
         <input_file_ref idref="fl-22"/>
      </object_component>
      <object_component id="oc-30">
         <name>.stack</name>
         <uninitialized>true</uninitialized>
         <run_address>0x80007a20</run_address>
         <size>0x8</size>
         <input_file_ref idref="fl-20"/>
      </object_component>
      <object_component id="oc-3e4">
         <name>.stack</name>
         <uninitialized>true</uninitialized>
         <run_address>0x80007a20</run_address>
         <size>0x0</size>
      </object_component>
      <object_component id="oc-399">
         <name>.cio</name>
         <uninitialized>true</uninitialized>
         <run_address>0x80009028</run_address>
         <size>0x120</size>
         <input_file_ref idref="fl-36"/>
      </object_component>
      <object_component id="oc-292">
         <name>.const:.string:_ctypes_</name>
         <load_address>0x80008d88</load_address>
         <run_address>0x80008d88</run_address>
         <size>0x101</size>
         <input_file_ref idref="fl-3f"/>
      </object_component>
      <object_component id="oc-e3">
         <name>.const:.string</name>
         <load_address>0x80008e8c</load_address>
         <run_address>0x80008e8c</run_address>
         <size>0x30</size>
         <input_file_ref idref="fl-2"/>
      </object_component>
      <object_component id="oc-251">
         <name>.const:.string</name>
         <load_address>0x80008ebc</load_address>
         <run_address>0x80008ebc</run_address>
         <size>0x24</size>
         <input_file_ref idref="fl-3a"/>
      </object_component>
      <object_component id="oc-2bb">
         <name>.switch:_pproc_fgea</name>
         <load_address>0x80009148</load_address>
         <run_address>0x80009148</run_address>
         <size>0x38</size>
         <input_file_ref idref="fl-3a"/>
      </object_component>
      <object_component id="oc-33">
         <name>.sysmem</name>
         <uninitialized>true</uninitialized>
         <run_address>0x80008220</run_address>
         <size>0x8</size>
         <input_file_ref idref="fl-30"/>
      </object_component>
      <object_component id="oc-3e5">
         <name>.sysmem</name>
         <uninitialized>true</uninitialized>
         <run_address>0x80008220</run_address>
         <size>0x0</size>
      </object_component>
      <object_component id="oc-350">
         <name>.common:parmbuf</name>
         <uninitialized>true</uninitialized>
         <run_address>0x80009020</run_address>
         <size>0x8</size>
      </object_component>
      <object_component id="oc-208">
         <name>.common:__TI_tmpnams</name>
         <uninitialized>true</uninitialized>
         <run_address>0x80008ee0</run_address>
         <size>0x140</size>
      </object_component>
      <object_component id="oc-3e3">
         <name>.cinit..fardata.load</name>
         <load_address>0x80009180</load_address>
         <run_address>0x80009180</run_address>
         <size>0xae</size>
      </object_component>
      <object_component id="oc-3e0">
         <name>__TI_handler_table</name>
         <load_address>0x80009230</load_address>
         <run_address>0x80009230</run_address>
         <size>0xc</size>
      </object_component>
      <object_component id="oc-3e2">
         <name>.cinit..far.load</name>
         <load_address>0x8000923c</load_address>
         <run_address>0x8000923c</run_address>
         <size>0x8</size>
      </object_component>
      <object_component id="oc-3e1">
         <name>__TI_cinit_table</name>
         <load_address>0x80009248</load_address>
         <run_address>0x80009248</run_address>
         <size>0x10</size>
      </object_component>
      <object_component id="oc-94">
         <name>.fardata</name>
         <load_address>0x80008d58</load_address>
         <run_address>0x80008d58</run_address>
         <size>0xc</size>
         <input_file_ref idref="fl-25"/>
      </object_component>
      <object_component id="oc-11c">
         <name>.fardata</name>
         <load_address>0x80008d84</load_address>
         <run_address>0x80008d84</run_address>
         <size>0x4</size>
         <input_file_ref idref="fl-28"/>
      </object_component>
      <object_component id="oc-26d">
         <name>.fardata:_device</name>
         <load_address>0x80008ca0</load_address>
         <run_address>0x80008ca0</run_address>
         <size>0x78</size>
         <input_file_ref idref="fl-2e"/>
      </object_component>
      <object_component id="oc-21d">
         <name>.fardata:_stream</name>
         <load_address>0x80008c00</load_address>
         <run_address>0x80008c00</run_address>
         <size>0xa0</size>
         <input_file_ref idref="fl-2e"/>
      </object_component>
      <object_component id="oc-219">
         <name>.fardata</name>
         <load_address>0x80008d64</load_address>
         <run_address>0x80008d64</run_address>
         <size>0x8</size>
         <input_file_ref idref="fl-2e"/>
      </object_component>
      <object_component id="oc-259">
         <name>.fardata</name>
         <load_address>0x80008d6c</load_address>
         <run_address>0x80008d6c</run_address>
         <size>0x8</size>
         <input_file_ref idref="fl-30"/>
      </object_component>
      <object_component id="oc-142">
         <name>.fardata:R$1</name>
         <load_address>0x80008d18</load_address>
         <run_address>0x80008d18</run_address>
         <size>0x40</size>
         <input_file_ref idref="fl-34"/>
      </object_component>
      <object_component id="oc-119">
         <name>.fardata:_lock</name>
         <load_address>0x80008d74</load_address>
         <run_address>0x80008d74</run_address>
         <size>0x4</size>
         <input_file_ref idref="fl-39"/>
      </object_component>
      <object_component id="oc-123">
         <name>.fardata:_unlock</name>
         <load_address>0x80008d78</load_address>
         <run_address>0x80008d78</run_address>
         <size>0x4</size>
         <input_file_ref idref="fl-39"/>
      </object_component>
      <object_component id="oc-11d">
         <name>.fardata:_ftable</name>
         <load_address>0x80008a20</load_address>
         <run_address>0x80008a20</run_address>
         <size>0x1e0</size>
         <input_file_ref idref="fl-40"/>
      </object_component>
      <object_component id="oc-120">
         <name>.fardata</name>
         <load_address>0x80008d7c</load_address>
         <run_address>0x80008d7c</run_address>
         <size>0x4</size>
         <input_file_ref idref="fl-40"/>
      </object_component>
      <object_component id="oc-3a2">
         <name>.fardata</name>
         <load_address>0x80008d80</load_address>
         <run_address>0x80008d80</run_address>
         <size>0x4</size>
         <input_file_ref idref="fl-50"/>
      </object_component>
      <object_component id="oc-e5">
         <name>.debug_info</name>
         <load_address>0x0</load_address>
         <run_address>0x0</run_address>
         <size>0x1a0</size>
         <input_file_ref idref="fl-2"/>
      </object_component>
      <object_component id="oc-8d">
         <name>.debug_info</name>
         <load_address>0x1a0</load_address>
         <run_address>0x1a0</run_address>
         <size>0x1d5</size>
         <input_file_ref idref="fl-2"/>
      </object_component>
      <object_component id="oc-16f">
         <name>.debug_info</name>
         <load_address>0x375</load_address>
         <run_address>0x375</run_address>
         <size>0xc8</size>
         <input_file_ref idref="fl-2"/>
      </object_component>
      <object_component id="oc-7c">
         <name>.debug_info</name>
         <load_address>0x43d</load_address>
         <run_address>0x43d</run_address>
         <size>0x88</size>
         <input_file_ref idref="fl-2"/>
      </object_component>
      <object_component id="oc-1d5">
         <name>.debug_info</name>
         <load_address>0x4c5</load_address>
         <run_address>0x4c5</run_address>
         <size>0x2c</size>
         <input_file_ref idref="fl-2"/>
      </object_component>
      <object_component id="oc-70">
         <name>.debug_info</name>
         <load_address>0x4f1</load_address>
         <run_address>0x4f1</run_address>
         <size>0x157</size>
         <input_file_ref idref="fl-20"/>
      </object_component>
      <object_component id="oc-31">
         <name>.debug_info</name>
         <load_address>0x648</load_address>
         <run_address>0x648</run_address>
         <size>0x108</size>
         <input_file_ref idref="fl-20"/>
      </object_component>
      <object_component id="oc-2d">
         <name>.debug_info</name>
         <load_address>0x750</load_address>
         <run_address>0x750</run_address>
         <size>0x16d</size>
         <input_file_ref idref="fl-20"/>
      </object_component>
      <object_component id="oc-41">
         <name>.debug_info</name>
         <load_address>0x8bd</load_address>
         <run_address>0x8bd</run_address>
         <size>0x14e</size>
         <input_file_ref idref="fl-21"/>
      </object_component>
      <object_component id="oc-1b">
         <name>.debug_info</name>
         <load_address>0xa0b</load_address>
         <run_address>0xa0b</run_address>
         <size>0x1df</size>
         <input_file_ref idref="fl-21"/>
      </object_component>
      <object_component id="oc-3c">
         <name>.debug_info</name>
         <load_address>0xbea</load_address>
         <run_address>0xbea</run_address>
         <size>0x46</size>
         <input_file_ref idref="fl-21"/>
      </object_component>
      <object_component id="oc-75">
         <name>.debug_info</name>
         <load_address>0xc30</load_address>
         <run_address>0xc30</run_address>
         <size>0x2c</size>
         <input_file_ref idref="fl-21"/>
      </object_component>
      <object_component id="oc-49">
         <name>.debug_info</name>
         <load_address>0xc5c</load_address>
         <run_address>0xc5c</run_address>
         <size>0x147</size>
         <input_file_ref idref="fl-22"/>
      </object_component>
      <object_component id="oc-45">
         <name>.debug_info</name>
         <load_address>0xda3</load_address>
         <run_address>0xda3</run_address>
         <size>0x267</size>
         <input_file_ref idref="fl-22"/>
      </object_component>
      <object_component id="oc-1f">
         <name>.debug_info</name>
         <load_address>0x100a</load_address>
         <run_address>0x100a</run_address>
         <size>0x1c4</size>
         <input_file_ref idref="fl-22"/>
      </object_component>
      <object_component id="oc-4a">
         <name>.debug_info</name>
         <load_address>0x11ce</load_address>
         <run_address>0x11ce</run_address>
         <size>0x39</size>
         <input_file_ref idref="fl-22"/>
      </object_component>
      <object_component id="oc-84">
         <name>.debug_info</name>
         <load_address>0x1207</load_address>
         <run_address>0x1207</run_address>
         <size>0x2c</size>
         <input_file_ref idref="fl-22"/>
      </object_component>
      <object_component id="oc-8b">
         <name>.debug_info</name>
         <load_address>0x1233</load_address>
         <run_address>0x1233</run_address>
         <size>0x138</size>
         <input_file_ref idref="fl-23"/>
      </object_component>
      <object_component id="oc-26">
         <name>.debug_info</name>
         <load_address>0x136b</load_address>
         <run_address>0x136b</run_address>
         <size>0x195</size>
         <input_file_ref idref="fl-23"/>
      </object_component>
      <object_component id="oc-56">
         <name>.debug_info</name>
         <load_address>0x1500</load_address>
         <run_address>0x1500</run_address>
         <size>0x46</size>
         <input_file_ref idref="fl-23"/>
      </object_component>
      <object_component id="oc-c1">
         <name>.debug_info</name>
         <load_address>0x1546</load_address>
         <run_address>0x1546</run_address>
         <size>0x258</size>
         <input_file_ref idref="fl-24"/>
      </object_component>
      <object_component id="oc-10f">
         <name>.debug_info</name>
         <load_address>0x179e</load_address>
         <run_address>0x179e</run_address>
         <size>0x7f</size>
         <input_file_ref idref="fl-24"/>
      </object_component>
      <object_component id="oc-114">
         <name>.debug_info</name>
         <load_address>0x181d</load_address>
         <run_address>0x181d</run_address>
         <size>0x60</size>
         <input_file_ref idref="fl-24"/>
      </object_component>
      <object_component id="oc-9e">
         <name>.debug_info</name>
         <load_address>0x187d</load_address>
         <run_address>0x187d</run_address>
         <size>0x170</size>
         <input_file_ref idref="fl-25"/>
      </object_component>
      <object_component id="oc-95">
         <name>.debug_info</name>
         <load_address>0x19ed</load_address>
         <run_address>0x19ed</run_address>
         <size>0x198</size>
         <input_file_ref idref="fl-25"/>
      </object_component>
      <object_component id="oc-99">
         <name>.debug_info</name>
         <load_address>0x1b85</load_address>
         <run_address>0x1b85</run_address>
         <size>0x12a</size>
         <input_file_ref idref="fl-25"/>
      </object_component>
      <object_component id="oc-62">
         <name>.debug_info</name>
         <load_address>0x1caf</load_address>
         <run_address>0x1caf</run_address>
         <size>0x18a</size>
         <input_file_ref idref="fl-25"/>
      </object_component>
      <object_component id="oc-16c">
         <name>.debug_info</name>
         <load_address>0x1e39</load_address>
         <run_address>0x1e39</run_address>
         <size>0x214</size>
         <input_file_ref idref="fl-26"/>
      </object_component>
      <object_component id="oc-166">
         <name>.debug_info</name>
         <load_address>0x204d</load_address>
         <run_address>0x204d</run_address>
         <size>0x207</size>
         <input_file_ref idref="fl-26"/>
      </object_component>
      <object_component id="oc-df">
         <name>.debug_info</name>
         <load_address>0x2254</load_address>
         <run_address>0x2254</run_address>
         <size>0x1a5</size>
         <input_file_ref idref="fl-26"/>
      </object_component>
      <object_component id="oc-1b4">
         <name>.debug_info</name>
         <load_address>0x23f9</load_address>
         <run_address>0x23f9</run_address>
         <size>0xae</size>
         <input_file_ref idref="fl-26"/>
      </object_component>
      <object_component id="oc-258">
         <name>.debug_info</name>
         <load_address>0x24a7</load_address>
         <run_address>0x24a7</run_address>
         <size>0x1b6</size>
         <input_file_ref idref="fl-27"/>
      </object_component>
      <object_component id="oc-1f2">
         <name>.debug_info</name>
         <load_address>0x265d</load_address>
         <run_address>0x265d</run_address>
         <size>0x18c</size>
         <input_file_ref idref="fl-27"/>
      </object_component>
      <object_component id="oc-12d">
         <name>.debug_info</name>
         <load_address>0x27e9</load_address>
         <run_address>0x27e9</run_address>
         <size>0x250</size>
         <input_file_ref idref="fl-28"/>
      </object_component>
      <object_component id="oc-127">
         <name>.debug_info</name>
         <load_address>0x2a39</load_address>
         <run_address>0x2a39</run_address>
         <size>0x1fb</size>
         <input_file_ref idref="fl-28"/>
      </object_component>
      <object_component id="oc-1a9">
         <name>.debug_info</name>
         <load_address>0x2c34</load_address>
         <run_address>0x2c34</run_address>
         <size>0x17e</size>
         <input_file_ref idref="fl-28"/>
      </object_component>
      <object_component id="oc-c8">
         <name>.debug_info</name>
         <load_address>0x2db2</load_address>
         <run_address>0x2db2</run_address>
         <size>0x1e5</size>
         <input_file_ref idref="fl-28"/>
      </object_component>
      <object_component id="oc-b1">
         <name>.debug_info</name>
         <load_address>0x2f97</load_address>
         <run_address>0x2f97</run_address>
         <size>0x2c</size>
         <input_file_ref idref="fl-28"/>
      </object_component>
      <object_component id="oc-164">
         <name>.debug_info</name>
         <load_address>0x2fc3</load_address>
         <run_address>0x2fc3</run_address>
         <size>0x21b</size>
         <input_file_ref idref="fl-29"/>
      </object_component>
      <object_component id="oc-15f">
         <name>.debug_info</name>
         <load_address>0x31de</load_address>
         <run_address>0x31de</run_address>
         <size>0x162</size>
         <input_file_ref idref="fl-29"/>
      </object_component>
      <object_component id="oc-159">
         <name>.debug_info</name>
         <load_address>0x3340</load_address>
         <run_address>0x3340</run_address>
         <size>0x171</size>
         <input_file_ref idref="fl-29"/>
      </object_component>
      <object_component id="oc-db">
         <name>.debug_info</name>
         <load_address>0x34b1</load_address>
         <run_address>0x34b1</run_address>
         <size>0x1ce</size>
         <input_file_ref idref="fl-29"/>
      </object_component>
      <object_component id="oc-235">
         <name>.debug_info</name>
         <load_address>0x367f</load_address>
         <run_address>0x367f</run_address>
         <size>0x1f2</size>
         <input_file_ref idref="fl-2a"/>
      </object_component>
      <object_component id="oc-1bd">
         <name>.debug_info</name>
         <load_address>0x3871</load_address>
         <run_address>0x3871</run_address>
         <size>0x219</size>
         <input_file_ref idref="fl-2a"/>
      </object_component>
      <object_component id="oc-237">
         <name>.debug_info</name>
         <load_address>0x3a8a</load_address>
         <run_address>0x3a8a</run_address>
         <size>0x240</size>
         <input_file_ref idref="fl-2b"/>
      </object_component>
      <object_component id="oc-1c1">
         <name>.debug_info</name>
         <load_address>0x3cca</load_address>
         <run_address>0x3cca</run_address>
         <size>0x329</size>
         <input_file_ref idref="fl-2b"/>
      </object_component>
      <object_component id="oc-109">
         <name>.debug_info</name>
         <load_address>0x3ff3</load_address>
         <run_address>0x3ff3</run_address>
         <size>0x17a</size>
         <input_file_ref idref="fl-2c"/>
      </object_component>
      <object_component id="oc-20e">
         <name>.debug_info</name>
         <load_address>0x416d</load_address>
         <run_address>0x416d</run_address>
         <size>0x2c</size>
         <input_file_ref idref="fl-2c"/>
      </object_component>
      <object_component id="oc-18f">
         <name>.debug_info</name>
         <load_address>0x4199</load_address>
         <run_address>0x4199</run_address>
         <size>0x2c</size>
         <input_file_ref idref="fl-2c"/>
      </object_component>
      <object_component id="oc-18d">
         <name>.debug_info</name>
         <load_address>0x41c5</load_address>
         <run_address>0x41c5</run_address>
         <size>0x11f</size>
         <input_file_ref idref="fl-2d"/>
      </object_component>
      <object_component id="oc-104">
         <name>.debug_info</name>
         <load_address>0x42e4</load_address>
         <run_address>0x42e4</run_address>
         <size>0x1bc</size>
         <input_file_ref idref="fl-2d"/>
      </object_component>
      <object_component id="oc-38a">
         <name>.debug_info</name>
         <load_address>0x44a0</load_address>
         <run_address>0x44a0</run_address>
         <size>0x19e</size>
         <input_file_ref idref="fl-2d"/>
      </object_component>
      <object_component id="oc-188">
         <name>.debug_info</name>
         <load_address>0x463e</load_address>
         <run_address>0x463e</run_address>
         <size>0x39</size>
         <input_file_ref idref="fl-2d"/>
      </object_component>
      <object_component id="oc-227">
         <name>.debug_info</name>
         <load_address>0x4677</load_address>
         <run_address>0x4677</run_address>
         <size>0x3ba</size>
         <input_file_ref idref="fl-2e"/>
      </object_component>
      <object_component id="oc-26e">
         <name>.debug_info</name>
         <load_address>0x4a31</load_address>
         <run_address>0x4a31</run_address>
         <size>0x10b</size>
         <input_file_ref idref="fl-2e"/>
      </object_component>
      <object_component id="oc-21e">
         <name>.debug_info</name>
         <load_address>0x4b3c</load_address>
         <run_address>0x4b3c</run_address>
         <size>0x10b</size>
         <input_file_ref idref="fl-2e"/>
      </object_component>
      <object_component id="oc-231">
         <name>.debug_info</name>
         <load_address>0x4c47</load_address>
         <run_address>0x4c47</run_address>
         <size>0x1ac</size>
         <input_file_ref idref="fl-2e"/>
      </object_component>
      <object_component id="oc-223">
         <name>.debug_info</name>
         <load_address>0x4df3</load_address>
         <run_address>0x4df3</run_address>
         <size>0x255</size>
         <input_file_ref idref="fl-2e"/>
      </object_component>
      <object_component id="oc-205">
         <name>.debug_info</name>
         <load_address>0x5048</load_address>
         <run_address>0x5048</run_address>
         <size>0x1c1</size>
         <input_file_ref idref="fl-2e"/>
      </object_component>
      <object_component id="oc-1ae">
         <name>.debug_info</name>
         <load_address>0x5209</load_address>
         <run_address>0x5209</run_address>
         <size>0x27b</size>
         <input_file_ref idref="fl-2e"/>
      </object_component>
      <object_component id="oc-300">
         <name>.debug_info</name>
         <load_address>0x5484</load_address>
         <run_address>0x5484</run_address>
         <size>0x1b8</size>
         <input_file_ref idref="fl-2e"/>
      </object_component>
      <object_component id="oc-1ff">
         <name>.debug_info</name>
         <load_address>0x563c</load_address>
         <run_address>0x563c</run_address>
         <size>0x1a3</size>
         <input_file_ref idref="fl-2e"/>
      </object_component>
      <object_component id="oc-21a">
         <name>.debug_info</name>
         <load_address>0x57df</load_address>
         <run_address>0x57df</run_address>
         <size>0x389</size>
         <input_file_ref idref="fl-2e"/>
      </object_component>
      <object_component id="oc-275">
         <name>.debug_info</name>
         <load_address>0x5b68</load_address>
         <run_address>0x5b68</run_address>
         <size>0x120</size>
         <input_file_ref idref="fl-2e"/>
      </object_component>
      <object_component id="oc-27a">
         <name>.debug_info</name>
         <load_address>0x5c88</load_address>
         <run_address>0x5c88</run_address>
         <size>0x2c</size>
         <input_file_ref idref="fl-2e"/>
      </object_component>
      <object_component id="oc-1da">
         <name>.debug_info</name>
         <load_address>0x5cb4</load_address>
         <run_address>0x5cb4</run_address>
         <size>0x2c</size>
         <input_file_ref idref="fl-2e"/>
      </object_component>
      <object_component id="oc-37">
         <name>.debug_info</name>
         <load_address>0x5ce0</load_address>
         <run_address>0x5ce0</run_address>
         <size>0x134</size>
         <input_file_ref idref="fl-2f"/>
      </object_component>
      <object_component id="oc-73">
         <name>.debug_info</name>
         <load_address>0x5e14</load_address>
         <run_address>0x5e14</run_address>
         <size>0x1c8</size>
         <input_file_ref idref="fl-30"/>
      </object_component>
      <object_component id="oc-34">
         <name>.debug_info</name>
         <load_address>0x5fdc</load_address>
         <run_address>0x5fdc</run_address>
         <size>0x114</size>
         <input_file_ref idref="fl-30"/>
      </object_component>
      <object_component id="oc-25a">
         <name>.debug_info</name>
         <load_address>0x60f0</load_address>
         <run_address>0x60f0</run_address>
         <size>0x137</size>
         <input_file_ref idref="fl-30"/>
      </object_component>
      <object_component id="oc-36c">
         <name>.debug_info</name>
         <load_address>0x6227</load_address>
         <run_address>0x6227</run_address>
         <size>0x14f</size>
         <input_file_ref idref="fl-30"/>
      </object_component>
      <object_component id="oc-265">
         <name>.debug_info</name>
         <load_address>0x6376</load_address>
         <run_address>0x6376</run_address>
         <size>0x185</size>
         <input_file_ref idref="fl-30"/>
      </object_component>
      <object_component id="oc-25e">
         <name>.debug_info</name>
         <load_address>0x64fb</load_address>
         <run_address>0x64fb</run_address>
         <size>0x184</size>
         <input_file_ref idref="fl-30"/>
      </object_component>
      <object_component id="oc-307">
         <name>.debug_info</name>
         <load_address>0x667f</load_address>
         <run_address>0x667f</run_address>
         <size>0x1fc</size>
         <input_file_ref idref="fl-30"/>
      </object_component>
      <object_component id="oc-1f9">
         <name>.debug_info</name>
         <load_address>0x687b</load_address>
         <run_address>0x687b</run_address>
         <size>0x29d</size>
         <input_file_ref idref="fl-30"/>
      </object_component>
      <object_component id="oc-b6">
         <name>.debug_info</name>
         <load_address>0x6b18</load_address>
         <run_address>0x6b18</run_address>
         <size>0x62</size>
         <input_file_ref idref="fl-30"/>
      </object_component>
      <object_component id="oc-8a">
         <name>.debug_info</name>
         <load_address>0x6b7a</load_address>
         <run_address>0x6b7a</run_address>
         <size>0x221</size>
         <input_file_ref idref="fl-31"/>
      </object_component>
      <object_component id="oc-50">
         <name>.debug_info</name>
         <load_address>0x6d9b</load_address>
         <run_address>0x6d9b</run_address>
         <size>0x237</size>
         <input_file_ref idref="fl-31"/>
      </object_component>
      <object_component id="oc-141">
         <name>.debug_info</name>
         <load_address>0x6fd2</load_address>
         <run_address>0x6fd2</run_address>
         <size>0x23e</size>
         <input_file_ref idref="fl-32"/>
      </object_component>
      <object_component id="oc-12f">
         <name>.debug_info</name>
         <load_address>0x7210</load_address>
         <run_address>0x7210</run_address>
         <size>0x15f</size>
         <input_file_ref idref="fl-32"/>
      </object_component>
      <object_component id="oc-136">
         <name>.debug_info</name>
         <load_address>0x736f</load_address>
         <run_address>0x736f</run_address>
         <size>0x16e</size>
         <input_file_ref idref="fl-32"/>
      </object_component>
      <object_component id="oc-cd">
         <name>.debug_info</name>
         <load_address>0x74dd</load_address>
         <run_address>0x74dd</run_address>
         <size>0x1ab</size>
         <input_file_ref idref="fl-32"/>
      </object_component>
      <object_component id="oc-156">
         <name>.debug_info</name>
         <load_address>0x7688</load_address>
         <run_address>0x7688</run_address>
         <size>0x18c</size>
         <input_file_ref idref="fl-34"/>
      </object_component>
      <object_component id="oc-d3">
         <name>.debug_info</name>
         <load_address>0x7814</load_address>
         <run_address>0x7814</run_address>
         <size>0x236</size>
         <input_file_ref idref="fl-34"/>
      </object_component>
      <object_component id="oc-351">
         <name>.debug_info</name>
         <load_address>0x7a4a</load_address>
         <run_address>0x7a4a</run_address>
         <size>0x204</size>
         <input_file_ref idref="fl-35"/>
      </object_component>
      <object_component id="oc-2e7">
         <name>.debug_info</name>
         <load_address>0x7c4e</load_address>
         <run_address>0x7c4e</run_address>
         <size>0x1f0</size>
         <input_file_ref idref="fl-35"/>
      </object_component>
      <object_component id="oc-2f3">
         <name>.debug_info</name>
         <load_address>0x7e3e</load_address>
         <run_address>0x7e3e</run_address>
         <size>0x1cc</size>
         <input_file_ref idref="fl-35"/>
      </object_component>
      <object_component id="oc-2f9">
         <name>.debug_info</name>
         <load_address>0x800a</load_address>
         <run_address>0x800a</run_address>
         <size>0x259</size>
         <input_file_ref idref="fl-35"/>
      </object_component>
      <object_component id="oc-2e1">
         <name>.debug_info</name>
         <load_address>0x8263</load_address>
         <run_address>0x8263</run_address>
         <size>0x1fd</size>
         <input_file_ref idref="fl-35"/>
      </object_component>
      <object_component id="oc-2d5">
         <name>.debug_info</name>
         <load_address>0x8460</load_address>
         <run_address>0x8460</run_address>
         <size>0x217</size>
         <input_file_ref idref="fl-35"/>
      </object_component>
      <object_component id="oc-2ed">
         <name>.debug_info</name>
         <load_address>0x8677</load_address>
         <run_address>0x8677</run_address>
         <size>0x1fa</size>
         <input_file_ref idref="fl-35"/>
      </object_component>
      <object_component id="oc-2db">
         <name>.debug_info</name>
         <load_address>0x8871</load_address>
         <run_address>0x8871</run_address>
         <size>0x1bb</size>
         <input_file_ref idref="fl-35"/>
      </object_component>
      <object_component id="oc-39d">
         <name>.debug_info</name>
         <load_address>0x8a2c</load_address>
         <run_address>0x8a2c</run_address>
         <size>0x129</size>
         <input_file_ref idref="fl-36"/>
      </object_component>
      <object_component id="oc-39a">
         <name>.debug_info</name>
         <load_address>0x8b55</load_address>
         <run_address>0x8b55</run_address>
         <size>0x110</size>
         <input_file_ref idref="fl-36"/>
      </object_component>
      <object_component id="oc-354">
         <name>.debug_info</name>
         <load_address>0x8c65</load_address>
         <run_address>0x8c65</run_address>
         <size>0x1e7</size>
         <input_file_ref idref="fl-36"/>
      </object_component>
      <object_component id="oc-35a">
         <name>.debug_info</name>
         <load_address>0x8e4c</load_address>
         <run_address>0x8e4c</run_address>
         <size>0x1a2</size>
         <input_file_ref idref="fl-36"/>
      </object_component>
      <object_component id="oc-147">
         <name>.debug_info</name>
         <load_address>0x8fee</load_address>
         <run_address>0x8fee</run_address>
         <size>0x172</size>
         <input_file_ref idref="fl-37"/>
      </object_component>
      <object_component id="oc-28c">
         <name>.debug_info</name>
         <load_address>0x9160</load_address>
         <run_address>0x9160</run_address>
         <size>0x163</size>
         <input_file_ref idref="fl-38"/>
      </object_component>
      <object_component id="oc-22b">
         <name>.debug_info</name>
         <load_address>0x92c3</load_address>
         <run_address>0x92c3</run_address>
         <size>0x19e</size>
         <input_file_ref idref="fl-38"/>
      </object_component>
      <object_component id="oc-30d">
         <name>.debug_info</name>
         <load_address>0x9461</load_address>
         <run_address>0x9461</run_address>
         <size>0xbb</size>
         <input_file_ref idref="fl-38"/>
      </object_component>
      <object_component id="oc-19c">
         <name>.debug_info</name>
         <load_address>0x951c</load_address>
         <run_address>0x951c</run_address>
         <size>0xf9</size>
         <input_file_ref idref="fl-39"/>
      </object_component>
      <object_component id="oc-11a">
         <name>.debug_info</name>
         <load_address>0x9615</load_address>
         <run_address>0x9615</run_address>
         <size>0x107</size>
         <input_file_ref idref="fl-39"/>
      </object_component>
      <object_component id="oc-124">
         <name>.debug_info</name>
         <load_address>0x971c</load_address>
         <run_address>0x971c</run_address>
         <size>0x10b</size>
         <input_file_ref idref="fl-39"/>
      </object_component>
      <object_component id="oc-196">
         <name>.debug_info</name>
         <load_address>0x9827</load_address>
         <run_address>0x9827</run_address>
         <size>0x136</size>
         <input_file_ref idref="fl-39"/>
      </object_component>
      <object_component id="oc-1d4">
         <name>.debug_info</name>
         <load_address>0x995d</load_address>
         <run_address>0x995d</run_address>
         <size>0x2dc</size>
         <input_file_ref idref="fl-3a"/>
      </object_component>
      <object_component id="oc-1c8">
         <name>.debug_info</name>
         <load_address>0x9c39</load_address>
         <run_address>0x9c39</run_address>
         <size>0x225</size>
         <input_file_ref idref="fl-3a"/>
      </object_component>
      <object_component id="oc-2be">
         <name>.debug_info</name>
         <load_address>0x9e5e</load_address>
         <run_address>0x9e5e</run_address>
         <size>0x253</size>
         <input_file_ref idref="fl-3a"/>
      </object_component>
      <object_component id="oc-246">
         <name>.debug_info</name>
         <load_address>0xa0b1</load_address>
         <run_address>0xa0b1</run_address>
         <size>0x257</size>
         <input_file_ref idref="fl-3a"/>
      </object_component>
      <object_component id="oc-298">
         <name>.debug_info</name>
         <load_address>0xa308</load_address>
         <run_address>0xa308</run_address>
         <size>0x25a</size>
         <input_file_ref idref="fl-3a"/>
      </object_component>
      <object_component id="oc-2a4">
         <name>.debug_info</name>
         <load_address>0xa562</load_address>
         <run_address>0xa562</run_address>
         <size>0x38f</size>
         <input_file_ref idref="fl-3a"/>
      </object_component>
      <object_component id="oc-323">
         <name>.debug_info</name>
         <load_address>0xa8f1</load_address>
         <run_address>0xa8f1</run_address>
         <size>0x23d</size>
         <input_file_ref idref="fl-3a"/>
      </object_component>
      <object_component id="oc-2aa">
         <name>.debug_info</name>
         <load_address>0xab2e</load_address>
         <run_address>0xab2e</run_address>
         <size>0x320</size>
         <input_file_ref idref="fl-3a"/>
      </object_component>
      <object_component id="oc-2b0">
         <name>.debug_info</name>
         <load_address>0xae4e</load_address>
         <run_address>0xae4e</run_address>
         <size>0x3ae</size>
         <input_file_ref idref="fl-3a"/>
      </object_component>
      <object_component id="oc-331">
         <name>.debug_info</name>
         <load_address>0xb1fc</load_address>
         <run_address>0xb1fc</run_address>
         <size>0x38d</size>
         <input_file_ref idref="fl-3a"/>
      </object_component>
      <object_component id="oc-2b6">
         <name>.debug_info</name>
         <load_address>0xb589</load_address>
         <run_address>0xb589</run_address>
         <size>0x364</size>
         <input_file_ref idref="fl-3a"/>
      </object_component>
      <object_component id="oc-241">
         <name>.debug_info</name>
         <load_address>0xb8ed</load_address>
         <run_address>0xb8ed</run_address>
         <size>0x2a5</size>
         <input_file_ref idref="fl-3a"/>
      </object_component>
      <object_component id="oc-1cf">
         <name>.debug_info</name>
         <load_address>0xbb92</load_address>
         <run_address>0xbb92</run_address>
         <size>0x32a</size>
         <input_file_ref idref="fl-3a"/>
      </object_component>
      <object_component id="oc-13c">
         <name>.debug_info</name>
         <load_address>0xbebc</load_address>
         <run_address>0xbebc</run_address>
         <size>0x363</size>
         <input_file_ref idref="fl-3a"/>
      </object_component>
      <object_component id="oc-1df">
         <name>.debug_info</name>
         <load_address>0xc21f</load_address>
         <run_address>0xc21f</run_address>
         <size>0x86</size>
         <input_file_ref idref="fl-3a"/>
      </object_component>
      <object_component id="oc-349">
         <name>.debug_info</name>
         <load_address>0xc2a5</load_address>
         <run_address>0xc2a5</run_address>
         <size>0x46</size>
         <input_file_ref idref="fl-3a"/>
      </object_component>
      <object_component id="oc-2c4">
         <name>.debug_info</name>
         <load_address>0xc2eb</load_address>
         <run_address>0xc2eb</run_address>
         <size>0x39</size>
         <input_file_ref idref="fl-3a"/>
      </object_component>
      <object_component id="oc-93">
         <name>.debug_info</name>
         <load_address>0xc324</load_address>
         <run_address>0xc324</run_address>
         <size>0x179</size>
         <input_file_ref idref="fl-3b"/>
      </object_component>
      <object_component id="oc-5c">
         <name>.debug_info</name>
         <load_address>0xc49d</load_address>
         <run_address>0xc49d</run_address>
         <size>0x17a</size>
         <input_file_ref idref="fl-3b"/>
      </object_component>
      <object_component id="oc-e8">
         <name>.debug_info</name>
         <load_address>0xc617</load_address>
         <run_address>0xc617</run_address>
         <size>0x5e</size>
         <input_file_ref idref="fl-3b"/>
      </object_component>
      <object_component id="oc-296">
         <name>.debug_info</name>
         <load_address>0xc675</load_address>
         <run_address>0xc675</run_address>
         <size>0x127</size>
         <input_file_ref idref="fl-3c"/>
      </object_component>
      <object_component id="oc-239">
         <name>.debug_info</name>
         <load_address>0xc79c</load_address>
         <run_address>0xc79c</run_address>
         <size>0x185</size>
         <input_file_ref idref="fl-3c"/>
      </object_component>
      <object_component id="oc-ac">
         <name>.debug_info</name>
         <load_address>0xc921</load_address>
         <run_address>0xc921</run_address>
         <size>0x31f</size>
         <input_file_ref idref="fl-3d"/>
      </object_component>
      <object_component id="oc-68">
         <name>.debug_info</name>
         <load_address>0xcc40</load_address>
         <run_address>0xcc40</run_address>
         <size>0x1b9</size>
         <input_file_ref idref="fl-3d"/>
      </object_component>
      <object_component id="oc-f8">
         <name>.debug_info</name>
         <load_address>0xcdf9</load_address>
         <run_address>0xcdf9</run_address>
         <size>0x39</size>
         <input_file_ref idref="fl-3d"/>
      </object_component>
      <object_component id="oc-fd">
         <name>.debug_info</name>
         <load_address>0xce32</load_address>
         <run_address>0xce32</run_address>
         <size>0xcd</size>
         <input_file_ref idref="fl-3d"/>
      </object_component>
      <object_component id="oc-f3">
         <name>.debug_info</name>
         <load_address>0xceff</load_address>
         <run_address>0xceff</run_address>
         <size>0x1f3</size>
         <input_file_ref idref="fl-3e"/>
      </object_component>
      <object_component id="oc-a1">
         <name>.debug_info</name>
         <load_address>0xd0f2</load_address>
         <run_address>0xd0f2</run_address>
         <size>0x1af</size>
         <input_file_ref idref="fl-3e"/>
      </object_component>
      <object_component id="oc-176">
         <name>.debug_info</name>
         <load_address>0xd2a1</load_address>
         <run_address>0xd2a1</run_address>
         <size>0x2c</size>
         <input_file_ref idref="fl-3e"/>
      </object_component>
      <object_component id="oc-316">
         <name>.debug_info</name>
         <load_address>0xd2cd</load_address>
         <run_address>0xd2cd</run_address>
         <size>0x101</size>
         <input_file_ref idref="fl-3f"/>
      </object_component>
      <object_component id="oc-293">
         <name>.debug_info</name>
         <load_address>0xd3ce</load_address>
         <run_address>0xd3ce</run_address>
         <size>0x10d</size>
         <input_file_ref idref="fl-3f"/>
      </object_component>
      <object_component id="oc-19f">
         <name>.debug_info</name>
         <load_address>0xd4db</load_address>
         <run_address>0xd4db</run_address>
         <size>0x148</size>
         <input_file_ref idref="fl-40"/>
      </object_component>
      <object_component id="oc-11e">
         <name>.debug_info</name>
         <load_address>0xd623</load_address>
         <run_address>0xd623</run_address>
         <size>0x10a</size>
         <input_file_ref idref="fl-40"/>
      </object_component>
      <object_component id="oc-121">
         <name>.debug_info</name>
         <load_address>0xd72d</load_address>
         <run_address>0xd72d</run_address>
         <size>0x112</size>
         <input_file_ref idref="fl-40"/>
      </object_component>
      <object_component id="oc-338">
         <name>.debug_info</name>
         <load_address>0xd83f</load_address>
         <run_address>0xd83f</run_address>
         <size>0x127</size>
         <input_file_ref idref="fl-41"/>
      </object_component>
      <object_component id="oc-37e">
         <name>.debug_info</name>
         <load_address>0xd966</load_address>
         <run_address>0xd966</run_address>
         <size>0x18b</size>
         <input_file_ref idref="fl-42"/>
      </object_component>
      <object_component id="oc-32b">
         <name>.debug_info</name>
         <load_address>0xdaf1</load_address>
         <run_address>0xdaf1</run_address>
         <size>0x1f9</size>
         <input_file_ref idref="fl-42"/>
      </object_component>
      <object_component id="oc-304">
         <name>.debug_info</name>
         <load_address>0xdcea</load_address>
         <run_address>0xdcea</run_address>
         <size>0x192</size>
         <input_file_ref idref="fl-43"/>
      </object_component>
      <object_component id="oc-281">
         <name>.debug_info</name>
         <load_address>0xde7c</load_address>
         <run_address>0xde7c</run_address>
         <size>0x214</size>
         <input_file_ref idref="fl-43"/>
      </object_component>
      <object_component id="oc-396">
         <name>.debug_info</name>
         <load_address>0xe090</load_address>
         <run_address>0xe090</run_address>
         <size>0x13d</size>
         <input_file_ref idref="fl-44"/>
      </object_component>
      <object_component id="oc-345">
         <name>.debug_info</name>
         <load_address>0xe1cd</load_address>
         <run_address>0xe1cd</run_address>
         <size>0x1ec</size>
         <input_file_ref idref="fl-44"/>
      </object_component>
      <object_component id="oc-394">
         <name>.debug_info</name>
         <load_address>0xe3b9</load_address>
         <run_address>0xe3b9</run_address>
         <size>0x13d</size>
         <input_file_ref idref="fl-45"/>
      </object_component>
      <object_component id="oc-38e">
         <name>.debug_info</name>
         <load_address>0xe4f6</load_address>
         <run_address>0xe4f6</run_address>
         <size>0x196</size>
         <input_file_ref idref="fl-45"/>
      </object_component>
[...]
               <size>0x7a20</size>
               <logical_group_ref idref="lg-2"/>
            </allocated_space>
            <allocated_space>
               <start_address>0x80007a20</start_address>
               <size>0x800</size>
               <logical_group_ref idref="lg-3"/>
            </allocated_space>
            <allocated_space>
               <start_address>0x80008220</start_address>
               <size>0x800</size>
               <logical_group_ref idref="lg-9"/>
            </allocated_space>
            <allocated_space>
               <start_address>0x80008a20</start_address>
               <size>0x368</size>
               <logical_group_ref idref="lg-13"/>
            </allocated_space>
            <allocated_space>
               <start_address>0x80008d88</start_address>
               <size>0x158</size>
               <logical_group_ref idref="lg-6"/>
            </allocated_space>
            <allocated_space>
               <start_address>0x80008ee0</start_address>
               <size>0x148</size>
               <logical_group_ref idref="lg-a"/>
            </allocated_space>
            <allocated_space>
               <start_address>0x80009028</start_address>
               <size>0x120</size>
               <logical_group_ref idref="lg-5"/>
            </allocated_space>
            <allocated_space>
               <start_address>0x80009148</start_address>
               <size>0x38</size>
               <logical_group_ref idref="lg-8"/>
            </allocated_space>
            <allocated_space>
               <start_address>0x80009180</start_address>
               <size>0xd8</size>
               <logical_group_ref idref="lg-f"/>
            </allocated_space>
            <available_space>
               <start_address>0x80009258</start_address>
               <size>0x16da8</size>
            </available_space>
         </usage_details>
      </memory_area>
      <memory_area display="yes" color="green">
         <name>DDR2</name>
         <page_id>0x0</page_id>
         <origin>0xc0000000</origin>
         <length>0x20000000</length>
         <used_space>0x0</used_space>
         <unused_space>0x20000000</unused_space>
         <attributes>RWIX</attributes>
         <usage_details>
         </usage_details>
      </memory_area>
   </placement_map>
   <cptbl_list>
      <cptbl>
         <name>__TI_cinit_table</name>
         <cprec>
            <name>.fardata</name>
            <load_address>0x80009180</load_address>
            <load_size>0xae</load_size>
            <run_address>0x80008a20</run_address>
            <run_size>0x368</run_size>
            <compression>rle</compression>
         </cprec>
         <cprec>
            <name>.far</name>
            <load_address>0x8000923c</load_address>
            <load_size>0x8</load_size>
            <run_address>0x80008ee0</run_address>
            <run_size>0x148</run_size>
            <compression>zero_init</compression>
         </cprec>
      </cptbl>
   </cptbl_list>
   <handler_table>
      <handler_table_name>__TI_handler_table</handler_table_name>
      <handler>
         <index>0x0</index>
         <name>__TI_zero_init</name>
      </handler>
      <handler>
         <index>0x1</index>
         <name>__TI_decompress_rle24</name>
      </handler>
      <handler>
         <index>0x2</index>
         <name>__TI_decompress_none</name>
      </handler>
   </handler_table>
   <symbol_table>
      <symbol id="sm-1">
         <name>__TI_CINIT_Base</name>
         <value>0x80009248</value>
      </symbol>
      <symbol id="sm-2">
         <name>__TI_CINIT_Limit</name>
         <value>0x80009258</value>
      </symbol>
      <symbol id="sm-3">
         <name>__TI_Handler_Table_Base</name>
         <value>0x80009230</value>
      </symbol>
      <symbol id="sm-4">
         <name>__TI_Handler_Table_Limit</name>
         <value>0x8000923c</value>
      </symbol>
      <symbol id="sm-5">
         <name>binit</name>
         <value>0xffffffff</value>
      </symbol>
      <symbol id="sm-6">
         <name>__binit__</name>
         <value>0xffffffff</value>
      </symbol>
      <symbol id="sm-7">
         <name>__TI_STACK_SIZE</name>
         <value>0x800</value>
      </symbol>
      <symbol id="sm-8">
         <name>__TI_STACK_END</name>
         <value>0x80008220</value>
      </symbol>
      <symbol id="sm-9">
         <name>__TI_SYSMEM_SIZE</name>
         <value>0x800</value>
      </symbol>
      <symbol id="sm-a">
         <name>__c_args__</name>
         <value>0xffffffff</value>
      </symbol>
      <symbol id="sm-b">
         <name>__TI_pprof_out_hndl</name>
         <value>0xffffffff</value>
      </symbol>
      <symbol id="sm-c">
         <name>__TI_prof_data_start</name>
         <value>0xffffffff</value>
      </symbol>
      <symbol id="sm-d">
         <name>__TI_prof_data_size</name>
         <value>0xffffffff</value>
      </symbol>
      <symbol id="sm-54">
         <name>main</name>
         <value>0x80005d00</value>
         <object_component_ref idref="oc-8c"/>
      </symbol>
      <symbol id="sm-68">
         <name>_c_int00</name>
         <value>0x800075e0</value>
         <object_component_ref idref="oc-2a"/>
      </symbol>
      <symbol id="sm-69">
         <name>_stack</name>
         <value>0x80007a20</value>
         <object_component_ref idref="oc-30"/>
      </symbol>
      <symbol id="sm-80">
         <name>__TI_decompress_none</name>
         <value>0x800079e0</value>
         <object_component_ref idref="oc-18"/>
      </symbol>
      <symbol id="sm-a6">
         <name>__TI_decompress_rle24</name>
         <value>0x80007a00</value>
         <object_component_ref idref="oc-1e"/>
      </symbol>
      <symbol id="sm-b8">
         <name>__TI_zero_init</name>
         <value>0x800079c0</value>
         <object_component_ref idref="oc-24"/>
      </symbol>
      <symbol id="sm-d7">
         <name>__c6xabi_divd</name>
         <value>0x80000fe0</value>
         <object_component_ref idref="oc-bf"/>
      </symbol>
      <symbol id="sm-f7">
         <name>C$$EXIT</name>
         <value>0x800079a0</value>
         <object_component_ref idref="oc-97"/>
      </symbol>
      <symbol id="sm-f8">
         <name>abort</name>
         <value>0x800079a0</value>
         <object_component_ref idref="oc-97"/>
      </symbol>
      <symbol id="sm-f9">
         <name>exit</name>
         <value>0x80006c60</value>
         <object_component_ref idref="oc-61"/>
      </symbol>
      <symbol id="sm-fa">
         <name>__TI_dtors_ptr</name>
         <value>0x80008d5c</value>
         <object_component_ref idref="oc-94"/>
      </symbol>
      <symbol id="sm-fb">
         <name>__TI_cleanup_ptr</name>
         <value>0x80008d58</value>
         <object_component_ref idref="oc-94"/>
      </symbol>
      <symbol id="sm-fc">
         <name>__TI_enable_exit_profile_output</name>
         <value>0x80008d60</value>
         <object_component_ref idref="oc-94"/>
      </symbol>
      <symbol id="sm-123">
         <name>__TI_closefile</name>
         <value>0x80005820</value>
         <object_component_ref idref="oc-165"/>
      </symbol>
      <symbol id="sm-124">
         <name>fclose</name>
         <value>0x80007480</value>
         <object_component_ref idref="oc-dd"/>
      </symbol>
      <symbol id="sm-133">
         <name>__TI_doflush</name>
         <value>0x80006ae0</value>
         <object_component_ref idref="oc-1f0"/>
      </symbol>
      <symbol id="sm-16f">
         <name>__TI_cleanup</name>
         <value>0x80006f40</value>
         <object_component_ref idref="oc-1a5"/>
      </symbol>
      <symbol id="sm-170">
         <name>fopen</name>
         <value>0x80005aa0</value>
         <object_component_ref idref="oc-c5"/>
      </symbol>
      <symbol id="sm-193">
         <name>fprintf</name>
         <value>0x80006320</value>
         <object_component_ref idref="oc-d7"/>
      </symbol>
      <symbol id="sm-1b1">
         <name>putc</name>
         <value>0x80004660</value>
         <object_component_ref idref="oc-1b9"/>
      </symbol>
      <symbol id="sm-1b2">
         <name>fputc</name>
         <value>0x80004660</value>
         <object_component_ref idref="oc-1b9"/>
      </symbol>
      <symbol id="sm-1db">
         <name>fputs</name>
         <value>0x800030a0</value>
         <object_component_ref idref="oc-1c0"/>
      </symbol>
      <symbol id="sm-1ee">
         <name>__TI_frcmpyd_div</name>
         <value>0x800077c0</value>
         <object_component_ref idref="oc-108"/>
      </symbol>
      <symbol id="sm-209">
         <name>__c6xabi_llshru</name>
         <value>0x80007580</value>
         <object_component_ref idref="oc-102"/>
      </symbol>
      <symbol id="sm-20a">
         <name>__c6xabi_llshl</name>
         <value>0x80007400</value>
         <object_component_ref idref="oc-387"/>
      </symbol>
      <symbol id="sm-296">
         <name>open</name>
         <value>0x80004880</value>
         <object_component_ref idref="oc-1ab"/>
      </symbol>
      <symbol id="sm-297">
         <name>lseek</name>
         <value>0x800076a0</value>
         <object_component_ref idref="oc-2fd"/>
      </symbol>
      <symbol id="sm-298">
         <name>write</name>
         <value>0x80007760</value>
         <object_component_ref idref="oc-22e"/>
      </symbol>
      <symbol id="sm-299">
         <name>close</name>
         <value>0x800065e0</value>
         <object_component_ref idref="oc-1fc"/>
      </symbol>
      <symbol id="sm-29a">
         <name>unlink</name>
         <value>0x80007500</value>
         <object_component_ref idref="oc-202"/>
      </symbol>
      <symbol id="sm-2a3">
         <name>memcpy</name>
         <value>0x80007120</value>
         <object_component_ref idref="oc-36"/>
      </symbol>
      <symbol id="sm-315">
         <name>_sys_memory</name>
         <value>0x80008220</value>
         <object_component_ref idref="oc-33"/>
      </symbol>
      <symbol id="sm-316">
         <name>free</name>
         <value>0x80002980</value>
         <object_component_ref idref="oc-1f6"/>
      </symbol>
      <symbol id="sm-317">
         <name>malloc</name>
         <value>0x800056a0</value>
         <object_component_ref idref="oc-305"/>
      </symbol>
      <symbol id="sm-318">
         <name>_minit</name>
         <value>0x80007080</value>
         <object_component_ref idref="oc-369"/>
      </symbol>
      <symbol id="sm-328">
         <name>memset</name>
         <value>0x800067a0</value>
         <object_component_ref idref="oc-4f"/>
      </symbol>
      <symbol id="sm-34b">
         <name>printf</name>
         <value>0x80006880</value>
         <object_component_ref idref="oc-cb"/>
      </symbol>
      <symbol id="sm-362">
         <name>sin</name>
         <value>0x80003720</value>
         <object_component_ref idref="oc-d1"/>
      </symbol>
      <symbol id="sm-363">
         <name>sinl</name>
         <value>0x80003720</value>
         <object_component_ref idref="oc-d1"/>
      </symbol>
      <symbol id="sm-3cb">
         <name>HOSTrename</name>
         <value>0x800051e0</value>
         <object_component_ref idref="oc-2f5"/>
      </symbol>
      <symbol id="sm-3cc">
         <name>HOSTclose</name>
         <value>0x80006ea0</value>
         <object_component_ref idref="oc-2d7"/>
      </symbol>
      <symbol id="sm-3cd">
         <name>HOSTunlink</name>
         <value>0x80006a20</value>
         <object_component_ref idref="oc-2ef"/>
      </symbol>
      <symbol id="sm-3ce">
         <name>HOSTlseek</name>
         <value>0x80005e20</value>
         <object_component_ref idref="oc-2e9"/>
      </symbol>
      <symbol id="sm-3cf">
         <name>HOSTopen</name>
         <value>0x80006420</value>
         <object_component_ref idref="oc-2d1"/>
      </symbol>
      <symbol id="sm-3d0">
         <name>HOSTwrite</name>
         <value>0x80006500</value>
         <object_component_ref idref="oc-2e3"/>
      </symbol>
      <symbol id="sm-3d1">
         <name>HOSTread</name>
         <value>0x80006960</value>
         <object_component_ref idref="oc-2dd"/>
      </symbol>
      <symbol id="sm-3f7">
         <name>__TI_readmsg</name>
         <value>0x80007300</value>
         <object_component_ref idref="oc-359"/>
      </symbol>
      <symbol id="sm-3f8">
         <name>C$$IO$$</name>
         <value>0x800073e0</value>
         <object_component_ref idref="oc-353"/>
      </symbol>
      <symbol id="sm-3f9">
         <name>__CIOBUF_</name>
         <value>0x80009028</value>
         <object_component_ref idref="oc-399"/>
      </symbol>
      <symbol id="sm-3fa">
         <name>__TI_writemsg</name>
         <value>0x80007380</value>
         <object_component_ref idref="oc-353"/>
      </symbol>
      <symbol id="sm-404">
         <name>__c6xabi_trunc</name>
         <value>0x800078e0</value>
         <object_component_ref idref="oc-143"/>
      </symbol>
      <symbol id="sm-405">
         <name>__c6xabi_truncl</name>
         <value>0x800078e0</value>
         <object_component_ref idref="oc-143"/>
      </symbol>
      <symbol id="sm-41b">
         <name>__TI_wrt_ok</name>
         <value>0x80006020</value>
         <object_component_ref idref="oc-228"/>
      </symbol>
      <symbol id="sm-431">
         <name>_nop</name>
         <value>0x80007900</value>
         <object_component_ref idref="oc-194"/>
      </symbol>
      <symbol id="sm-432">
         <name>_lock</name>
         <value>0x80008d74</value>
         <object_component_ref idref="oc-119"/>
      </symbol>
      <symbol id="sm-433">
         <name>_unlock</name>
         <value>0x80008d78</value>
         <object_component_ref idref="oc-123"/>
      </symbol>
      <symbol id="sm-617">
         <name>__TI_printfi</name>
         <value>0x80000860</value>
         <object_component_ref idref="oc-13a"/>
      </symbol>
      <symbol id="sm-629">
         <name>_args_main</name>
         <value>0x80007880</value>
         <object_component_ref idref="oc-5b"/>
      </symbol>
      <symbol id="sm-63d">
         <name>atoi</name>
         <value>0x80006120</value>
         <object_component_ref idref="oc-238"/>
      </symbol>
      <symbol id="sm-65d">
         <name>_auto_init_elf</name>
         <value>0x80005960</value>
         <object_component_ref idref="oc-67"/>
      </symbol>
      <symbol id="sm-674">
         <name>copy_in</name>
         <value>0x80006220</value>
         <object_component_ref idref="oc-9f"/>
      </symbol>
      <symbol id="sm-67e">
         <name>_ctypes_</name>
         <value>0x80008d88</value>
         <object_component_ref idref="oc-292"/>
      </symbol>
      <symbol id="sm-68e">
         <name>__TI_tmpnams</name>
         <value>0x80008ee0</value>
      </symbol>
      <symbol id="sm-68f">
         <name>_ftable</name>
         <value>0x80008a20</value>
         <object_component_ref idref="oc-11d"/>
      </symbol>
      <symbol id="sm-690">
         <name>__TI_ft_end</name>
         <value>0x80008d7c</value>
         <object_component_ref idref="oc-120"/>
      </symbol>
      <symbol id="sm-699">
         <name>__c6xabi_divu</name>
         <value>0x80006ba0</value>
         <object_component_ref idref="oc-337"/>
      </symbol>
      <symbol id="sm-69a">
         <name>__divu</name>
         <value>0x80006ba0</value>
         <object_component_ref idref="oc-337"/>
      </symbol>
      <symbol id="sm-6ae">
         <name>frexpl</name>
         <value>0x80005020</value>
         <object_component_ref idref="oc-32a"/>
      </symbol>
      <symbol id="sm-6af">
         <name>frexp</name>
         <value>0x80005020</value>
         <object_component_ref idref="oc-32a"/>
      </symbol>
      <symbol id="sm-6c4">
         <name>fseek</name>
         <value>0x80005be0</value>
         <object_component_ref idref="oc-27f"/>
      </symbol>
      <symbol id="sm-6d5">
         <name>__c6xabi_divul</name>
         <value>0x80004ca0</value>
         <object_component_ref idref="oc-342"/>
      </symbol>
      <symbol id="sm-6f2">
         <name>_subcull</name>
         <value>0x80007640</value>
         <object_component_ref idref="oc-38d"/>
      </symbol>
      <symbol id="sm-6f3">
         <name>__c6xabi_divull</name>
         <value>0x800041c0</value>
         <object_component_ref idref="oc-33c"/>
      </symbol>
      <symbol id="sm-6fc">
         <name>__c6xabi_isinf</name>
         <value>0x80007800</value>
         <object_component_ref idref="oc-29d"/>
      </symbol>
      <symbol id="sm-710">
         <name>ldexpl</name>
         <value>0x80005520</value>
         <object_component_ref idref="oc-37f"/>
      </symbol>
      <symbol id="sm-711">
         <name>ldexp</name>
         <value>0x80005520</value>
         <object_component_ref idref="oc-37f"/>
      </symbol>
      <symbol id="sm-722">
         <name>ltoa</name>
         <value>0x800066c0</value>
         <object_component_ref idref="oc-31b"/>
      </symbol>
      <symbol id="sm-733">
         <name>memccpy</name>
         <value>0x80007700</value>
         <object_component_ref idref="oc-24b"/>
      </symbol>
      <symbol id="sm-741">
         <name>modfl</name>
         <value>0x80007260</value>
         <object_component_ref idref="oc-14f"/>
      </symbol>
      <symbol id="sm-742">
         <name>modf</name>
         <value>0x80007260</value>
         <object_component_ref idref="oc-14f"/>
      </symbol>
      <symbol id="sm-74c">
         <name>__c6xabi_roundl</name>
         <value>0x80006fe0</value>
         <object_component_ref idref="oc-149"/>
      </symbol>
      <symbol id="sm-74d">
         <name>__c6xabi_nround</name>
         <value>0x80006fe0</value>
         <object_component_ref idref="oc-149"/>
      </symbol>
      <symbol id="sm-768">
         <name>setvbuf</name>
         <value>0x80004420</value>
         <object_component_ref idref="oc-285"/>
      </symbol>
      <symbol id="sm-781">
         <name>__TI_tls_init</name>
         <value>0x80006de0</value>
         <object_component_ref idref="oc-a5"/>
      </symbol>
      <symbol id="sm-793">
         <name>__errno</name>
         <value>0x80008d80</value>
         <object_component_ref idref="oc-3a2"/>
      </symbol>
      <symbol id="sm-794">
         <name>errno</name>
         <value>0x80008d80</value>
         <object_component_ref idref="oc-3a2"/>
      </symbol>
      <symbol id="sm-795">
         <name>__c6xabi_errno_addr</name>
         <value>0x800078c0</value>
         <object_component_ref idref="oc-377"/>
      </symbol>
      <symbol id="sm-796">
         <name>__TI_STATIC_BASE</name>
         <value>0x0</value>
      </symbol>
      <symbol id="sm-798">
         <name>__TI_INITARRAY_Base</name>
         <value>0x0</value>
      </symbol>
      <symbol id="sm-799">
         <name>__TI_INITARRAY_Limit</name>
         <value>0x0</value>
      </symbol>
      <symbol id="sm-79a">
         <name>__TI_TLS_INIT_Base</name>
         <value>0x0</value>
      </symbol>
      <symbol id="sm-79b">
         <name>__TI_TLS_INIT_Limit</name>
         <value>0x0</value>
      </symbol>
      <symbol id="sm-79c">
         <name>remove</name>
         <value>0x80007500</value>
      </symbol>
   </symbol_table>
   <title>Link successful</title>
</link_info>
