******************************************************************************
               TMS320C6x Linker PC v8.1.0                      
******************************************************************************
>> Linked Thu Jan 19 18:24:57 2023

OUTPUT FILE NAME:   <Task3.out>
ENTRY POINT SYMBOL: "_c_int00"  address: 800075e0


MEMORY CONFIGURATION

         name            origin    length      used     unused   attr    fill
----------------------  --------  ---------  --------  --------  ----  --------
  DSPL2ROM              00700000   00100000  00000000  00100000  RWIX
  DSPL2RAM              00800000   00040000  00000000  00040000  RWIX
  DSPL1PRAM             00e00000   00008000  00000000  00008000  RWIX
  DSPL1DRAM             00f00000   00008000  00000000  00008000  RWIX
  SHDSPL2ROM            11700000   00100000  00000000  00100000  RWIX
  SHDSPL2RAM            11800000   00040000  00000000  00040000  RWIX
  SHDSPL1PRAM           11e00000   00008000  00000000  00008000  RWIX
  SHDSPL1DRAM           11f00000   00008000  00000000  00008000  RWIX
  EMIFACS0              40000000   20000000  00000000  20000000  RWIX
  EMIFACS2              60000000   02000000  00000000  02000000  RWIX
  EMIFACS3              62000000   02000000  00000000  02000000  RWIX
  EMIFACS4              64000000   02000000  00000000  02000000  RWIX
  EMIFACS5              66000000   02000000  00000000  02000000  RWIX
  SHRAM                 80000000   00020000  00009258  00016da8  RWIX
  DDR2                  c0000000   20000000  00000000  20000000  RWIX


SEGMENT ALLOCATION MAP

run origin  load origin   length   init length attrs members
----------  ----------- ---------- ----------- ----- -------
80000000    80000000    00007a20   00007a20    r-x
  80000000    80000000    00007a20   00007a20    r-x .text
80007a20    80007a20    00001368   00000000    rw-
  80007a20    80007a20    00000800   00000000    rw- .stack
  80008220    80008220    00000800   00000000    rw- .sysmem
  80008a20    80008a20    00000368   00000000    rw- .fardata
80008d88    80008d88    00000158   00000158    r--
  80008d88    80008d88    00000158   00000158    r-- .const
80008ee0    80008ee0    00000268   00000000    rw-
  80008ee0    80008ee0    00000148   00000000    rw- .far
  80009028    80009028    00000120   00000000    rw- .cio
80009148    80009148    00000110   00000110    r--
  80009148    80009148    00000038   00000038    r-- .switch
  80009180    80009180    000000d8   000000d8    r-- .cinit


SECTION ALLOCATION MAP

 output                                  attributes/
section   page    origin      length       input sections
--------  ----  ----------  ----------   ----------------
.text      0    80000000    00007a20     
                  80000000    00000860     rts6740_elf.lib : _printfi.obj (.text:_pproc_diouxp)
                  80000860    00000780                     : _printfi.obj (.text:__TI_printfi)
                  80000fe0    000005c0                     : divd.obj (.text:__c6xabi_divd)
                  800015a0    000005a0                     : _printfi.obj (.text:_setfield)
                  80001b40    00000580                     : _printfi.obj (.text:_pconv_g)
                  800020c0    000004a0                     : _printfi.obj (.text:_pconv_e)
                  80002560    00000420                     : _printfi.obj (.text:_pconv_a)
                  80002980    000003c0                     : memory.obj (.text:free)
                  80002d40    00000360                     : _printfi.obj (.text:acvt)
                  800030a0    00000360                     : fputs.obj (.text:fputs)
                  80003400    00000320                     : _printfi.obj (.text:_pproc_fgea)
                  80003720    000002e0                     : sin.obj (.text:sin)
                  80003a00    000002a0                     : _printfi.obj (.text:_pconv_f)
                  80003ca0    000002a0                     : _printfi.obj (.text:_pproc_fwp)
                  80003f40    00000280                     : _printfi.obj (.text:fcvt)
                  800041c0    00000260                     : imath64.obj (.text:__c6xabi_divull)
                  80004420    00000240                     : setvbuf.obj (.text:setvbuf)
                  80004660    00000220                     : fputc.obj (.text:fputc)
                  80004880    00000220                     : lowlev.obj (.text:open)
                  80004aa0    00000200                     : _printfi.obj (.text:_ltostr)
                  80004ca0    000001c0                     : imath40.obj (.text:__c6xabi_divul)
                  80004e60    000001c0                     : fopen.obj (.text:_openfile)
                  80005020    000001c0                     : frexp.obj (.text:frexp)
                  800051e0    000001a0                     : trgdrv.obj (.text:HOSTrename)
                  80005380    000001a0                     : lowlev.obj (.text:getdevice)
                  80005520    00000180                     : ldexp.obj (.text:ldexp)
                  800056a0    00000180                     : memory.obj (.text:malloc)
                  80005820    00000140                     : fclose.obj (.text:__TI_closefile)
                  80005960    00000140                     : autoinit.obj (.text:_auto_init_elf)
                  80005aa0    00000140                     : fopen.obj (.text:fopen)
                  80005be0    00000120                     : fseek.obj (.text:fseek)
                  80005d00    00000120     main.obj (.text)
                  80005e20    00000100     rts6740_elf.lib : trgdrv.obj (.text:HOSTlseek)
                  80005f20    00000100                     : copy_decompress_rle.obj (.text:__TI_decompress_rle_core)
                  80006020    00000100                     : _io_perm.obj (.text:__TI_wrt_ok)
                  80006120    00000100                     : atoi.obj (.text:atoi)
                  80006220    00000100                     : cpy_tbl.obj (.text:copy_in)
                  80006320    00000100                     : fprintf.obj (.text:fprintf)
                  80006420    000000e0                     : trgdrv.obj (.text:HOSTopen)
                  80006500    000000e0                     : trgdrv.obj (.text:HOSTwrite)
                  800065e0    000000e0                     : lowlev.obj (.text:close)
                  800066c0    000000e0                     : ltoa.obj (.text:ltoa)
                  800067a0    000000e0                     : memset.obj (.text:memset)
                  80006880    000000e0                     : printf.obj (.text:printf)
                  80006960    000000c0                     : trgdrv.obj (.text:HOSTread)
                  80006a20    000000c0                     : trgdrv.obj (.text:HOSTunlink)
                  80006ae0    000000c0                     : fflush.obj (.text:__TI_doflush)
                  80006ba0    000000c0                     : divu.obj (.text:__divu)
                  80006c60    000000c0                     : exit.obj (.text:exit)
                  80006d20    000000c0                     : memory.obj (.text:mremove)
                  80006de0    000000c0                     : tls.obj (.text:tls:init:__TI_tls_init)
                  80006ea0    000000a0                     : trgdrv.obj (.text:HOSTclose)
                  80006f40    000000a0                     : fopen.obj (.text:__TI_cleanup)
                  80006fe0    000000a0                     : round.obj (.text:__c6xabi_nround)
                  80007080    000000a0                     : memory.obj (.text:_minit)
                  80007120    000000a0                     : memcpy64.obj (.text:memcpy)
                  800071c0    000000a0                     : memory.obj (.text:minsert)
                  80007260    000000a0                     : modf.obj (.text:modf)
                  80007300    00000080                     : trgmsg.obj (.text:__TI_readmsg)
                  80007380    00000080                     : trgmsg.obj (.text:__TI_writemsg)
                  80007400    00000080                     : llshift.obj (.text:__c6xabi_llshl)
                  80007480    00000080                     : fclose.obj (.text:fclose)
                  80007500    00000080                     : lowlev.obj (.text:unlink)
                  80007580    00000060                     : llshift.obj (.text:__c6xabi_llshru)
                  800075e0    00000060                     : boot.obj (.text:_c_int00)
                  80007640    00000060                     : imath64.obj (.text:_subcull)
                  800076a0    00000060                     : lowlev.obj (.text:lseek)
                  80007700    00000060                     : memccpy.obj (.text:memccpy)
                  80007760    00000060                     : lowlev.obj (.text:write)
                  800077c0    00000040                     : frcmpyd_div.obj (.text:__TI_frcmpyd_div)
                  80007800    00000040                     : isinf.obj (.text:__c6xabi_isinf)
                  80007840    00000040                     : _printfi.obj (.text:__c6xabi_isnan)
                  80007880    00000040                     : args_main.obj (.text:_args_main)
                  800078c0    00000020                     : errno.obj (.text:__c6xabi_errno_addr)
                  800078e0    00000020                     : trunc.obj (.text:__c6xabi_trunc)
                  80007900    00000020                     : _lock.obj (.text:_nop)
                  80007920    00000020                     : fprintf.obj (.text:_outc)
                  80007940    00000020                     : printf.obj (.text:_outc)
                  80007960    00000020                     : fprintf.obj (.text:_outs)
                  80007980    00000020                     : printf.obj (.text:_outs)
                  800079a0    00000020                     : exit.obj (.text:abort)
                  800079c0    00000020                     : copy_zero_init.obj (.text:decompress:ZI:__TI_zero_init)
                  800079e0    00000020                     : copy_decompress_none.obj (.text:decompress:none:__TI_decompress_none)
                  80007a00    00000020                     : copy_decompress_rle.obj (.text:decompress:rle24:__TI_decompress_rle24)

.stack     0    80007a20    00000800     UNINITIALIZED
                  80007a20    00000008     rts6740_elf.lib : boot.obj (.stack)
                  80007a28    000007f8     --HOLE--

.sysmem    0    80008220    00000800     UNINITIALIZED
                  80008220    00000008     rts6740_elf.lib : memory.obj (.sysmem)
                  80008228    000007f8     --HOLE--

.fardata   0    80008a20    00000368     UNINITIALIZED
                  80008a20    000001e0     rts6740_elf.lib : defs.obj (.fardata:_ftable)
                  80008c00    000000a0                     : lowlev.obj (.fardata:_stream)
                  80008ca0    00000078                     : lowlev.obj (.fardata:_device)
                  80008d18    00000040                     : sin.obj (.fardata:R$1)
                  80008d58    0000000c                     : exit.obj (.fardata)
                  80008d64    00000008                     : lowlev.obj (.fardata)
                  80008d6c    00000008                     : memory.obj (.fardata)
                  80008d74    00000004                     : _lock.obj (.fardata:_lock)
                  80008d78    00000004                     : _lock.obj (.fardata:_unlock)
                  80008d7c    00000004                     : defs.obj (.fardata)
                  80008d80    00000004                     : errno.obj (.fardata)
                  80008d84    00000004                     : fopen.obj (.fardata)

.const     0    80008d88    00000158     
                  80008d88    00000101     rts6740_elf.lib : ctype.obj (.const:.string:_ctypes_)
                  80008e89    00000003     --HOLE-- [fill = 0]
                  80008e8c    00000030     main.obj (.const:.string)
                  80008ebc    00000024     rts6740_elf.lib : _printfi.obj (.const:.string)

.cio       0    80009028    00000120     UNINITIALIZED
                  80009028    00000120     rts6740_elf.lib : trgmsg.obj (.cio)

.far       0    80008ee0    00000148     UNINITIALIZED
                  80008ee0    00000140     (.common:__TI_tmpnams)
                  80009020    00000008     (.common:parmbuf)

.switch    0    80009148    00000038     
                  80009148    00000038     rts6740_elf.lib : _printfi.obj (.switch:_pproc_fgea)

.cinit     0    80009180    000000d8     
                  80009180    000000ae     (.cinit..fardata.load) [load image, compression = rle]
                  8000922e    00000002     --HOLE-- [fill = 0]
                  80009230    0000000c     (__TI_handler_table)
                  8000923c    00000008     (.cinit..far.load) [load image, compression = zero_init]
                  80009244    00000004     --HOLE-- [fill = 0]
                  80009248    00000010     (__TI_cinit_table)

.init_array 
*          0    80000000    00000000     UNINITIALIZED

MODULE SUMMARY

       Module                     code    ro data   rw data
       ------                     ----    -------   -------
    .\
       main.obj                   288     48        0      
    +--+--------------------------+-------+---------+---------+
       Total:                     288     48        0      
                                                           
    C:\ti\ccsv6\tools\compiler\ti-cgt-c6000_8.1.0\lib\rts6740_elf.lib
       _printfi.obj               13376   92        0      
       memory.obj                 1856    0         8      
       lowlev.obj                 1504    0         288    
       trgdrv.obj                 1664    0         8      
       divd.obj                   1472    0         0      
       fopen.obj                  928     0         4      
       fputs.obj                  864     0         0      
       defs.obj                   0       0         804    
       sin.obj                    736     0         64     
       imath64.obj                704     0         0      
       setvbuf.obj                576     0         0      
       fputc.obj                  544     0         0      
       trgmsg.obj                 256     0         288    
       fclose.obj                 448     0         0      
       frexp.obj                  448     0         0      
       imath40.obj                448     0         0      
       ldexp.obj                  384     0         0      
       autoinit.obj               320     0         0      
       fprintf.obj                320     0         0      
       copy_decompress_rle.obj    288     0         0      
       fseek.obj                  288     0         0      
       printf.obj                 288     0         0      
       ctype.obj                  0       257       0      
       _io_perm.obj               256     0         0      
       atoi.obj                   256     0         0      
       cpy_tbl.obj                256     0         0      
       exit.obj                   224     0         12     
       llshift.obj                224     0         0      
       ltoa.obj                   224     0         0      
       memset.obj                 224     0         0      
       divu.obj                   192     0         0      
       fflush.obj                 192     0         0      
       tls.obj                    192     0         0      
       memcpy64.obj               160     0         0      
       modf.obj                   160     0         0      
       round.obj                  160     0         0      
       boot.obj                   96      0         0      
       memccpy.obj                96      0         0      
       args_main.obj              64      0         0      
       frcmpyd_div.obj            64      0         0      
       isinf.obj                  64      0         0      
       _lock.obj                  32      0         8      
       errno.obj                  32      0         4      
       copy_decompress_none.obj   32      0         0      
       copy_zero_init.obj         32      0         0      
       trunc.obj                  32      0         0      
    +--+--------------------------+-------+---------+---------+
       Total:                     30976   349       1488   
                                                           
       Heap:                      0       0         2048   
       Stack:                     0       0         2048   
       Linker Generated:          0       210       0      
    +--+--------------------------+-------+---------+---------+
       Grand Total:               31264   607       5584   


LINKER GENERATED COPY TABLES

__TI_cinit_table @ 80009248 records: 2, size/record: 8, table size: 16
	.fardata: load addr=80009180, load size=000000ae bytes, run addr=80008a20, run size=00000368 bytes, compression=rle
	.far: load addr=8000923c, load size=00000008 bytes, run addr=80008ee0, run size=00000148 bytes, compression=zero_init


LINKER GENERATED HANDLER TABLE

__TI_handler_table @ 80009230 records: 3, size/record: 4, table size: 12
	index: 0, handler: __TI_zero_init
	index: 1, handler: __TI_decompress_rle24
	index: 2, handler: __TI_decompress_none


GLOBAL SYMBOLS: SORTED ALPHABETICALLY BY Name 

address   name                           
-------   ----                           
800079a0  C$$EXIT                        
800073e0  C$$IO$$                        
80006ea0  HOSTclose                      
80005e20  HOSTlseek                      
80006420  HOSTopen                       
80006960  HOSTread                       
800051e0  HOSTrename                     
80006a20  HOSTunlink                     
80006500  HOSTwrite                      
80009028  __CIOBUF_                      
80009248  __TI_CINIT_Base                
80009258  __TI_CINIT_Limit               
80009230  __TI_Handler_Table_Base        
8000923c  __TI_Handler_Table_Limit       
UNDEFED   __TI_INITARRAY_Base            
UNDEFED   __TI_INITARRAY_Limit           
80008220  __TI_STACK_END                 
00000800  __TI_STACK_SIZE                
00000000  __TI_STATIC_BASE               
00000800  __TI_SYSMEM_SIZE               
UNDEFED   __TI_TLS_INIT_Base             
UNDEFED   __TI_TLS_INIT_Limit            
80006f40  __TI_cleanup                   
80008d58  __TI_cleanup_ptr               
80005820  __TI_closefile                 
800079e0  __TI_decompress_none           
80007a00  __TI_decompress_rle24          
80006ae0  __TI_doflush                   
80008d5c  __TI_dtors_ptr                 
80008d60  __TI_enable_exit_profile_output
800077c0  __TI_frcmpyd_div               
80008d7c  __TI_ft_end                    
ffffffff  __TI_pprof_out_hndl            
80000860  __TI_printfi                   
ffffffff  __TI_prof_data_size            
ffffffff  __TI_prof_data_start           
80007300  __TI_readmsg                   
80006de0  __TI_tls_init                  
80008ee0  __TI_tmpnams                   
80007380  __TI_writemsg                  
80006020  __TI_wrt_ok                    
800079c0  __TI_zero_init                 
ffffffff  __binit__                      
80000fe0  __c6xabi_divd                  
80006ba0  __c6xabi_divu                  
80004ca0  __c6xabi_divul                 
800041c0  __c6xabi_divull                
800078c0  __c6xabi_errno_addr            
80007800  __c6xabi_isinf                 
80007400  __c6xabi_llshl                 
80007580  __c6xabi_llshru                
80006fe0  __c6xabi_nround                
80006fe0  __c6xabi_roundl                
800078e0  __c6xabi_trunc                 
800078e0  __c6xabi_truncl                
ffffffff  __c_args__                     
80006ba0  __divu                         
80008d80  __errno                        
80007880  _args_main                     
80005960  _auto_init_elf                 
800075e0  _c_int00                       
80008d88  _ctypes_                       
80008a20  _ftable                        
80008d74  _lock                          
80007080  _minit                         
80007900  _nop                           
80007a20  _stack                         
80007640  _subcull                       
80008220  _sys_memory                    
80008d78  _unlock                        
800079a0  abort                          
80006120  atoi                           
ffffffff  binit                          
800065e0  close                          
80006220  copy_in                        
80008d80  errno                          
80006c60  exit                           
80007480  fclose                         
80005aa0  fopen                          
80006320  fprintf                        
80004660  fputc                          
800030a0  fputs                          
80002980  free                           
80005020  frexp                          
80005020  frexpl                         
80005be0  fseek                          
80005520  ldexp                          
80005520  ldexpl                         
800076a0  lseek                          
800066c0  ltoa                           
80005d00  main                           
800056a0  malloc                         
80007700  memccpy                        
80007120  memcpy                         
800067a0  memset                         
80007260  modf                           
80007260  modfl                          
80004880  open                           
80006880  printf                         
80004660  putc                           
80007500  remove                         
80004420  setvbuf                        
80003720  sin                            
80003720  sinl                           
80007500  unlink                         
80007760  write                          


GLOBAL SYMBOLS: SORTED BY Symbol Address 

address   name                           
-------   ----                           
00000000  __TI_STATIC_BASE               
00000800  __TI_STACK_SIZE                
00000800  __TI_SYSMEM_SIZE               
80000860  __TI_printfi                   
80000fe0  __c6xabi_divd                  
80002980  free                           
800030a0  fputs                          
80003720  sin                            
80003720  sinl                           
800041c0  __c6xabi_divull                
80004420  setvbuf                        
80004660  fputc                          
80004660  putc                           
80004880  open                           
80004ca0  __c6xabi_divul                 
80005020  frexp                          
80005020  frexpl                         
800051e0  HOSTrename                     
80005520  ldexp                          
80005520  ldexpl                         
800056a0  malloc                         
80005820  __TI_closefile                 
80005960  _auto_init_elf                 
80005aa0  fopen                          
80005be0  fseek                          
80005d00  main                           
80005e20  HOSTlseek                      
80006020  __TI_wrt_ok                    
80006120  atoi                           
80006220  copy_in                        
80006320  fprintf                        
80006420  HOSTopen                       
80006500  HOSTwrite                      
800065e0  close                          
800066c0  ltoa                           
800067a0  memset                         
80006880  printf                         
80006960  HOSTread                       
80006a20  HOSTunlink                     
80006ae0  __TI_doflush                   
80006ba0  __c6xabi_divu                  
80006ba0  __divu                         
80006c60  exit                           
80006de0  __TI_tls_init                  
80006ea0  HOSTclose                      
80006f40  __TI_cleanup                   
80006fe0  __c6xabi_nround                
80006fe0  __c6xabi_roundl                
80007080  _minit                         
80007120  memcpy                         
80007260  modf                           
80007260  modfl                          
80007300  __TI_readmsg                   
80007380  __TI_writemsg                  
800073e0  C$$IO$$                        
80007400  __c6xabi_llshl                 
80007480  fclose                         
80007500  remove                         
80007500  unlink                         
80007580  __c6xabi_llshru                
800075e0  _c_int00                       
80007640  _subcull                       
800076a0  lseek                          
80007700  memccpy                        
80007760  write                          
800077c0  __TI_frcmpyd_div               
80007800  __c6xabi_isinf                 
80007880  _args_main                     
800078c0  __c6xabi_errno_addr            
800078e0  __c6xabi_trunc                 
800078e0  __c6xabi_truncl                
80007900  _nop                           
800079a0  C$$EXIT                        
800079a0  abort                          
800079c0  __TI_zero_init                 
800079e0  __TI_decompress_none           
80007a00  __TI_decompress_rle24          
80007a20  _stack                         
80008220  __TI_STACK_END                 
80008220  _sys_memory                    
80008a20  _ftable                        
80008d58  __TI_cleanup_ptr               
80008d5c  __TI_dtors_ptr                 
80008d60  __TI_enable_exit_profile_output
80008d74  _lock                          
80008d78  _unlock                        
80008d7c  __TI_ft_end                    
80008d80  __errno                        
80008d80  errno                          
80008d88  _ctypes_                       
80008ee0  __TI_tmpnams                   
80009028  __CIOBUF_                      
80009230  __TI_Handler_Table_Base        
8000923c  __TI_Handler_Table_Limit       
80009248  __TI_CINIT_Base                
80009258  __TI_CINIT_Limit               
ffffffff  __TI_pprof_out_hndl            
ffffffff  __TI_prof_data_size            
ffffffff  __TI_prof_data_start           
ffffffff  __binit__                      
ffffffff  __c_args__                     
ffffffff  binit                          
UNDEFED   __TI_INITARRAY_Base            
UNDEFED   __TI_INITARRAY_Limit           
UNDEFED   __TI_TLS_INIT_Base             
UNDEFED   __TI_TLS_INIT_Limit            

[106 symbols]
