******************************************************************************
               TMS320C6x Linker PC v8.1.0                      
******************************************************************************
>> Linked Thu Jan 19 17:59:29 2023

OUTPUT FILE NAME:   <Task2.out>
ENTRY POINT SYMBOL: "_c_int00"  address: 8000a540


MEMORY CONFIGURATION

         name            origin    length      used     unused   attr    fill
----------------------  --------  ---------  --------  --------  ----  --------
  DSPL2ROM              00700000   00100000  00000000  00100000  RWIX
  DSPL2RAM              00800000   00040000  00000000  00040000  RWIX
  DSPL1PRAM             00e00000   00008000  00000000  00008000  RWIX
  DSPL1DRAM             00f00000   00008000  00000000  00008000  RWIX
  SHDSPL2ROM            11700000   00100000  00000000  00100000  RWIX
  SHDSPL2RAM            11800000   00040000  00000000  00040000  RWIX
  SHDSPL1PRAM           11e00000   00008000  00000000  00008000  RWIX
  SHDSPL1DRAM           11f00000   00008000  00000000  00008000  RWIX
  EMIFACS0              40000000   20000000  00000000  20000000  RWIX
  EMIFACS2              60000000   02000000  00000000  02000000  RWIX
  EMIFACS3              62000000   02000000  00000000  02000000  RWIX
  EMIFACS4              64000000   02000000  00000000  02000000  RWIX
  EMIFACS5              66000000   02000000  00000000  02000000  RWIX
  SHRAM                 80000000   00020000  0000c2b2  00013d4e  RWIX
  DDR2                  c0000000   20000000  00000000  20000000  RWIX


SEGMENT ALLOCATION MAP

run origin  load origin   length   init length attrs members
----------  ----------- ---------- ----------- ----- -------
80000000    80000000    0000aa20   0000aa20    r-x
  80000000    80000000    0000aa20   0000aa20    r-x .text
8000aa20    8000aa20    0000131c   00000000    rw-
  8000aa20    8000aa20    00000800   00000000    rw- .stack
  8000b220    8000b220    00000800   00000000    rw- .sysmem
  8000ba20    8000ba20    0000031c   00000000    rw- .fardata
8000bd40    8000bd40    00000216   00000216    r--
  8000bd40    8000bd40    00000216   00000216    r-- .const
8000bf58    8000bf58    00000268   00000000    rw-
  8000bf58    8000bf58    00000148   00000000    rw- .far
  8000c0a0    8000c0a0    00000120   00000000    rw- .cio
8000c1c0    8000c1c0    000000f8   000000f8    r--
  8000c1c0    8000c1c0    00000060   00000060    r-- .switch
  8000c220    8000c220    00000098   00000098    r-- .cinit


SECTION ALLOCATION MAP

 output                                  attributes/
section   page    origin      length       input sections
--------  ----  ----------  ----------   ----------------
.text      0    80000000    0000aa20     
                  80000000    00000d00     rts6740_elf.lib : _scanfi.obj (.text:__TI_scanfi)
                  80000d00    00000860                     : _printfi.obj (.text:_pproc_diouxp)
                  80001560    00000780                     : _printfi.obj (.text:__TI_printfi)
                  80001ce0    00000660                     : _scanfi.obj (.text:_sset_arg)
                  80002340    000005c0                     : divd.obj (.text:__c6xabi_divd)
                  80002900    000005a0                     : _printfi.obj (.text:_setfield)
                  80002ea0    00000580                     : _printfi.obj (.text:_pconv_g)
                  80003420    000004e0                     : strtod.obj (.text:strtod)
                  80003900    000004c0                     : _scanfi.obj (.text:_sproc_int)
                  80003dc0    000004c0                     : strtoll.obj (.text:strtoll)
                  80004280    000004a0                     : _printfi.obj (.text:_pconv_e)
                  80004720    00000440                     : strtoull.obj (.text:strtoull)
                  80004b60    00000420                     : _printfi.obj (.text:_pconv_a)
                  80004f80    00000420                     : _scanfi.obj (.text:_sget_conv)
                  800053a0    000003c0                     : memory.obj (.text:free)
                  80005760    000003a0                     : strtol.obj (.text:strtol)
                  80005b00    00000360                     : _printfi.obj (.text:acvt)
                  80005e60    00000360                     : fputs.obj (.text:fputs)
                  800061c0    00000320                     : _printfi.obj (.text:_pproc_fgea)
                  800064e0    00000300                     : strtoul.obj (.text:strtoul)
                  800067e0    000002a0                     : _printfi.obj (.text:_pconv_f)
                  80006a80    000002a0                     : _printfi.obj (.text:_pproc_fwp)
                  80006d20    00000280                     : _printfi.obj (.text:fcvt)
                  80006fa0    00000260                     : imath64.obj (.text:__c6xabi_divull)
                  80007200    00000240                     : setvbuf.obj (.text:setvbuf)
                  80007440    00000220                     : fputc.obj (.text:fputc)
                  80007660    00000200                     : _printfi.obj (.text:_ltostr)
                  80007860    000001c0                     : imath40.obj (.text:__c6xabi_divul)
                  80007a20    000001c0                     : _scanfi.obj (.text:_sproc_str)
                  80007be0    000001c0                     : frexp.obj (.text:frexp)
                  80007da0    000001a0                     : trgdrv.obj (.text:HOSTrename)
                  80007f40    000001a0                     : fscanf.obj (.text:_chkmbc)
                  800080e0    000001a0                     : lowlev.obj (.text:getdevice)
                  80008280    00000180                     : ldexp.obj (.text:ldexp)
                  80008400    00000180                     : memory.obj (.text:malloc)
                  80008580    00000140                     : _bufread.obj (.text:__TI_buff_read)
                  800086c0    00000140                     : fclose.obj (.text:__TI_closefile)
                  80008800    00000140                     : autoinit.obj (.text:_auto_init_elf)
                  80008940    00000140                     : fgetc.obj (.text:fgetc)
                  80008a80    00000140                     : ungetc.obj (.text:ungetc)
                  80008bc0    00000120                     : fseek.obj (.text:fseek)
                  80008ce0    00000100                     : trgdrv.obj (.text:HOSTlseek)
                  80008de0    00000100                     : copy_decompress_rle.obj (.text:__TI_decompress_rle_core)
                  80008ee0    00000100                     : _io_perm.obj (.text:__TI_wrt_ok)
                  80008fe0    00000100                     : atoi.obj (.text:atoi)
                  800090e0    00000100                     : cpy_tbl.obj (.text:copy_in)
                  800091e0    000000e0                     : trgdrv.obj (.text:HOSTopen)
                  800092c0    000000e0                     : trgdrv.obj (.text:HOSTwrite)
                  800093a0    000000e0                     : lowlev.obj (.text:close)
                  80009480    000000e0                     : ltoa.obj (.text:ltoa)
                  80009560    000000e0     main.obj (.text)
                  80009640    000000e0     rts6740_elf.lib : memset.obj (.text:memset)
                  80009720    000000e0                     : printf.obj (.text:printf)
                  80009800    000000e0                     : fscanf.obj (.text:scanf)
                  800098e0    000000c0                     : trgdrv.obj (.text:HOSTread)
                  800099a0    000000c0                     : trgdrv.obj (.text:HOSTunlink)
                  80009a60    000000c0                     : fflush.obj (.text:__TI_doflush)
                  80009b20    000000c0                     : divu.obj (.text:__divu)
                  80009be0    000000c0                     : exit.obj (.text:exit)
                  80009ca0    000000c0                     : memory.obj (.text:mremove)
                  80009d60    000000c0                     : tls.obj (.text:tls:init:__TI_tls_init)
                  80009e20    000000a0                     : trgdrv.obj (.text:HOSTclose)
                  80009ec0    000000a0                     : fopen.obj (.text:__TI_cleanup)
                  80009f60    000000a0                     : _io_perm.obj (.text:__TI_rd_ok)
                  8000a000    000000a0                     : remu.obj (.text:__remu)
                  8000a0a0    000000a0                     : memory.obj (.text:_minit)
                  8000a140    000000a0                     : memcpy64.obj (.text:memcpy)
                  8000a1e0    000000a0                     : memory.obj (.text:minsert)
                  8000a280    00000080                     : trgmsg.obj (.text:__TI_readmsg)
                  8000a300    00000080                     : trgmsg.obj (.text:__TI_writemsg)
                  8000a380    00000080                     : llshift.obj (.text:__c6xabi_llshl)
                  8000a400    00000080                     : lowlev.obj (.text:unlink)
                  8000a480    00000060                     : llshift.obj (.text:__c6xabi_llshru)
                  8000a4e0    00000060                     : imath64.obj (.text:__c6xabi_remull)
                  8000a540    00000060                     : boot.obj (.text:_c_int00)
                  8000a5a0    00000060                     : imath64.obj (.text:_subcull)
                  8000a600    00000060                     : lowlev.obj (.text:lseek)
                  8000a660    00000060                     : memccpy.obj (.text:memccpy)
                  8000a6c0    00000060                     : lowlev.obj (.text:read)
                  8000a720    00000060                     : _scanfi.obj (.text:strrchr)
                  8000a780    00000060                     : lowlev.obj (.text:write)
                  8000a7e0    00000040                     : frcmpyd_div.obj (.text:__TI_frcmpyd_div)
                  8000a820    00000040                     : isinf.obj (.text:__c6xabi_isinf)
                  8000a860    00000040                     : _printfi.obj (.text:__c6xabi_isnan)
                  8000a8a0    00000040                     : args_main.obj (.text:_args_main)
                  8000a8e0    00000020                     : errno.obj (.text:__c6xabi_errno_addr)
                  8000a900    00000020                     : fscanf.obj (.text:_inpchar)
                  8000a920    00000020                     : _lock.obj (.text:_nop)
                  8000a940    00000020                     : printf.obj (.text:_outc)
                  8000a960    00000020                     : printf.obj (.text:_outs)
                  8000a980    00000020                     : fscanf.obj (.text:_uninpchar)
                  8000a9a0    00000020                     : exit.obj (.text:abort)
                  8000a9c0    00000020                     : copy_zero_init.obj (.text:decompress:ZI:__TI_zero_init)
                  8000a9e0    00000020                     : copy_decompress_none.obj (.text:decompress:none:__TI_decompress_none)
                  8000aa00    00000020                     : copy_decompress_rle.obj (.text:decompress:rle24:__TI_decompress_rle24)

.stack     0    8000aa20    00000800     UNINITIALIZED
                  8000aa20    00000008     rts6740_elf.lib : boot.obj (.stack)
                  8000aa28    000007f8     --HOLE--

.sysmem    0    8000b220    00000800     UNINITIALIZED
                  8000b220    00000008     rts6740_elf.lib : memory.obj (.sysmem)
                  8000b228    000007f8     --HOLE--

.fardata   0    8000ba20    0000031c     UNINITIALIZED
                  8000ba20    000001e0     rts6740_elf.lib : defs.obj (.fardata:_ftable)
                  8000bc00    000000a0                     : lowlev.obj (.fardata:_stream)
                  8000bca0    00000078                     : lowlev.obj (.fardata:_device)
                  8000bd18    0000000c                     : exit.obj (.fardata)
                  8000bd24    00000008                     : memory.obj (.fardata)
                  8000bd2c    00000004                     : _lock.obj (.fardata:_lock)
                  8000bd30    00000004                     : _lock.obj (.fardata:_unlock)
                  8000bd34    00000004                     : defs.obj (.fardata)
                  8000bd38    00000004                     : errno.obj (.fardata)

.const     0    8000bd40    00000216     
                  8000bd40    00000101     rts6740_elf.lib : ctype.obj (.const:.string:_ctypes_)
                  8000be41    00000007     --HOLE-- [fill = 0]
                  8000be48    00000050                     : strtod.obj (.const:digits)
                  8000be98    00000048                     : strtod.obj (.const:powerof10)
                  8000bee0    00000040     main.obj (.const:.string)
                  8000bf20    00000024     rts6740_elf.lib : _printfi.obj (.const:.string)
                  8000bf44    00000004     --HOLE-- [fill = 0]
                  8000bf48    00000007                     : _scanfi.obj (.const:.string:flit$1)
                  8000bf4f    00000001     --HOLE-- [fill = 0]
                  8000bf50    00000006                     : _scanfi.obj (.const:.string:barr$2)

.cio       0    8000c0a0    00000120     UNINITIALIZED
                  8000c0a0    00000120     rts6740_elf.lib : trgmsg.obj (.cio)

.far       0    8000bf58    00000148     UNINITIALIZED
                  8000bf58    00000140     (.common:__TI_tmpnams)
                  8000c098    00000008     (.common:parmbuf)

.switch    0    8000c1c0    00000060     
                  8000c1c0    00000038     rts6740_elf.lib : _printfi.obj (.switch:_pproc_fgea)
                  8000c1f8    00000028                     : _scanfi.obj (.switch:_sset_arg)

.cinit     0    8000c220    00000098     
                  8000c220    0000006f     (.cinit..fardata.load) [load image, compression = rle]
                  8000c28f    00000001     --HOLE-- [fill = 0]
                  8000c290    0000000c     (__TI_handler_table)
                  8000c29c    00000008     (.cinit..far.load) [load image, compression = zero_init]
                  8000c2a4    00000004     --HOLE-- [fill = 0]
                  8000c2a8    00000010     (__TI_cinit_table)

.init_array 
*          0    80000000    00000000     UNINITIALIZED

MODULE SUMMARY

       Module                     code    ro data   rw data
       ------                     ----    -------   -------
    .\
       main.obj                   224     64        0      
    +--+--------------------------+-------+---------+---------+
       Total:                     224     64        0      
                                                           
    C:\ti\ccsv6\tools\compiler\ti-cgt-c6000_8.1.0\lib\rts6740_elf.lib
       _printfi.obj               13376   92        0      
       _scanfi.obj                7776    53        0      
       memory.obj                 1856    0         8      
       trgdrv.obj                 1664    0         8      
       divd.obj                   1472    0         0      
       strtod.obj                 1248    152       0      
       lowlev.obj                 1056    0         280    
       strtoll.obj                1216    0         0      
       strtoull.obj               1088    0         0      
       strtol.obj                 928     0         0      
       fputs.obj                  864     0         0      
       defs.obj                   0       0         804    
       imath64.obj                800     0         0      
       strtoul.obj                768     0         0      
       fscanf.obj                 704     0         0      
       setvbuf.obj                576     0         0      
       fputc.obj                  544     0         0      
       trgmsg.obj                 256     0         288    
       frexp.obj                  448     0         0      
       imath40.obj                448     0         0      
       _io_perm.obj               416     0         0      
       ldexp.obj                  384     0         0      
       _bufread.obj               320     0         0      
       autoinit.obj               320     0         0      
       fclose.obj                 320     0         0      
       fgetc.obj                  320     0         0      
       ungetc.obj                 320     0         0      
       copy_decompress_rle.obj    288     0         0      
       fseek.obj                  288     0         0      
       printf.obj                 288     0         0      
       ctype.obj                  0       257       0      
       atoi.obj                   256     0         0      
       cpy_tbl.obj                256     0         0      
       exit.obj                   224     0         12     
       llshift.obj                224     0         0      
       ltoa.obj                   224     0         0      
       memset.obj                 224     0         0      
       divu.obj                   192     0         0      
       fflush.obj                 192     0         0      
       tls.obj                    192     0         0      
       fopen.obj                  160     0         0      
       memcpy64.obj               160     0         0      
       remu.obj                   160     0         0      
       boot.obj                   96      0         0      
       memccpy.obj                96      0         0      
       args_main.obj              64      0         0      
       frcmpyd_div.obj            64      0         0      
       isinf.obj                  64      0         0      
       _lock.obj                  32      0         8      
       errno.obj                  32      0         4      
       copy_decompress_none.obj   32      0         0      
       copy_zero_init.obj         32      0         0      
    +--+--------------------------+-------+---------+---------+
       Total:                     43328   554       1412   
                                                           
       Heap:                      0       0         2048   
       Stack:                     0       0         2048   
       Linker Generated:          0       147       0      
    +--+--------------------------+-------+---------+---------+
       Grand Total:               43552   765       5508   


LINKER GENERATED COPY TABLES

__TI_cinit_table @ 8000c2a8 records: 2, size/record: 8, table size: 16
	.fardata: load addr=8000c220, load size=0000006f bytes, run addr=8000ba20, run size=0000031c bytes, compression=rle
	.far: load addr=8000c29c, load size=00000008 bytes, run addr=8000bf58, run size=00000148 bytes, compression=zero_init


LINKER GENERATED HANDLER TABLE

__TI_handler_table @ 8000c290 records: 3, size/record: 4, table size: 12
	index: 0, handler: __TI_zero_init
	index: 1, handler: __TI_decompress_rle24
	index: 2, handler: __TI_decompress_none


GLOBAL SYMBOLS: SORTED ALPHABETICALLY BY Name 

address   name                           
-------   ----                           
8000a9a0  C$$EXIT                        
8000a360  C$$IO$$                        
80009e20  HOSTclose                      
80008ce0  HOSTlseek                      
800091e0  HOSTopen                       
800098e0  HOSTread                       
80007da0  HOSTrename                     
800099a0  HOSTunlink                     
800092c0  HOSTwrite                      
8000c0a0  __CIOBUF_                      
8000c2a8  __TI_CINIT_Base                
8000c2b8  __TI_CINIT_Limit               
8000c290  __TI_Handler_Table_Base        
8000c29c  __TI_Handler_Table_Limit       
UNDEFED   __TI_INITARRAY_Base            
UNDEFED   __TI_INITARRAY_Limit           
8000b220  __TI_STACK_END                 
00000800  __TI_STACK_SIZE                
00000000  __TI_STATIC_BASE               
00000800  __TI_SYSMEM_SIZE               
UNDEFED   __TI_TLS_INIT_Base             
UNDEFED   __TI_TLS_INIT_Limit            
80008580  __TI_buff_read                 
80009ec0  __TI_cleanup                   
8000bd18  __TI_cleanup_ptr               
800086c0  __TI_closefile                 
8000a9e0  __TI_decompress_none           
8000aa00  __TI_decompress_rle24          
80009a60  __TI_doflush                   
8000bd1c  __TI_dtors_ptr                 
8000bd20  __TI_enable_exit_profile_output
8000a7e0  __TI_frcmpyd_div               
8000bd34  __TI_ft_end                    
ffffffff  __TI_pprof_out_hndl            
80001560  __TI_printfi                   
ffffffff  __TI_prof_data_size            
ffffffff  __TI_prof_data_start           
80009f60  __TI_rd_ok                     
8000a280  __TI_readmsg                   
80000000  __TI_scanfi                    
80009d60  __TI_tls_init                  
8000bf58  __TI_tmpnams                   
8000a300  __TI_writemsg                  
80008ee0  __TI_wrt_ok                    
8000a9c0  __TI_zero_init                 
ffffffff  __binit__                      
80002340  __c6xabi_divd                  
80009b20  __c6xabi_divu                  
80007860  __c6xabi_divul                 
80006fa0  __c6xabi_divull                
8000a8e0  __c6xabi_errno_addr            
8000a820  __c6xabi_isinf                 
8000a380  __c6xabi_llshl                 
8000a480  __c6xabi_llshru                
8000a000  __c6xabi_remu                  
8000a4e0  __c6xabi_remull                
ffffffff  __c_args__                     
80009b20  __divu                         
8000bd38  __errno                        
8000a000  __remu                         
8000a8a0  _args_main                     
80008800  _auto_init_elf                 
8000a540  _c_int00                       
8000bd40  _ctypes_                       
8000ba20  _ftable                        
8000bd2c  _lock                          
8000a0a0  _minit                         
8000a920  _nop                           
8000aa20  _stack                         
8000a5a0  _subcull                       
8000b220  _sys_memory                    
8000bd30  _unlock                        
8000a9a0  abort                          
80008fe0  atoi                           
ffffffff  binit                          
800093a0  close                          
800090e0  copy_in                        
8000bd38  errno                          
80009be0  exit                           
80009560  factorial                      
80008940  fgetc                          
80007440  fputc                          
80005e60  fputs                          
800053a0  free                           
80007be0  frexp                          
80007be0  frexpl                         
80008bc0  fseek                          
80008940  getc                           
80008280  ldexp                          
80008280  ldexpl                         
8000a600  lseek                          
80009480  ltoa                           
800095c8  main                           
80008400  malloc                         
8000a660  memccpy                        
8000a140  memcpy                         
80009640  memset                         
80009720  printf                         
80007440  putc                           
8000a6c0  read                           
8000a400  remove                         
80009800  scanf                          
80007200  setvbuf                        
80003420  strtod                         
80005760  strtol                         
80003420  strtold                        
80003dc0  strtoll                        
800064e0  strtoul                        
80004720  strtoull                       
80008a80  ungetc                         
8000a400  unlink                         
8000a780  write                          


GLOBAL SYMBOLS: SORTED BY Symbol Address 

address   name                           
-------   ----                           
00000000  __TI_STATIC_BASE               
00000800  __TI_STACK_SIZE                
00000800  __TI_SYSMEM_SIZE               
80000000  __TI_scanfi                    
80001560  __TI_printfi                   
80002340  __c6xabi_divd                  
80003420  strtod                         
80003420  strtold                        
80003dc0  strtoll                        
80004720  strtoull                       
800053a0  free                           
80005760  strtol                         
80005e60  fputs                          
800064e0  strtoul                        
80006fa0  __c6xabi_divull                
80007200  setvbuf                        
80007440  fputc                          
80007440  putc                           
80007860  __c6xabi_divul                 
80007be0  frexp                          
80007be0  frexpl                         
80007da0  HOSTrename                     
80008280  ldexp                          
80008280  ldexpl                         
80008400  malloc                         
80008580  __TI_buff_read                 
800086c0  __TI_closefile                 
80008800  _auto_init_elf                 
80008940  fgetc                          
80008940  getc                           
80008a80  ungetc                         
80008bc0  fseek                          
80008ce0  HOSTlseek                      
80008ee0  __TI_wrt_ok                    
80008fe0  atoi                           
800090e0  copy_in                        
800091e0  HOSTopen                       
800092c0  HOSTwrite                      
800093a0  close                          
80009480  ltoa                           
80009560  factorial                      
800095c8  main                           
80009640  memset                         
80009720  printf                         
80009800  scanf                          
800098e0  HOSTread                       
800099a0  HOSTunlink                     
80009a60  __TI_doflush                   
80009b20  __c6xabi_divu                  
80009b20  __divu                         
80009be0  exit                           
80009d60  __TI_tls_init                  
80009e20  HOSTclose                      
80009ec0  __TI_cleanup                   
80009f60  __TI_rd_ok                     
8000a000  __c6xabi_remu                  
8000a000  __remu                         
8000a0a0  _minit                         
8000a140  memcpy                         
8000a280  __TI_readmsg                   
8000a300  __TI_writemsg                  
8000a360  C$$IO$$                        
8000a380  __c6xabi_llshl                 
8000a400  remove                         
8000a400  unlink                         
8000a480  __c6xabi_llshru                
8000a4e0  __c6xabi_remull                
8000a540  _c_int00                       
8000a5a0  _subcull                       
8000a600  lseek                          
8000a660  memccpy                        
8000a6c0  read                           
8000a780  write                          
8000a7e0  __TI_frcmpyd_div               
8000a820  __c6xabi_isinf                 
8000a8a0  _args_main                     
8000a8e0  __c6xabi_errno_addr            
8000a920  _nop                           
8000a9a0  C$$EXIT                        
8000a9a0  abort                          
8000a9c0  __TI_zero_init                 
8000a9e0  __TI_decompress_none           
8000aa00  __TI_decompress_rle24          
8000aa20  _stack                         
8000b220  __TI_STACK_END                 
8000b220  _sys_memory                    
8000ba20  _ftable                        
8000bd18  __TI_cleanup_ptr               
8000bd1c  __TI_dtors_ptr                 
8000bd20  __TI_enable_exit_profile_output
8000bd2c  _lock                          
8000bd30  _unlock                        
8000bd34  __TI_ft_end                    
8000bd38  __errno                        
8000bd38  errno                          
8000bd40  _ctypes_                       
8000bf58  __TI_tmpnams                   
8000c0a0  __CIOBUF_                      
8000c290  __TI_Handler_Table_Base        
8000c29c  __TI_Handler_Table_Limit       
8000c2a8  __TI_CINIT_Base                
8000c2b8  __TI_CINIT_Limit               
ffffffff  __TI_pprof_out_hndl            
ffffffff  __TI_prof_data_size            
ffffffff  __TI_prof_data_start           
ffffffff  __binit__                      
ffffffff  __c_args__                     
ffffffff  binit                          
UNDEFED   __TI_INITARRAY_Base            
UNDEFED   __TI_INITARRAY_Limit           
UNDEFED   __TI_TLS_INIT_Base             
UNDEFED   __TI_TLS_INIT_Limit            

[112 symbols]
