<?xml version="1.0"?>
<link_info>
   <banner>TMS320C6x Linker PC v8.1.0</banner>
   <copyright>Copyright (c) 1996-2015 Texas Instruments Incorporated</copyright>
   <link_time>0x63c98501</link_time>
   <link_errors>0x0</link_errors>
   <output_file>Task2.out</output_file>
   <entry_point>
      <name>_c_int00</name>
      <address>0x8000a540</address>
   </entry_point>
   <input_file_list>
      <input_file id="fl-2">
         <path>.\</path>
         <kind>object</kind>
         <file>main.obj</file>
         <name>main.obj</name>
      </input_file>
      <input_file id="fl-20">
         <path>C:\ti\ccsv6\tools\compiler\ti-cgt-c6000_8.1.0\lib\</path>
         <kind>archive</kind>
         <file>rts6740_elf.lib</file>
         <name>boot.obj</name>
      </input_file>
      <input_file id="fl-21">
         <path>C:\ti\ccsv6\tools\compiler\ti-cgt-c6000_8.1.0\lib\</path>
         <kind>archive</kind>
         <file>rts6740_elf.lib</file>
         <name>copy_decompress_none.obj</name>
      </input_file>
      <input_file id="fl-22">
         <path>C:\ti\ccsv6\tools\compiler\ti-cgt-c6000_8.1.0\lib\</path>
         <kind>archive</kind>
         <file>rts6740_elf.lib</file>
         <name>copy_decompress_rle.obj</name>
      </input_file>
      <input_file id="fl-23">
         <path>C:\ti\ccsv6\tools\compiler\ti-cgt-c6000_8.1.0\lib\</path>
         <kind>archive</kind>
         <file>rts6740_elf.lib</file>
         <name>copy_zero_init.obj</name>
      </input_file>
      <input_file id="fl-24">
         <path>C:\ti\ccsv6\tools\compiler\ti-cgt-c6000_8.1.0\lib\</path>
         <kind>archive</kind>
         <file>rts6740_elf.lib</file>
         <name>exit.obj</name>
      </input_file>
      <input_file id="fl-25">
         <path>C:\ti\ccsv6\tools\compiler\ti-cgt-c6000_8.1.0\lib\</path>
         <kind>archive</kind>
         <file>rts6740_elf.lib</file>
         <name>fscanf.obj</name>
      </input_file>
      <input_file id="fl-26">
         <path>C:\ti\ccsv6\tools\compiler\ti-cgt-c6000_8.1.0\lib\</path>
         <kind>archive</kind>
         <file>rts6740_elf.lib</file>
         <name>memcpy64.obj</name>
      </input_file>
      <input_file id="fl-27">
         <path>C:\ti\ccsv6\tools\compiler\ti-cgt-c6000_8.1.0\lib\</path>
         <kind>archive</kind>
         <file>rts6740_elf.lib</file>
         <name>memset.obj</name>
      </input_file>
      <input_file id="fl-28">
         <path>C:\ti\ccsv6\tools\compiler\ti-cgt-c6000_8.1.0\lib\</path>
         <kind>archive</kind>
         <file>rts6740_elf.lib</file>
         <name>printf.obj</name>
      </input_file>
      <input_file id="fl-29">
         <path>C:\ti\ccsv6\tools\compiler\ti-cgt-c6000_8.1.0\lib\</path>
         <kind>archive</kind>
         <file>rts6740_elf.lib</file>
         <name>ungetc.obj</name>
      </input_file>
      <input_file id="fl-2a">
         <path>C:\ti\ccsv6\tools\compiler\ti-cgt-c6000_8.1.0\lib\</path>
         <kind>archive</kind>
         <file>rts6740_elf.lib</file>
         <name>_lock.obj</name>
      </input_file>
      <input_file id="fl-2b">
         <path>C:\ti\ccsv6\tools\compiler\ti-cgt-c6000_8.1.0\lib\</path>
         <kind>archive</kind>
         <file>rts6740_elf.lib</file>
         <name>_printfi.obj</name>
      </input_file>
      <input_file id="fl-2c">
         <path>C:\ti\ccsv6\tools\compiler\ti-cgt-c6000_8.1.0\lib\</path>
         <kind>archive</kind>
         <file>rts6740_elf.lib</file>
         <name>_scanfi.obj</name>
      </input_file>
      <input_file id="fl-2d">
         <path>C:\ti\ccsv6\tools\compiler\ti-cgt-c6000_8.1.0\lib\</path>
         <kind>archive</kind>
         <file>rts6740_elf.lib</file>
         <name>args_main.obj</name>
      </input_file>
      <input_file id="fl-2e">
         <path>C:\ti\ccsv6\tools\compiler\ti-cgt-c6000_8.1.0\lib\</path>
         <kind>archive</kind>
         <file>rts6740_elf.lib</file>
         <name>atoi.obj</name>
      </input_file>
      <input_file id="fl-2f">
         <path>C:\ti\ccsv6\tools\compiler\ti-cgt-c6000_8.1.0\lib\</path>
         <kind>archive</kind>
         <file>rts6740_elf.lib</file>
         <name>autoinit.obj</name>
      </input_file>
      <input_file id="fl-30">
         <path>C:\ti\ccsv6\tools\compiler\ti-cgt-c6000_8.1.0\lib\</path>
         <kind>archive</kind>
         <file>rts6740_elf.lib</file>
         <name>cpy_tbl.obj</name>
      </input_file>
      <input_file id="fl-31">
         <path>C:\ti\ccsv6\tools\compiler\ti-cgt-c6000_8.1.0\lib\</path>
         <kind>archive</kind>
         <file>rts6740_elf.lib</file>
         <name>ctype.obj</name>
      </input_file>
      <input_file id="fl-32">
         <path>C:\ti\ccsv6\tools\compiler\ti-cgt-c6000_8.1.0\lib\</path>
         <kind>archive</kind>
         <file>rts6740_elf.lib</file>
         <name>defs.obj</name>
      </input_file>
      <input_file id="fl-33">
         <path>C:\ti\ccsv6\tools\compiler\ti-cgt-c6000_8.1.0\lib\</path>
         <kind>archive</kind>
         <file>rts6740_elf.lib</file>
         <name>divd.obj</name>
      </input_file>
      <input_file id="fl-34">
         <path>C:\ti\ccsv6\tools\compiler\ti-cgt-c6000_8.1.0\lib\</path>
         <kind>archive</kind>
         <file>rts6740_elf.lib</file>
         <name>divu.obj</name>
      </input_file>
      <input_file id="fl-35">
         <path>C:\ti\ccsv6\tools\compiler\ti-cgt-c6000_8.1.0\lib\</path>
         <kind>archive</kind>
         <file>rts6740_elf.lib</file>
         <name>fgetc.obj</name>
      </input_file>
      <input_file id="fl-36">
         <path>C:\ti\ccsv6\tools\compiler\ti-cgt-c6000_8.1.0\lib\</path>
         <kind>archive</kind>
         <file>rts6740_elf.lib</file>
         <name>fputc.obj</name>
      </input_file>
      <input_file id="fl-37">
         <path>C:\ti\ccsv6\tools\compiler\ti-cgt-c6000_8.1.0\lib\</path>
         <kind>archive</kind>
         <file>rts6740_elf.lib</file>
         <name>fputs.obj</name>
      </input_file>
      <input_file id="fl-38">
         <path>C:\ti\ccsv6\tools\compiler\ti-cgt-c6000_8.1.0\lib\</path>
         <kind>archive</kind>
         <file>rts6740_elf.lib</file>
         <name>frcmpyd_div.obj</name>
      </input_file>
      <input_file id="fl-39">
         <path>C:\ti\ccsv6\tools\compiler\ti-cgt-c6000_8.1.0\lib\</path>
         <kind>archive</kind>
         <file>rts6740_elf.lib</file>
         <name>frexp.obj</name>
      </input_file>
      <input_file id="fl-3a">
         <path>C:\ti\ccsv6\tools\compiler\ti-cgt-c6000_8.1.0\lib\</path>
         <kind>archive</kind>
         <file>rts6740_elf.lib</file>
         <name>imath40.obj</name>
      </input_file>
      <input_file id="fl-3b">
         <path>C:\ti\ccsv6\tools\compiler\ti-cgt-c6000_8.1.0\lib\</path>
         <kind>archive</kind>
         <file>rts6740_elf.lib</file>
         <name>imath64.obj</name>
      </input_file>
      <input_file id="fl-3c">
         <path>C:\ti\ccsv6\tools\compiler\ti-cgt-c6000_8.1.0\lib\</path>
         <kind>archive</kind>
         <file>rts6740_elf.lib</file>
         <name>isinf.obj</name>
      </input_file>
      <input_file id="fl-3d">
         <path>C:\ti\ccsv6\tools\compiler\ti-cgt-c6000_8.1.0\lib\</path>
         <kind>archive</kind>
         <file>rts6740_elf.lib</file>
         <name>ldexp.obj</name>
      </input_file>
      <input_file id="fl-3e">
         <path>C:\ti\ccsv6\tools\compiler\ti-cgt-c6000_8.1.0\lib\</path>
         <kind>archive</kind>
         <file>rts6740_elf.lib</file>
         <name>llabs.obj</name>
      </input_file>
      <input_file id="fl-3f">
         <path>C:\ti\ccsv6\tools\compiler\ti-cgt-c6000_8.1.0\lib\</path>
         <kind>archive</kind>
         <file>rts6740_elf.lib</file>
         <name>llshift.obj</name>
      </input_file>
      <input_file id="fl-40">
         <path>C:\ti\ccsv6\tools\compiler\ti-cgt-c6000_8.1.0\lib\</path>
         <kind>archive</kind>
         <file>rts6740_elf.lib</file>
         <name>lowlev.obj</name>
      </input_file>
      <input_file id="fl-41">
         <path>C:\ti\ccsv6\tools\compiler\ti-cgt-c6000_8.1.0\lib\</path>
         <kind>archive</kind>
         <file>rts6740_elf.lib</file>
         <name>ltoa.obj</name>
      </input_file>
      <input_file id="fl-42">
         <path>C:\ti\ccsv6\tools\compiler\ti-cgt-c6000_8.1.0\lib\</path>
         <kind>archive</kind>
         <file>rts6740_elf.lib</file>
         <name>memccpy.obj</name>
      </input_file>
      <input_file id="fl-43">
         <path>C:\ti\ccsv6\tools\compiler\ti-cgt-c6000_8.1.0\lib\</path>
         <kind>archive</kind>
         <file>rts6740_elf.lib</file>
         <name>setvbuf.obj</name>
      </input_file>
      <input_file id="fl-44">
         <path>C:\ti\ccsv6\tools\compiler\ti-cgt-c6000_8.1.0\lib\</path>
         <kind>archive</kind>
         <file>rts6740_elf.lib</file>
         <name>strtod.obj</name>
      </input_file>
      <input_file id="fl-45">
         <path>C:\ti\ccsv6\tools\compiler\ti-cgt-c6000_8.1.0\lib\</path>
         <kind>archive</kind>
         <file>rts6740_elf.lib</file>
         <name>strtol.obj</name>
      </input_file>
      <input_file id="fl-46">
         <path>C:\ti\ccsv6\tools\compiler\ti-cgt-c6000_8.1.0\lib\</path>
         <kind>archive</kind>
         <file>rts6740_elf.lib</file>
         <name>strtoll.obj</name>
      </input_file>
      <input_file id="fl-47">
         <path>C:\ti\ccsv6\tools\compiler\ti-cgt-c6000_8.1.0\lib\</path>
         <kind>archive</kind>
         <file>rts6740_elf.lib</file>
         <name>strtoul.obj</name>
      </input_file>
      <input_file id="fl-48">
         <path>C:\ti\ccsv6\tools\compiler\ti-cgt-c6000_8.1.0\lib\</path>
         <kind>archive</kind>
         <file>rts6740_elf.lib</file>
         <name>strtoull.obj</name>
      </input_file>
      <input_file id="fl-49">
         <path>C:\ti\ccsv6\tools\compiler\ti-cgt-c6000_8.1.0\lib\</path>
         <kind>archive</kind>
         <file>rts6740_elf.lib</file>
         <name>tls.obj</name>
      </input_file>
      <input_file id="fl-4a">
         <path>C:\ti\ccsv6\tools\compiler\ti-cgt-c6000_8.1.0\lib\</path>
         <kind>archive</kind>
         <file>rts6740_elf.lib</file>
         <name>tls_get_tp.obj</name>
      </input_file>
      <input_file id="fl-4b">
         <path>C:\ti\ccsv6\tools\compiler\ti-cgt-c6000_8.1.0\lib\</path>
         <kind>archive</kind>
         <file>rts6740_elf.lib</file>
         <name>trgdrv.obj</name>
      </input_file>
      <input_file id="fl-4c">
         <path>C:\ti\ccsv6\tools\compiler\ti-cgt-c6000_8.1.0\lib\</path>
         <kind>archive</kind>
         <file>rts6740_elf.lib</file>
         <name>trgmsg.obj</name>
      </input_file>
      <input_file id="fl-4d">
         <path>C:\ti\ccsv6\tools\compiler\ti-cgt-c6000_8.1.0\lib\</path>
         <kind>archive</kind>
         <file>rts6740_elf.lib</file>
         <name>_bufread.obj</name>
      </input_file>
      <input_file id="fl-4e">
         <path>C:\ti\ccsv6\tools\compiler\ti-cgt-c6000_8.1.0\lib\</path>
         <kind>archive</kind>
         <file>rts6740_elf.lib</file>
         <name>_io_perm.obj</name>
      </input_file>
      <input_file id="fl-4f">
         <path>C:\ti\ccsv6\tools\compiler\ti-cgt-c6000_8.1.0\lib\</path>
         <kind>archive</kind>
         <file>rts6740_elf.lib</file>
         <name>errno.obj</name>
      </input_file>
      <input_file id="fl-50">
         <path>C:\ti\ccsv6\tools\compiler\ti-cgt-c6000_8.1.0\lib\</path>
         <kind>archive</kind>
         <file>rts6740_elf.lib</file>
         <name>fflush.obj</name>
      </input_file>
      <input_file id="fl-51">
         <path>C:\ti\ccsv6\tools\compiler\ti-cgt-c6000_8.1.0\lib\</path>
         <kind>archive</kind>
         <file>rts6740_elf.lib</file>
         <name>fopen.obj</name>
      </input_file>
      <input_file id="fl-52">
         <path>C:\ti\ccsv6\tools\compiler\ti-cgt-c6000_8.1.0\lib\</path>
         <kind>archive</kind>
         <file>rts6740_elf.lib</file>
         <name>fseek.obj</name>
      </input_file>
      <input_file id="fl-53">
         <path>C:\ti\ccsv6\tools\compiler\ti-cgt-c6000_8.1.0\lib\</path>
         <kind>archive</kind>
         <file>rts6740_elf.lib</file>
         <name>memory.obj</name>
      </input_file>
      <input_file id="fl-54">
         <path>C:\ti\ccsv6\tools\compiler\ti-cgt-c6000_8.1.0\lib\</path>
         <kind>archive</kind>
         <file>rts6740_elf.lib</file>
         <name>remu.obj</name>
      </input_file>
      <input_file id="fl-55">
         <path>C:\ti\ccsv6\tools\compiler\ti-cgt-c6000_8.1.0\lib\</path>
         <kind>archive</kind>
         <file>rts6740_elf.lib</file>
         <name>fclose.obj</name>
      </input_file>
      <input_file id="fl-56">
         <path>C:\ti\ccsv6\tools\compiler\ti-cgt-c6000_8.1.0\lib\</path>
         <kind>archive</kind>
         <file>rts6740_elf.lib</file>
         <name>remove.obj</name>
      </input_file>
   </input_file_list>
   <object_component_list>
      <object_component id="oc-119">
         <name>.text:__TI_scanfi</name>
         <load_address>0x80000000</load_address>
         <run_address>0x80000000</run_address>
         <size>0xd00</size>
         <input_file_ref idref="fl-2c"/>
      </object_component>
      <object_component id="oc-1d8">
         <name>.text:_pproc_diouxp</name>
         <load_address>0x80000d00</load_address>
         <run_address>0x80000d00</run_address>
         <size>0x860</size>
         <input_file_ref idref="fl-2b"/>
      </object_component>
      <object_component id="oc-ff">
         <name>.text:__TI_printfi</name>
         <load_address>0x80001560</load_address>
         <run_address>0x80001560</run_address>
         <size>0x780</size>
         <input_file_ref idref="fl-2b"/>
      </object_component>
      <object_component id="oc-1a1">
         <name>.text:_sset_arg</name>
         <load_address>0x80001ce0</load_address>
         <run_address>0x80001ce0</run_address>
         <size>0x660</size>
         <input_file_ref idref="fl-2c"/>
      </object_component>
      <object_component id="oc-2b9">
         <name>.text:__c6xabi_divd</name>
         <load_address>0x80002340</load_address>
         <run_address>0x80002340</run_address>
         <size>0x5c0</size>
         <input_file_ref idref="fl-33"/>
      </object_component>
      <object_component id="oc-159">
         <name>.text:_setfield</name>
         <load_address>0x80002900</load_address>
         <run_address>0x80002900</run_address>
         <size>0x5a0</size>
         <input_file_ref idref="fl-2b"/>
      </object_component>
      <object_component id="oc-250">
         <name>.text:_pconv_g</name>
         <load_address>0x80002ea0</load_address>
         <run_address>0x80002ea0</run_address>
         <size>0x580</size>
         <input_file_ref idref="fl-2b"/>
      </object_component>
      <object_component id="oc-21a">
         <name>.text:strtod</name>
         <load_address>0x80003420</load_address>
         <run_address>0x80003420</run_address>
         <size>0x4e0</size>
         <input_file_ref idref="fl-44"/>
      </object_component>
      <object_component id="oc-18f">
         <name>.text:_sproc_int</name>
         <load_address>0x80003900</load_address>
         <run_address>0x80003900</run_address>
         <size>0x4c0</size>
         <input_file_ref idref="fl-2c"/>
      </object_component>
      <object_component id="oc-220">
         <name>.text:strtoll</name>
         <load_address>0x80003dc0</load_address>
         <run_address>0x80003dc0</run_address>
         <size>0x4c0</size>
         <input_file_ref idref="fl-46"/>
      </object_component>
      <object_component id="oc-25c">
         <name>.text:_pconv_e</name>
         <load_address>0x80004280</load_address>
         <run_address>0x80004280</run_address>
         <size>0x4a0</size>
         <input_file_ref idref="fl-2b"/>
      </object_component>
      <object_component id="oc-214">
         <name>.text:strtoull</name>
         <load_address>0x80004720</load_address>
         <run_address>0x80004720</run_address>
         <size>0x440</size>
         <input_file_ref idref="fl-48"/>
      </object_component>
      <object_component id="oc-262">
         <name>.text:_pconv_a</name>
         <load_address>0x80004b60</load_address>
         <run_address>0x80004b60</run_address>
         <size>0x420</size>
         <input_file_ref idref="fl-2b"/>
      </object_component>
      <object_component id="oc-189">
         <name>.text:_sget_conv</name>
         <load_address>0x80004f80</load_address>
         <run_address>0x80004f80</run_address>
         <size>0x420</size>
         <input_file_ref idref="fl-2c"/>
      </object_component>
      <object_component id="oc-289">
         <name>.text:free</name>
         <load_address>0x800053a0</load_address>
         <run_address>0x800053a0</run_address>
         <size>0x3c0</size>
         <input_file_ref idref="fl-53"/>
      </object_component>
      <object_component id="oc-226">
         <name>.text:strtol</name>
         <load_address>0x80005760</load_address>
         <run_address>0x80005760</run_address>
         <size>0x3a0</size>
         <input_file_ref idref="fl-45"/>
      </object_component>
      <object_component id="oc-306">
         <name>.text:acvt</name>
         <load_address>0x80005b00</load_address>
         <run_address>0x80005b00</run_address>
         <size>0x360</size>
         <input_file_ref idref="fl-2b"/>
      </object_component>
      <object_component id="oc-14c">
         <name>.text:fputs</name>
         <load_address>0x80005e60</load_address>
         <run_address>0x80005e60</run_address>
         <size>0x360</size>
         <input_file_ref idref="fl-37"/>
      </object_component>
      <object_component id="oc-1d2">
         <name>.text:_pproc_fgea</name>
         <load_address>0x800061c0</load_address>
         <run_address>0x800061c0</run_address>
         <size>0x320</size>
         <input_file_ref idref="fl-2b"/>
      </object_component>
      <object_component id="oc-20e">
         <name>.text:strtoul</name>
         <load_address>0x800064e0</load_address>
         <run_address>0x800064e0</run_address>
         <size>0x300</size>
         <input_file_ref idref="fl-47"/>
      </object_component>
      <object_component id="oc-256">
         <name>.text:_pconv_f</name>
         <load_address>0x800067e0</load_address>
         <run_address>0x800067e0</run_address>
         <size>0x2a0</size>
         <input_file_ref idref="fl-2b"/>
      </object_component>
      <object_component id="oc-153">
         <name>.text:_pproc_fwp</name>
         <load_address>0x80006a80</load_address>
         <run_address>0x80006a80</run_address>
         <size>0x2a0</size>
         <input_file_ref idref="fl-2b"/>
      </object_component>
      <object_component id="oc-2f8">
         <name>.text:fcvt</name>
         <load_address>0x80006d20</load_address>
         <run_address>0x80006d20</run_address>
         <size>0x280</size>
         <input_file_ref idref="fl-2b"/>
      </object_component>
      <object_component id="oc-2ab">
         <name>.text:__c6xabi_divull</name>
         <load_address>0x80006fa0</load_address>
         <run_address>0x80006fa0</run_address>
         <size>0x260</size>
         <input_file_ref idref="fl-3b"/>
      </object_component>
      <object_component id="oc-1ff">
         <name>.text:setvbuf</name>
         <load_address>0x80007200</load_address>
         <run_address>0x80007200</run_address>
         <size>0x240</size>
         <input_file_ref idref="fl-43"/>
      </object_component>
      <object_component id="oc-145">
         <name>.text:fputc</name>
         <load_address>0x80007440</load_address>
         <run_address>0x80007440</run_address>
         <size>0x220</size>
         <input_file_ref idref="fl-36"/>
      </object_component>
      <object_component id="oc-26a">
         <name>.text:_ltostr</name>
         <load_address>0x80007660</load_address>
         <run_address>0x80007660</run_address>
         <size>0x200</size>
         <input_file_ref idref="fl-2b"/>
      </object_component>
      <object_component id="oc-30d">
         <name>.text:__c6xabi_divul</name>
         <load_address>0x80007860</load_address>
         <run_address>0x80007860</run_address>
         <size>0x1c0</size>
         <input_file_ref idref="fl-3a"/>
      </object_component>
      <object_component id="oc-195">
         <name>.text:_sproc_str</name>
         <load_address>0x80007a20</load_address>
         <run_address>0x80007a20</run_address>
         <size>0x1c0</size>
         <input_file_ref idref="fl-2c"/>
      </object_component>
      <object_component id="oc-300">
         <name>.text:frexp</name>
         <load_address>0x80007be0</load_address>
         <run_address>0x80007be0</run_address>
         <size>0x1c0</size>
         <input_file_ref idref="fl-39"/>
      </object_component>
      <object_component id="oc-3a1">
         <name>.text:HOSTrename</name>
         <load_address>0x80007da0</load_address>
         <run_address>0x80007da0</run_address>
         <size>0x1a0</size>
         <input_file_ref idref="fl-4b"/>
      </object_component>
      <object_component id="oc-107">
         <name>.text:_chkmbc</name>
         <load_address>0x80007f40</load_address>
         <run_address>0x80007f40</run_address>
         <size>0x1a0</size>
         <input_file_ref idref="fl-25"/>
      </object_component>
      <object_component id="oc-3ff">
         <name>.text:getdevice</name>
         <load_address>0x800080e0</load_address>
         <run_address>0x800080e0</run_address>
         <size>0x1a0</size>
         <input_file_ref idref="fl-40"/>
      </object_component>
      <object_component id="oc-3ae">
         <name>.text:ldexp</name>
         <load_address>0x80008280</load_address>
         <run_address>0x80008280</run_address>
         <size>0x180</size>
         <input_file_ref idref="fl-3d"/>
      </object_component>
      <object_component id="oc-28f">
         <name>.text:malloc</name>
         <load_address>0x80008400</load_address>
         <run_address>0x80008400</run_address>
         <size>0x180</size>
         <input_file_ref idref="fl-53"/>
      </object_component>
      <object_component id="oc-1f1">
         <name>.text:__TI_buff_read</name>
         <load_address>0x80008580</load_address>
         <run_address>0x80008580</run_address>
         <size>0x140</size>
         <input_file_ref idref="fl-4d"/>
      </object_component>
      <object_component id="oc-31f">
         <name>.text:__TI_closefile</name>
         <load_address>0x800086c0</load_address>
         <run_address>0x800086c0</run_address>
         <size>0x140</size>
         <input_file_ref idref="fl-55"/>
      </object_component>
      <object_component id="oc-67">
         <name>.text:_auto_init_elf</name>
         <load_address>0x80008800</load_address>
         <run_address>0x80008800</run_address>
         <size>0x140</size>
         <input_file_ref idref="fl-2f"/>
      </object_component>
      <object_component id="oc-17a">
         <name>.text:fgetc</name>
         <load_address>0x80008940</load_address>
         <run_address>0x80008940</run_address>
         <size>0x140</size>
         <input_file_ref idref="fl-35"/>
      </object_component>
      <object_component id="oc-180">
         <name>.text:ungetc</name>
         <load_address>0x80008a80</load_address>
         <run_address>0x80008a80</run_address>
         <size>0x140</size>
         <input_file_ref idref="fl-29"/>
      </object_component>
      <object_component id="oc-22f">
         <name>.text:fseek</name>
         <load_address>0x80008bc0</load_address>
         <run_address>0x80008bc0</run_address>
         <size>0x120</size>
         <input_file_ref idref="fl-52"/>
      </object_component>
      <object_component id="oc-395">
         <name>.text:HOSTlseek</name>
         <load_address>0x80008ce0</load_address>
         <run_address>0x80008ce0</run_address>
         <size>0x100</size>
         <input_file_ref idref="fl-4b"/>
      </object_component>
      <object_component id="oc-42">
         <name>.text:__TI_decompress_rle_core</name>
         <load_address>0x80008de0</load_address>
         <run_address>0x80008de0</run_address>
         <size>0x100</size>
         <input_file_ref idref="fl-22"/>
      </object_component>
      <object_component id="oc-1b5">
         <name>.text:__TI_wrt_ok</name>
         <load_address>0x80008ee0</load_address>
         <run_address>0x80008ee0</run_address>
         <size>0x100</size>
         <input_file_ref idref="fl-4e"/>
      </object_component>
      <object_component id="oc-1cb">
         <name>.text:atoi</name>
         <load_address>0x80008fe0</load_address>
         <run_address>0x80008fe0</run_address>
         <size>0x100</size>
         <input_file_ref idref="fl-2e"/>
      </object_component>
      <object_component id="oc-9f">
         <name>.text:copy_in</name>
         <load_address>0x800090e0</load_address>
         <run_address>0x800090e0</run_address>
         <size>0x100</size>
         <input_file_ref idref="fl-30"/>
      </object_component>
      <object_component id="oc-37d">
         <name>.text:HOSTopen</name>
         <load_address>0x800091e0</load_address>
         <run_address>0x800091e0</run_address>
         <size>0xe0</size>
         <input_file_ref idref="fl-4b"/>
      </object_component>
      <object_component id="oc-38f">
         <name>.text:HOSTwrite</name>
         <load_address>0x800092c0</load_address>
         <run_address>0x800092c0</run_address>
         <size>0xe0</size>
         <input_file_ref idref="fl-4b"/>
      </object_component>
      <object_component id="oc-3b7">
         <name>.text:close</name>
         <load_address>0x800093a0</load_address>
         <run_address>0x800093a0</run_address>
         <size>0xe0</size>
         <input_file_ref idref="fl-40"/>
      </object_component>
      <object_component id="oc-2f1">
         <name>.text:ltoa</name>
         <load_address>0x80009480</load_address>
         <run_address>0x80009480</run_address>
         <size>0xe0</size>
         <input_file_ref idref="fl-41"/>
      </object_component>
      <object_component id="oc-8c">
         <name>.text</name>
         <load_address>0x80009560</load_address>
         <run_address>0x80009560</run_address>
         <size>0xe0</size>
         <input_file_ref idref="fl-2"/>
      </object_component>
      <object_component id="oc-4f">
         <name>.text:memset</name>
         <load_address>0x80009640</load_address>
         <run_address>0x80009640</run_address>
         <size>0xe0</size>
         <input_file_ref idref="fl-27"/>
      </object_component>
      <object_component id="oc-c0">
         <name>.text:printf</name>
         <load_address>0x80009720</load_address>
         <run_address>0x80009720</run_address>
         <size>0xe0</size>
         <input_file_ref idref="fl-28"/>
      </object_component>
      <object_component id="oc-c6">
         <name>.text:scanf</name>
         <load_address>0x80009800</load_address>
         <run_address>0x80009800</run_address>
         <size>0xe0</size>
         <input_file_ref idref="fl-25"/>
      </object_component>
      <object_component id="oc-389">
         <name>.text:HOSTread</name>
         <load_address>0x800098e0</load_address>
         <run_address>0x800098e0</run_address>
         <size>0xc0</size>
         <input_file_ref idref="fl-4b"/>
      </object_component>
      <object_component id="oc-39b">
         <name>.text:HOSTunlink</name>
         <load_address>0x800099a0</load_address>
         <run_address>0x800099a0</run_address>
         <size>0xc0</size>
         <input_file_ref idref="fl-4b"/>
      </object_component>
      <object_component id="oc-1c1">
         <name>.text:__TI_doflush</name>
         <load_address>0x80009a60</load_address>
         <run_address>0x80009a60</run_address>
         <size>0xc0</size>
         <input_file_ref idref="fl-50"/>
      </object_component>
      <object_component id="oc-29e">
         <name>.text:__divu</name>
         <load_address>0x80009b20</load_address>
         <run_address>0x80009b20</run_address>
         <size>0xc0</size>
         <input_file_ref idref="fl-34"/>
      </object_component>
      <object_component id="oc-61">
         <name>.text:exit</name>
         <load_address>0x80009be0</load_address>
         <run_address>0x80009be0</run_address>
         <size>0xc0</size>
         <input_file_ref idref="fl-24"/>
      </object_component>
      <object_component id="oc-32f">
         <name>.text:mremove</name>
         <load_address>0x80009ca0</load_address>
         <run_address>0x80009ca0</run_address>
         <size>0xc0</size>
         <input_file_ref idref="fl-53"/>
      </object_component>
      <object_component id="oc-a5">
         <name>.text:tls:init:__TI_tls_init</name>
         <load_address>0x80009d60</load_address>
         <run_address>0x80009d60</run_address>
         <size>0xc0</size>
         <input_file_ref idref="fl-49"/>
      </object_component>
      <object_component id="oc-383">
         <name>.text:HOSTclose</name>
         <load_address>0x80009e20</load_address>
         <run_address>0x80009e20</run_address>
         <size>0xa0</size>
         <input_file_ref idref="fl-4b"/>
      </object_component>
      <object_component id="oc-283">
         <name>.text:__TI_cleanup</name>
         <load_address>0x80009ec0</load_address>
         <run_address>0x80009ec0</run_address>
         <size>0xa0</size>
         <input_file_ref idref="fl-51"/>
      </object_component>
      <object_component id="oc-1eb">
         <name>.text:__TI_rd_ok</name>
         <load_address>0x80009f60</load_address>
         <run_address>0x80009f60</run_address>
         <size>0xa0</size>
         <input_file_ref idref="fl-4e"/>
      </object_component>
      <object_component id="oc-2c9">
         <name>.text:__remu</name>
         <load_address>0x8000a000</load_address>
         <run_address>0x8000a000</run_address>
         <size>0xa0</size>
         <input_file_ref idref="fl-54"/>
      </object_component>
      <object_component id="oc-336">
         <name>.text:_minit</name>
         <load_address>0x8000a0a0</load_address>
         <run_address>0x8000a0a0</run_address>
         <size>0xa0</size>
         <input_file_ref idref="fl-53"/>
      </object_component>
      <object_component id="oc-36">
         <name>.text:memcpy</name>
         <load_address>0x8000a140</load_address>
         <run_address>0x8000a140</run_address>
         <size>0xa0</size>
         <input_file_ref idref="fl-26"/>
      </object_component>
      <object_component id="oc-329">
         <name>.text:minsert</name>
         <load_address>0x8000a1e0</load_address>
         <run_address>0x8000a1e0</run_address>
         <size>0xa0</size>
         <input_file_ref idref="fl-53"/>
      </object_component>
      <object_component id="oc-3e9">
         <name>.text:__TI_readmsg</name>
         <load_address>0x8000a280</load_address>
         <run_address>0x8000a280</run_address>
         <size>0x80</size>
         <input_file_ref idref="fl-4c"/>
      </object_component>
      <object_component id="oc-3e3">
         <name>.text:__TI_writemsg</name>
         <load_address>0x8000a300</load_address>
         <run_address>0x8000a300</run_address>
         <size>0x80</size>
         <input_file_ref idref="fl-4c"/>
      </object_component>
      <object_component id="oc-347">
         <name>.text:__c6xabi_llshl</name>
         <load_address>0x8000a380</load_address>
         <run_address>0x8000a380</run_address>
         <size>0x80</size>
         <input_file_ref idref="fl-3f"/>
      </object_component>
      <object_component id="oc-3bd">
         <name>.text:unlink</name>
         <load_address>0x8000a400</load_address>
         <run_address>0x8000a400</run_address>
         <size>0x80</size>
         <input_file_ref idref="fl-40"/>
      </object_component>
      <object_component id="oc-353">
         <name>.text:__c6xabi_llshru</name>
         <load_address>0x8000a480</load_address>
         <run_address>0x8000a480</run_address>
         <size>0x60</size>
         <input_file_ref idref="fl-3f"/>
      </object_component>
      <object_component id="oc-2c1">
         <name>.text:__c6xabi_remull</name>
         <load_address>0x8000a4e0</load_address>
         <run_address>0x8000a4e0</run_address>
         <size>0x60</size>
         <input_file_ref idref="fl-3b"/>
      </object_component>
      <object_component id="oc-2a">
         <name>.text:_c_int00</name>
         <load_address>0x8000a540</load_address>
         <run_address>0x8000a540</run_address>
         <size>0x60</size>
         <input_file_ref idref="fl-20"/>
      </object_component>
      <object_component id="oc-34d">
         <name>.text:_subcull</name>
         <load_address>0x8000a5a0</load_address>
         <run_address>0x8000a5a0</run_address>
         <size>0x60</size>
         <input_file_ref idref="fl-3b"/>
      </object_component>
      <object_component id="oc-2d0">
         <name>.text:lseek</name>
         <load_address>0x8000a600</load_address>
         <run_address>0x8000a600</run_address>
         <size>0x60</size>
         <input_file_ref idref="fl-40"/>
      </object_component>
      <object_component id="oc-1de">
         <name>.text:memccpy</name>
         <load_address>0x8000a660</load_address>
         <run_address>0x8000a660</run_address>
         <size>0x60</size>
         <input_file_ref idref="fl-42"/>
      </object_component>
      <object_component id="oc-1f7">
         <name>.text:read</name>
         <load_address>0x8000a6c0</load_address>
         <run_address>0x8000a6c0</run_address>
         <size>0x60</size>
         <input_file_ref idref="fl-40"/>
      </object_component>
      <object_component id="oc-19b">
         <name>.text:strrchr</name>
         <load_address>0x8000a720</load_address>
         <run_address>0x8000a720</run_address>
         <size>0x60</size>
         <input_file_ref idref="fl-2c"/>
      </object_component>
      <object_component id="oc-1bb">
         <name>.text:write</name>
         <load_address>0x8000a780</load_address>
         <run_address>0x8000a780</run_address>
         <size>0x60</size>
         <input_file_ref idref="fl-40"/>
      </object_component>
      <object_component id="oc-361">
         <name>.text:__TI_frcmpyd_div</name>
         <load_address>0x8000a7e0</load_address>
         <run_address>0x8000a7e0</run_address>
         <size>0x40</size>
         <input_file_ref idref="fl-38"/>
      </object_component>
      <object_component id="oc-24a">
         <name>.text:__c6xabi_isinf</name>
         <load_address>0x8000a820</load_address>
         <run_address>0x8000a820</run_address>
         <size>0x40</size>
         <input_file_ref idref="fl-3c"/>
      </object_component>
      <object_component id="oc-244">
         <name>.text:__c6xabi_isnan</name>
         <load_address>0x8000a860</load_address>
         <run_address>0x8000a860</run_address>
         <size>0x40</size>
         <input_file_ref idref="fl-2b"/>
      </object_component>
      <object_component id="oc-5b">
         <name>.text:_args_main</name>
         <load_address>0x8000a8a0</load_address>
         <run_address>0x8000a8a0</run_address>
         <size>0x40</size>
         <input_file_ref idref="fl-2d"/>
      </object_component>
      <object_component id="oc-2a3">
         <name>.text:__c6xabi_errno_addr</name>
         <load_address>0x8000a8e0</load_address>
         <run_address>0x8000a8e0</run_address>
         <size>0x20</size>
         <input_file_ref idref="fl-4f"/>
      </object_component>
      <object_component id="oc-10d">
         <name>.text:_inpchar</name>
         <load_address>0x8000a900</load_address>
         <run_address>0x8000a900</run_address>
         <size>0x20</size>
         <input_file_ref idref="fl-25"/>
      </object_component>
      <object_component id="oc-136">
         <name>.text:_nop</name>
         <load_address>0x8000a920</load_address>
         <run_address>0x8000a920</run_address>
         <size>0x20</size>
         <input_file_ref idref="fl-2a"/>
      </object_component>
      <object_component id="oc-f3">
         <name>.text:_outc</name>
         <load_address>0x8000a940</load_address>
         <run_address>0x8000a940</run_address>
         <size>0x20</size>
         <input_file_ref idref="fl-28"/>
      </object_component>
      <object_component id="oc-f9">
         <name>.text:_outs</name>
         <load_address>0x8000a960</load_address>
         <run_address>0x8000a960</run_address>
         <size>0x20</size>
         <input_file_ref idref="fl-28"/>
      </object_component>
      <object_component id="oc-113">
         <name>.text:_uninpchar</name>
         <load_address>0x8000a980</load_address>
         <run_address>0x8000a980</run_address>
         <size>0x20</size>
         <input_file_ref idref="fl-25"/>
      </object_component>
      <object_component id="oc-97">
         <name>.text:abort</name>
         <load_address>0x8000a9a0</load_address>
         <run_address>0x8000a9a0</run_address>
         <size>0x20</size>
         <input_file_ref idref="fl-24"/>
      </object_component>
      <object_component id="oc-24">
         <name>.text:decompress:ZI:__TI_zero_init</name>
         <load_address>0x8000a9c0</load_address>
         <run_address>0x8000a9c0</run_address>
         <size>0x20</size>
         <input_file_ref idref="fl-23"/>
      </object_component>
      <object_component id="oc-18">
         <name>.text:decompress:none:__TI_decompress_none</name>
         <load_address>0x8000a9e0</load_address>
         <run_address>0x8000a9e0</run_address>
         <size>0x20</size>
         <input_file_ref idref="fl-21"/>
      </object_component>
      <object_component id="oc-1e">
         <name>.text:decompress:rle24:__TI_decompress_rle24</name>
         <load_address>0x8000aa00</load_address>
         <run_address>0x8000aa00</run_address>
         <size>0x20</size>
         <input_file_ref idref="fl-22"/>
      </object_component>
      <object_component id="oc-30">
         <name>.stack</name>
         <uninitialized>true</uninitialized>
         <run_address>0x8000aa20</run_address>
         <size>0x8</size>
         <input_file_ref idref="fl-20"/>
      </object_component>
      <object_component id="oc-447">
         <name>.stack</name>
         <uninitialized>true</uninitialized>
         <run_address>0x8000aa20</run_address>
         <size>0x0</size>
      </object_component>
      <object_component id="oc-411">
         <name>.cio</name>
         <uninitialized>true</uninitialized>
         <run_address>0x8000c0a0</run_address>
         <size>0x120</size>
         <input_file_ref idref="fl-4c"/>
      </object_component>
      <object_component id="oc-177">
         <name>.const:.string:_ctypes_</name>
         <load_address>0x8000bd40</load_address>
         <run_address>0x8000bd40</run_address>
         <size>0x101</size>
         <input_file_ref idref="fl-31"/>
      </object_component>
      <object_component id="oc-2b3">
         <name>.const:digits</name>
         <load_address>0x8000be48</load_address>
         <run_address>0x8000be48</run_address>
         <size>0x50</size>
         <input_file_ref idref="fl-44"/>
      </object_component>
      <object_component id="oc-2b6">
         <name>.const:powerof10</name>
         <load_address>0x8000be98</load_address>
         <run_address>0x8000be98</run_address>
         <size>0x48</size>
         <input_file_ref idref="fl-44"/>
      </object_component>
      <object_component id="oc-bf">
         <name>.const:.string</name>
         <load_address>0x8000bee0</load_address>
         <run_address>0x8000bee0</run_address>
         <size>0x40</size>
         <input_file_ref idref="fl-2"/>
      </object_component>
      <object_component id="oc-1e4">
         <name>.const:.string</name>
         <load_address>0x8000bf20</load_address>
         <run_address>0x8000bf20</run_address>
         <size>0x24</size>
         <input_file_ref idref="fl-2b"/>
      </object_component>
      <object_component id="oc-208">
         <name>.const:.string:flit$1</name>
         <load_address>0x8000bf48</load_address>
         <run_address>0x8000bf48</run_address>
         <size>0x7</size>
         <input_file_ref idref="fl-2c"/>
      </object_component>
      <object_component id="oc-209">
         <name>.const:.string:barr$2</name>
         <load_address>0x8000bf50</load_address>
         <run_address>0x8000bf50</run_address>
         <size>0x6</size>
         <input_file_ref idref="fl-2c"/>
      </object_component>
      <object_component id="oc-268">
         <name>.switch:_pproc_fgea</name>
         <load_address>0x8000c1c0</load_address>
         <run_address>0x8000c1c0</run_address>
         <size>0x38</size>
         <input_file_ref idref="fl-2b"/>
      </object_component>
      <object_component id="oc-20d">
         <name>.switch:_sset_arg</name>
         <load_address>0x8000c1f8</load_address>
         <run_address>0x8000c1f8</run_address>
         <size>0x28</size>
         <input_file_ref idref="fl-2c"/>
      </object_component>
      <object_component id="oc-33">
         <name>.sysmem</name>
         <uninitialized>true</uninitialized>
         <run_address>0x8000b220</run_address>
         <size>0x8</size>
         <input_file_ref idref="fl-53"/>
      </object_component>
      <object_component id="oc-448">
         <name>.sysmem</name>
         <uninitialized>true</uninitialized>
         <run_address>0x8000b220</run_address>
         <size>0x0</size>
      </object_component>
      <object_component id="oc-3c3">
         <name>.common:__TI_tmpnams</name>
         <uninitialized>true</uninitialized>
         <run_address>0x8000bf58</run_address>
         <size>0x140</size>
      </object_component>
      <object_component id="oc-3e0">
         <name>.common:parmbuf</name>
         <uninitialized>true</uninitialized>
         <run_address>0x8000c098</run_address>
         <size>0x8</size>
      </object_component>
      <object_component id="oc-446">
         <name>.cinit..fardata.load</name>
         <load_address>0x8000c220</load_address>
         <run_address>0x8000c220</run_address>
         <size>0x6f</size>
      </object_component>
      <object_component id="oc-443">
         <name>__TI_handler_table</name>
         <load_address>0x8000c290</load_address>
         <run_address>0x8000c290</run_address>
         <size>0xc</size>
      </object_component>
      <object_component id="oc-445">
         <name>.cinit..far.load</name>
         <load_address>0x8000c29c</load_address>
         <run_address>0x8000c29c</run_address>
         <size>0x8</size>
      </object_component>
      <object_component id="oc-444">
         <name>__TI_cinit_table</name>
         <load_address>0x8000c2a8</load_address>
         <run_address>0x8000c2a8</run_address>
         <size>0x10</size>
      </object_component>
      <object_component id="oc-94">
         <name>.fardata</name>
         <load_address>0x8000bd18</load_address>
         <run_address>0x8000bd18</run_address>
         <size>0xc</size>
         <input_file_ref idref="fl-24"/>
      </object_component>
      <object_component id="oc-ea">
         <name>.fardata:_lock</name>
         <load_address>0x8000bd2c</load_address>
         <run_address>0x8000bd2c</run_address>
         <size>0x4</size>
         <input_file_ref idref="fl-2a"/>
      </object_component>
      <object_component id="oc-f0">
         <name>.fardata:_unlock</name>
         <load_address>0x8000bd30</load_address>
         <run_address>0x8000bd30</run_address>
         <size>0x4</size>
         <input_file_ref idref="fl-2a"/>
      </object_component>
      <object_component id="oc-ed">
         <name>.fardata:_ftable</name>
         <load_address>0x8000ba20</load_address>
         <run_address>0x8000ba20</run_address>
         <size>0x1e0</size>
         <input_file_ref idref="fl-32"/>
      </object_component>
      <object_component id="oc-27b">
         <name>.fardata</name>
         <load_address>0x8000bd34</load_address>
         <run_address>0x8000bd34</run_address>
         <size>0x4</size>
         <input_file_ref idref="fl-32"/>
      </object_component>
      <object_component id="oc-2da">
         <name>.fardata:_device</name>
         <load_address>0x8000bca0</load_address>
         <run_address>0x8000bca0</run_address>
         <size>0x78</size>
         <input_file_ref idref="fl-40"/>
      </object_component>
      <object_component id="oc-237">
         <name>.fardata:_stream</name>
         <load_address>0x8000bc00</load_address>
         <run_address>0x8000bc00</run_address>
         <size>0xa0</size>
         <input_file_ref idref="fl-40"/>
      </object_component>
      <object_component id="oc-340">
         <name>.fardata</name>
         <load_address>0x8000bd38</load_address>
         <run_address>0x8000bd38</run_address>
         <size>0x4</size>
         <input_file_ref idref="fl-4f"/>
      </object_component>
      <object_component id="oc-326">
         <name>.fardata</name>
         <load_address>0x8000bd24</load_address>
         <run_address>0x8000bd24</run_address>
         <size>0x8</size>
         <input_file_ref idref="fl-53"/>
      </object_component>
      <object_component id="oc-cd">
         <name>.debug_info</name>
         <load_address>0x0</load_address>
         <run_address>0x0</run_address>
         <size>0xec</size>
         <input_file_ref idref="fl-2"/>
      </object_component>
      <object_component id="oc-8d">
         <name>.debug_info</name>
         <load_address>0xec</load_address>
         <run_address>0xec</run_address>
         <size>0x1af</size>
         <input_file_ref idref="fl-2"/>
      </object_component>
      <object_component id="oc-7c">
         <name>.debug_info</name>
         <load_address>0x29b</load_address>
         <run_address>0x29b</run_address>
         <size>0x88</size>
         <input_file_ref idref="fl-2"/>
      </object_component>
      <object_component id="oc-161">
         <name>.debug_info</name>
         <load_address>0x323</load_address>
         <run_address>0x323</run_address>
         <size>0x2c</size>
         <input_file_ref idref="fl-2"/>
      </object_component>
      <object_component id="oc-70">
         <name>.debug_info</name>
         <load_address>0x34f</load_address>
         <run_address>0x34f</run_address>
         <size>0x157</size>
         <input_file_ref idref="fl-20"/>
      </object_component>
      <object_component id="oc-31">
         <name>.debug_info</name>
         <load_address>0x4a6</load_address>
         <run_address>0x4a6</run_address>
         <size>0x108</size>
         <input_file_ref idref="fl-20"/>
      </object_component>
      <object_component id="oc-2d">
         <name>.debug_info</name>
         <load_address>0x5ae</load_address>
         <run_address>0x5ae</run_address>
         <size>0x16d</size>
         <input_file_ref idref="fl-20"/>
      </object_component>
      <object_component id="oc-41">
         <name>.debug_info</name>
         <load_address>0x71b</load_address>
         <run_address>0x71b</run_address>
         <size>0x14e</size>
         <input_file_ref idref="fl-21"/>
      </object_component>
      <object_component id="oc-1b">
         <name>.debug_info</name>
         <load_address>0x869</load_address>
         <run_address>0x869</run_address>
         <size>0x1df</size>
         <input_file_ref idref="fl-21"/>
      </object_component>
      <object_component id="oc-3c">
         <name>.debug_info</name>
         <load_address>0xa48</load_address>
         <run_address>0xa48</run_address>
         <size>0x46</size>
         <input_file_ref idref="fl-21"/>
      </object_component>
      <object_component id="oc-75">
         <name>.debug_info</name>
         <load_address>0xa8e</load_address>
         <run_address>0xa8e</run_address>
         <size>0x2c</size>
         <input_file_ref idref="fl-21"/>
      </object_component>
      <object_component id="oc-49">
         <name>.debug_info</name>
         <load_address>0xaba</load_address>
         <run_address>0xaba</run_address>
         <size>0x147</size>
         <input_file_ref idref="fl-22"/>
      </object_component>
      <object_component id="oc-45">
         <name>.debug_info</name>
         <load_address>0xc01</load_address>
         <run_address>0xc01</run_address>
         <size>0x267</size>
         <input_file_ref idref="fl-22"/>
      </object_component>
      <object_component id="oc-20">
         <name>.debug_info</name>
         <load_address>0xe68</load_address>
         <run_address>0xe68</run_address>
         <size>0x1c4</size>
         <input_file_ref idref="fl-22"/>
      </object_component>
      <object_component id="oc-4a">
         <name>.debug_info</name>
         <load_address>0x102c</load_address>
         <run_address>0x102c</run_address>
         <size>0x39</size>
         <input_file_ref idref="fl-22"/>
      </object_component>
      <object_component id="oc-84">
         <name>.debug_info</name>
         <load_address>0x1065</load_address>
         <run_address>0x1065</run_address>
         <size>0x2c</size>
         <input_file_ref idref="fl-22"/>
      </object_component>
      <object_component id="oc-8b">
         <name>.debug_info</name>
         <load_address>0x1091</load_address>
         <run_address>0x1091</run_address>
         <size>0x138</size>
         <input_file_ref idref="fl-23"/>
      </object_component>
      <object_component id="oc-25">
         <name>.debug_info</name>
         <load_address>0x11c9</load_address>
         <run_address>0x11c9</run_address>
         <size>0x195</size>
         <input_file_ref idref="fl-23"/>
      </object_component>
      <object_component id="oc-56">
         <name>.debug_info</name>
         <load_address>0x135e</load_address>
         <run_address>0x135e</run_address>
         <size>0x46</size>
         <input_file_ref idref="fl-23"/>
      </object_component>
      <object_component id="oc-9e">
         <name>.debug_info</name>
         <load_address>0x13a4</load_address>
         <run_address>0x13a4</run_address>
         <size>0x170</size>
         <input_file_ref idref="fl-24"/>
      </object_component>
      <object_component id="oc-95">
         <name>.debug_info</name>
         <load_address>0x1514</load_address>
         <run_address>0x1514</run_address>
         <size>0x198</size>
         <input_file_ref idref="fl-24"/>
      </object_component>
      <object_component id="oc-98">
         <name>.debug_info</name>
         <load_address>0x16ac</load_address>
         <run_address>0x16ac</run_address>
         <size>0x12a</size>
         <input_file_ref idref="fl-24"/>
      </object_component>
      <object_component id="oc-63">
         <name>.debug_info</name>
         <load_address>0x17d6</load_address>
         <run_address>0x17d6</run_address>
         <size>0x18a</size>
         <input_file_ref idref="fl-24"/>
      </object_component>
      <object_component id="oc-120">
         <name>.debug_info</name>
         <load_address>0x1960</load_address>
         <run_address>0x1960</run_address>
         <size>0x2b0</size>
         <input_file_ref idref="fl-25"/>
      </object_component>
      <object_component id="oc-108">
         <name>.debug_info</name>
         <load_address>0x1c10</load_address>
         <run_address>0x1c10</run_address>
         <size>0x237</size>
         <input_file_ref idref="fl-25"/>
      </object_component>
      <object_component id="oc-10e">
         <name>.debug_info</name>
         <load_address>0x1e47</load_address>
         <run_address>0x1e47</run_address>
         <size>0x169</size>
         <input_file_ref idref="fl-25"/>
      </object_component>
      <object_component id="oc-114">
         <name>.debug_info</name>
         <load_address>0x1fb0</load_address>
         <run_address>0x1fb0</run_address>
         <size>0x198</size>
         <input_file_ref idref="fl-25"/>
      </object_component>
      <object_component id="oc-c8">
         <name>.debug_info</name>
         <load_address>0x2148</load_address>
         <run_address>0x2148</run_address>
         <size>0x194</size>
         <input_file_ref idref="fl-25"/>
      </object_component>
      <object_component id="oc-172">
         <name>.debug_info</name>
         <load_address>0x22dc</load_address>
         <run_address>0x22dc</run_address>
         <size>0xae</size>
         <input_file_ref idref="fl-25"/>
      </object_component>
      <object_component id="oc-38">
         <name>.debug_info</name>
         <load_address>0x238a</load_address>
         <run_address>0x238a</run_address>
         <size>0x134</size>
         <input_file_ref idref="fl-26"/>
      </object_component>
      <object_component id="oc-8a">
         <name>.debug_info</name>
         <load_address>0x24be</load_address>
         <run_address>0x24be</run_address>
         <size>0x221</size>
         <input_file_ref idref="fl-27"/>
      </object_component>
      <object_component id="oc-52">
         <name>.debug_info</name>
         <load_address>0x26df</load_address>
         <run_address>0x26df</run_address>
         <size>0x237</size>
         <input_file_ref idref="fl-27"/>
      </object_component>
      <object_component id="oc-106">
         <name>.debug_info</name>
         <load_address>0x2916</load_address>
         <run_address>0x2916</run_address>
         <size>0x23e</size>
         <input_file_ref idref="fl-28"/>
      </object_component>
      <object_component id="oc-f5">
         <name>.debug_info</name>
         <load_address>0x2b54</load_address>
         <run_address>0x2b54</run_address>
         <size>0x15f</size>
         <input_file_ref idref="fl-28"/>
      </object_component>
      <object_component id="oc-fa">
         <name>.debug_info</name>
         <load_address>0x2cb3</load_address>
         <run_address>0x2cb3</run_address>
         <size>0x16e</size>
         <input_file_ref idref="fl-28"/>
      </object_component>
      <object_component id="oc-c1">
         <name>.debug_info</name>
         <load_address>0x2e21</load_address>
         <run_address>0x2e21</run_address>
         <size>0x1ab</size>
         <input_file_ref idref="fl-28"/>
      </object_component>
      <object_component id="oc-206">
         <name>.debug_info</name>
         <load_address>0x2fcc</load_address>
         <run_address>0x2fcc</run_address>
         <size>0x174</size>
         <input_file_ref idref="fl-29"/>
      </object_component>
      <object_component id="oc-182">
         <name>.debug_info</name>
         <load_address>0x3140</load_address>
         <run_address>0x3140</run_address>
         <size>0x1aa</size>
         <input_file_ref idref="fl-29"/>
      </object_component>
      <object_component id="oc-297">
         <name>.debug_info</name>
         <load_address>0x32ea</load_address>
         <run_address>0x32ea</run_address>
         <size>0xbb</size>
         <input_file_ref idref="fl-29"/>
      </object_component>
      <object_component id="oc-13e">
         <name>.debug_info</name>
         <load_address>0x33a5</load_address>
         <run_address>0x33a5</run_address>
         <size>0xf9</size>
         <input_file_ref idref="fl-2a"/>
      </object_component>
      <object_component id="oc-eb">
         <name>.debug_info</name>
         <load_address>0x349e</load_address>
         <run_address>0x349e</run_address>
         <size>0x107</size>
         <input_file_ref idref="fl-2a"/>
      </object_component>
      <object_component id="oc-f1">
         <name>.debug_info</name>
         <load_address>0x35a5</load_address>
         <run_address>0x35a5</run_address>
         <size>0x10b</size>
         <input_file_ref idref="fl-2a"/>
      </object_component>
      <object_component id="oc-138">
         <name>.debug_info</name>
         <load_address>0x36b0</load_address>
         <run_address>0x36b0</run_address>
         <size>0x136</size>
         <input_file_ref idref="fl-2a"/>
      </object_component>
      <object_component id="oc-160">
         <name>.debug_info</name>
         <load_address>0x37e6</load_address>
         <run_address>0x37e6</run_address>
         <size>0x2dc</size>
         <input_file_ref idref="fl-2b"/>
      </object_component>
      <object_component id="oc-154">
         <name>.debug_info</name>
         <load_address>0x3ac2</load_address>
         <run_address>0x3ac2</run_address>
         <size>0x225</size>
         <input_file_ref idref="fl-2b"/>
      </object_component>
      <object_component id="oc-26b">
         <name>.debug_info</name>
         <load_address>0x3ce7</load_address>
         <run_address>0x3ce7</run_address>
         <size>0x253</size>
         <input_file_ref idref="fl-2b"/>
      </object_component>
      <object_component id="oc-1d9">
         <name>.debug_info</name>
         <load_address>0x3f3a</load_address>
         <run_address>0x3f3a</run_address>
         <size>0x257</size>
         <input_file_ref idref="fl-2b"/>
      </object_component>
      <object_component id="oc-245">
         <name>.debug_info</name>
         <load_address>0x4191</load_address>
         <run_address>0x4191</run_address>
         <size>0x25a</size>
         <input_file_ref idref="fl-2b"/>
      </object_component>
      <object_component id="oc-251">
         <name>.debug_info</name>
         <load_address>0x43eb</load_address>
         <run_address>0x43eb</run_address>
         <size>0x38f</size>
         <input_file_ref idref="fl-2b"/>
      </object_component>
      <object_component id="oc-2f9">
         <name>.debug_info</name>
         <load_address>0x477a</load_address>
         <run_address>0x477a</run_address>
         <size>0x23d</size>
         <input_file_ref idref="fl-2b"/>
      </object_component>
      <object_component id="oc-257">
         <name>.debug_info</name>
         <load_address>0x49b7</load_address>
         <run_address>0x49b7</run_address>
         <size>0x320</size>
         <input_file_ref idref="fl-2b"/>
      </object_component>
      <object_component id="oc-25d">
         <name>.debug_info</name>
         <load_address>0x4cd7</load_address>
         <run_address>0x4cd7</run_address>
         <size>0x3ae</size>
         <input_file_ref idref="fl-2b"/>
      </object_component>
      <object_component id="oc-307">
         <name>.debug_info</name>
         <load_address>0x5085</load_address>
         <run_address>0x5085</run_address>
         <size>0x38d</size>
         <input_file_ref idref="fl-2b"/>
      </object_component>
      <object_component id="oc-263">
         <name>.debug_info</name>
         <load_address>0x5412</load_address>
         <run_address>0x5412</run_address>
         <size>0x364</size>
         <input_file_ref idref="fl-2b"/>
      </object_component>
      <object_component id="oc-1d5">
         <name>.debug_info</name>
         <load_address>0x5776</load_address>
         <run_address>0x5776</run_address>
         <size>0x2a5</size>
         <input_file_ref idref="fl-2b"/>
      </object_component>
      <object_component id="oc-15d">
         <name>.debug_info</name>
         <load_address>0x5a1b</load_address>
         <run_address>0x5a1b</run_address>
         <size>0x32a</size>
         <input_file_ref idref="fl-2b"/>
      </object_component>
      <object_component id="oc-102">
         <name>.debug_info</name>
         <load_address>0x5d45</load_address>
         <run_address>0x5d45</run_address>
         <size>0x363</size>
         <input_file_ref idref="fl-2b"/>
      </object_component>
      <object_component id="oc-16b">
         <name>.debug_info</name>
         <load_address>0x60a8</load_address>
         <run_address>0x60a8</run_address>
         <size>0x86</size>
         <input_file_ref idref="fl-2b"/>
      </object_component>
      <object_component id="oc-166">
         <name>.debug_info</name>
         <load_address>0x612e</load_address>
         <run_address>0x612e</run_address>
         <size>0x2c</size>
         <input_file_ref idref="fl-2b"/>
      </object_component>
      <object_component id="oc-314">
         <name>.debug_info</name>
         <load_address>0x615a</load_address>
         <run_address>0x615a</run_address>
         <size>0x46</size>
         <input_file_ref idref="fl-2b"/>
      </object_component>
      <object_component id="oc-271">
         <name>.debug_info</name>
         <load_address>0x61a0</load_address>
         <run_address>0x61a0</run_address>
         <size>0x39</size>
         <input_file_ref idref="fl-2b"/>
      </object_component>
      <object_component id="oc-1a8">
         <name>.debug_info</name>
         <load_address>0x61d9</load_address>
         <run_address>0x61d9</run_address>
         <size>0x37b</size>
         <input_file_ref idref="fl-2c"/>
      </object_component>
      <object_component id="oc-18a">
         <name>.debug_info</name>
         <load_address>0x6554</load_address>
         <run_address>0x6554</run_address>
         <size>0x212</size>
         <input_file_ref idref="fl-2c"/>
      </object_component>
      <object_component id="oc-196">
         <name>.debug_info</name>
         <load_address>0x6766</load_address>
         <run_address>0x6766</run_address>
         <size>0x2d2</size>
         <input_file_ref idref="fl-2c"/>
      </object_component>
      <object_component id="oc-19c">
         <name>.debug_info</name>
         <load_address>0x6a38</load_address>
         <run_address>0x6a38</run_address>
         <size>0x28f</size>
         <input_file_ref idref="fl-2c"/>
      </object_component>
      <object_component id="oc-190">
         <name>.debug_info</name>
         <load_address>0x6cc7</load_address>
         <run_address>0x6cc7</run_address>
         <size>0x411</size>
         <input_file_ref idref="fl-2c"/>
      </object_component>
      <object_component id="oc-1a2">
         <name>.debug_info</name>
         <load_address>0x70d8</load_address>
         <run_address>0x70d8</run_address>
         <size>0x318</size>
         <input_file_ref idref="fl-2c"/>
      </object_component>
      <object_component id="oc-11a">
         <name>.debug_info</name>
         <load_address>0x73f0</load_address>
         <run_address>0x73f0</run_address>
         <size>0x5d3</size>
         <input_file_ref idref="fl-2c"/>
      </object_component>
      <object_component id="oc-1a9">
         <name>.debug_info</name>
         <load_address>0x79c3</load_address>
         <run_address>0x79c3</run_address>
         <size>0x9a</size>
         <input_file_ref idref="fl-2c"/>
      </object_component>
      <object_component id="oc-93">
         <name>.debug_info</name>
         <load_address>0x7a5d</load_address>
         <run_address>0x7a5d</run_address>
         <size>0x179</size>
         <input_file_ref idref="fl-2d"/>
      </object_component>
      <object_component id="oc-5c">
         <name>.debug_info</name>
         <load_address>0x7bd6</load_address>
         <run_address>0x7bd6</run_address>
         <size>0x17a</size>
         <input_file_ref idref="fl-2d"/>
      </object_component>
      <object_component id="oc-d0">
         <name>.debug_info</name>
         <load_address>0x7d50</load_address>
         <run_address>0x7d50</run_address>
         <size>0x5e</size>
         <input_file_ref idref="fl-2d"/>
      </object_component>
      <object_component id="oc-243">
         <name>.debug_info</name>
         <load_address>0x7dae</load_address>
         <run_address>0x7dae</run_address>
         <size>0x127</size>
         <input_file_ref idref="fl-2e"/>
      </object_component>
      <object_component id="oc-1ce">
         <name>.debug_info</name>
         <load_address>0x7ed5</load_address>
         <run_address>0x7ed5</run_address>
         <size>0x185</size>
         <input_file_ref idref="fl-2e"/>
      </object_component>
      <object_component id="oc-ac">
         <name>.debug_info</name>
         <load_address>0x805a</load_address>
         <run_address>0x805a</run_address>
         <size>0x31f</size>
         <input_file_ref idref="fl-2f"/>
      </object_component>
      <object_component id="oc-69">
         <name>.debug_info</name>
         <load_address>0x8379</load_address>
         <run_address>0x8379</run_address>
         <size>0x1b9</size>
         <input_file_ref idref="fl-2f"/>
      </object_component>
      <object_component id="oc-e0">
         <name>.debug_info</name>
         <load_address>0x8532</load_address>
         <run_address>0x8532</run_address>
         <size>0x39</size>
         <input_file_ref idref="fl-2f"/>
      </object_component>
      <object_component id="oc-e5">
         <name>.debug_info</name>
         <load_address>0x856b</load_address>
         <run_address>0x856b</run_address>
         <size>0xcd</size>
         <input_file_ref idref="fl-2f"/>
      </object_component>
      <object_component id="oc-db">
         <name>.debug_info</name>
         <load_address>0x8638</load_address>
         <run_address>0x8638</run_address>
         <size>0x1f3</size>
         <input_file_ref idref="fl-30"/>
      </object_component>
      <object_component id="oc-a2">
         <name>.debug_info</name>
         <load_address>0x882b</load_address>
         <run_address>0x882b</run_address>
         <size>0x1af</size>
         <input_file_ref idref="fl-30"/>
      </object_component>
      <object_component id="oc-125">
         <name>.debug_info</name>
         <load_address>0x89da</load_address>
         <run_address>0x89da</run_address>
         <size>0x2c</size>
         <input_file_ref idref="fl-30"/>
      </object_component>
      <object_component id="oc-1ea">
         <name>.debug_info</name>
         <load_address>0x8a06</load_address>
         <run_address>0x8a06</run_address>
         <size>0x101</size>
         <input_file_ref idref="fl-31"/>
      </object_component>
      <object_component id="oc-178">
         <name>.debug_info</name>
         <load_address>0x8b07</load_address>
         <run_address>0x8b07</run_address>
         <size>0x10d</size>
         <input_file_ref idref="fl-31"/>
      </object_component>
      <object_component id="oc-141">
         <name>.debug_info</name>
         <load_address>0x8c14</load_address>
         <run_address>0x8c14</run_address>
         <size>0x148</size>
         <input_file_ref idref="fl-32"/>
      </object_component>
      <object_component id="oc-ee">
         <name>.debug_info</name>
         <load_address>0x8d5c</load_address>
         <run_address>0x8d5c</run_address>
         <size>0x10a</size>
         <input_file_ref idref="fl-32"/>
      </object_component>
      <object_component id="oc-27c">
         <name>.debug_info</name>
         <load_address>0x8e66</load_address>
         <run_address>0x8e66</run_address>
         <size>0x112</size>
         <input_file_ref idref="fl-32"/>
      </object_component>
      <object_component id="oc-2ba">
         <name>.debug_info</name>
         <load_address>0x8f78</load_address>
         <run_address>0x8f78</run_address>
         <size>0x258</size>
         <input_file_ref idref="fl-33"/>
      </object_component>
      <object_component id="oc-368">
         <name>.debug_info</name>
         <load_address>0x91d0</load_address>
         <run_address>0x91d0</run_address>
         <size>0x7f</size>
         <input_file_ref idref="fl-33"/>
      </object_component>
      <object_component id="oc-36d">
         <name>.debug_info</name>
         <load_address>0x924f</load_address>
         <run_address>0x924f</run_address>
         <size>0x60</size>
         <input_file_ref idref="fl-33"/>
      </object_component>
      <object_component id="oc-29f">
         <name>.debug_info</name>
         <load_address>0x92af</load_address>
         <run_address>0x92af</run_address>
         <size>0x127</size>
         <input_file_ref idref="fl-34"/>
      </object_component>
      <object_component id="oc-1fe">
         <name>.debug_info</name>
         <load_address>0x93d6</load_address>
         <run_address>0x93d6</run_address>
         <size>0x1e4</size>
         <input_file_ref idref="fl-35"/>
      </object_component>
      <object_component id="oc-17b">
         <name>.debug_info</name>
         <load_address>0x95ba</load_address>
         <run_address>0x95ba</run_address>
         <size>0x1d9</size>
         <input_file_ref idref="fl-35"/>
      </object_component>
      <object_component id="oc-1c8">
         <name>.debug_info</name>
         <load_address>0x9793</load_address>
         <run_address>0x9793</run_address>
         <size>0x1f2</size>
         <input_file_ref idref="fl-36"/>
      </object_component>
      <object_component id="oc-149">
         <name>.debug_info</name>
         <load_address>0x9985</load_address>
         <run_address>0x9985</run_address>
         <size>0x219</size>
         <input_file_ref idref="fl-36"/>
      </object_component>
      <object_component id="oc-1ca">
         <name>.debug_info</name>
         <load_address>0x9b9e</load_address>
         <run_address>0x9b9e</run_address>
         <size>0x240</size>
         <input_file_ref idref="fl-37"/>
      </object_component>
      <object_component id="oc-14d">
         <name>.debug_info</name>
         <load_address>0x9dde</load_address>
         <run_address>0x9dde</run_address>
         <size>0x329</size>
         <input_file_ref idref="fl-37"/>
      </object_component>
      <object_component id="oc-362">
         <name>.debug_info</name>
         <load_address>0xa107</load_address>
         <run_address>0xa107</run_address>
         <size>0x17a</size>
         <input_file_ref idref="fl-38"/>
      </object_component>
      <object_component id="oc-40a">
         <name>.debug_info</name>
         <load_address>0xa281</load_address>
         <run_address>0xa281</run_address>
         <size>0x2c</size>
         <input_file_ref idref="fl-38"/>
      </object_component>
      <object_component id="oc-3db">
         <name>.debug_info</name>
         <load_address>0xa2ad</load_address>
         <run_address>0xa2ad</run_address>
         <size>0x2c</size>
         <input_file_ref idref="fl-38"/>
      </object_component>
      <object_component id="oc-3ad">
         <name>.debug_info</name>
         <load_address>0xa2d9</load_address>
         <run_address>0xa2d9</run_address>
         <size>0x18b</size>
         <input_file_ref idref="fl-39"/>
      </object_component>
      <object_component id="oc-301">
         <name>.debug_info</name>
         <load_address>0xa464</load_address>
         <run_address>0xa464</run_address>
         <size>0x1f9</size>
         <input_file_ref idref="fl-39"/>
      </object_component>
      <object_component id="oc-3b6">
         <name>.debug_info</name>
         <load_address>0xa65d</load_address>
         <run_address>0xa65d</run_address>
         <size>0x13d</size>
         <input_file_ref idref="fl-3a"/>
      </object_component>
      <object_component id="oc-30e">
         <name>.debug_info</name>
         <load_address>0xa79a</load_address>
         <run_address>0xa79a</run_address>
         <size>0x1ec</size>
         <input_file_ref idref="fl-3a"/>
      </object_component>
      <object_component id="oc-35a">
         <name>.debug_info</name>
         <load_address>0xa986</load_address>
         <run_address>0xa986</run_address>
         <size>0x13d</size>
         <input_file_ref idref="fl-3b"/>
      </object_component>
      <object_component id="oc-34e">
         <name>.debug_info</name>
         <load_address>0xaac3</load_address>
         <run_address>0xaac3</run_address>
         <size>0x196</size>
         <input_file_ref idref="fl-3b"/>
      </object_component>
      <object_component id="oc-2ac">
         <name>.debug_info</name>
         <load_address>0xac59</load_address>
         <run_address>0xac59</run_address>
         <size>0x27c</size>
         <input_file_ref idref="fl-3b"/>
      </object_component>
      <object_component id="oc-2c2">
         <name>.debug_info</name>
         <load_address>0xaed5</load_address>
         <run_address>0xaed5</run_address>
         <size>0x182</size>
         <input_file_ref idref="fl-3b"/>
      </object_component>
      <object_component id="oc-24c">
         <name>.debug_info</name>
         <load_address>0xb057</load_address>
         <run_address>0xb057</run_address>
         <size>0x159</size>
         <input_file_ref idref="fl-3c"/>
      </object_component>
      <object_component id="oc-3fb">
         <name>.debug_info</name>
         <load_address>0xb1b0</load_address>
         <run_address>0xb1b0</run_address>
         <size>0x18b</size>
         <input_file_ref idref="fl-3d"/>
      </object_component>
      <object_component id="oc-3b1">
         <name>.debug_info</name>
         <load_address>0xb33b</load_address>
         <run_address>0xb33b</run_address>
         <size>0x1c1</size>
         <input_file_ref idref="fl-3d"/>
      </object_component>
      <object_component id="oc-3d5">
         <name>.debug_info</name>
         <load_address>0xb4fc</load_address>
         <run_address>0xb4fc</run_address>
         <size>0x11f</size>
         <input_file_ref idref="fl-3f"/>
      </object_component>
      <object_component id="oc-354">
         <name>.debug_info</name>
         <load_address>0xb61b</load_address>
         <run_address>0xb61b</run_address>
         <size>0x1bc</size>
         <input_file_ref idref="fl-3f"/>
      </object_component>
      <object_component id="oc-348">
         <name>.debug_info</name>
         <load_address>0xb7d7</load_address>
         <run_address>0xb7d7</run_address>
         <size>0x19e</size>
         <input_file_ref idref="fl-3f"/>
      </object_component>
      <object_component id="oc-3d0">
         <name>.debug_info</name>
         <load_address>0xb975</load_address>
         <run_address>0xb975</run_address>
         <size>0x39</size>
         <input_file_ref idref="fl-3f"/>
      </object_component>
      <object_component id="oc-23b">
         <name>.debug_info</name>
         <load_address>0xb9ae</load_address>
         <run_address>0xb9ae</run_address>
         <size>0x3ba</size>
         <input_file_ref idref="fl-40"/>
      </object_component>
      <object_component id="oc-2db">
         <name>.debug_info</name>
         <load_address>0xbd68</load_address>
         <run_address>0xbd68</run_address>
         <size>0x10b</size>
         <input_file_ref idref="fl-40"/>
      </object_component>
      <object_component id="oc-238">
         <name>.debug_info</name>
         <load_address>0xbe73</load_address>
         <run_address>0xbe73</run_address>
         <size>0x10b</size>
         <input_file_ref idref="fl-40"/>
      </object_component>
      <object_component id="oc-1bd">
         <name>.debug_info</name>
         <load_address>0xbf7e</load_address>
         <run_address>0xbf7e</run_address>
         <size>0x1ac</size>
         <input_file_ref idref="fl-40"/>
      </object_component>
      <object_component id="oc-400">
         <name>.debug_info</name>
         <load_address>0xc12a</load_address>
         <run_address>0xc12a</run_address>
         <size>0x255</size>
         <input_file_ref idref="fl-40"/>
      </object_component>
      <object_component id="oc-3bf">
         <name>.debug_info</name>
         <load_address>0xc37f</load_address>
         <run_address>0xc37f</run_address>
         <size>0x1c1</size>
         <input_file_ref idref="fl-40"/>
      </object_component>
      <object_component id="oc-1f9">
         <name>.debug_info</name>
         <load_address>0xc540</load_address>
         <run_address>0xc540</run_address>
         <size>0x1aa</size>
         <input_file_ref idref="fl-40"/>
      </object_component>
      <object_component id="oc-2d1">
         <name>.debug_info</name>
         <load_address>0xc6ea</load_address>
         <run_address>0xc6ea</run_address>
         <size>0x1b8</size>
         <input_file_ref idref="fl-40"/>
      </object_component>
      <object_component id="oc-3b9">
         <name>.debug_info</name>
         <load_address>0xc8a2</load_address>
         <run_address>0xc8a2</run_address>
         <size>0x1a3</size>
         <input_file_ref idref="fl-40"/>
      </object_component>
      <object_component id="oc-2e1">
         <name>.debug_info</name>
         <load_address>0xca45</load_address>
         <run_address>0xca45</run_address>
         <size>0x120</size>
         <input_file_ref idref="fl-40"/>
      </object_component>
      <object_component id="oc-2e6">
         <name>.debug_info</name>
         <load_address>0xcb65</load_address>
         <run_address>0xcb65</run_address>
         <size>0x2c</size>
         <input_file_ref idref="fl-40"/>
      </object_component>
      <object_component id="oc-3aa">
         <name>.debug_info</name>
         <load_address>0xcb91</load_address>
         <run_address>0xcb91</run_address>
         <size>0x15a</size>
         <input_file_ref idref="fl-41"/>
      </object_component>
      <object_component id="oc-2f2">
         <name>.debug_info</name>
         <load_address>0xcceb</load_address>
         <run_address>0xcceb</run_address>
         <size>0x1c6</size>
         <input_file_ref idref="fl-41"/>
      </object_component>
      <object_component id="oc-277">
         <name>.debug_info</name>
         <load_address>0xceb1</load_address>
         <run_address>0xceb1</run_address>
         <size>0x104</size>
         <input_file_ref idref="fl-42"/>
[...]
            <allocated_space>
               <start_address>0x8000bf58</start_address>
               <size>0x148</size>
               <logical_group_ref idref="lg-a"/>
            </allocated_space>
            <allocated_space>
               <start_address>0x8000c0a0</start_address>
               <size>0x120</size>
               <logical_group_ref idref="lg-5"/>
            </allocated_space>
            <allocated_space>
               <start_address>0x8000c1c0</start_address>
               <size>0x60</size>
               <logical_group_ref idref="lg-8"/>
            </allocated_space>
            <allocated_space>
               <start_address>0x8000c220</start_address>
               <size>0x98</size>
               <logical_group_ref idref="lg-f"/>
            </allocated_space>
            <available_space>
               <start_address>0x8000c2b8</start_address>
               <size>0x13d48</size>
            </available_space>
         </usage_details>
      </memory_area>
      <memory_area display="yes" color="green">
         <name>DDR2</name>
         <page_id>0x0</page_id>
         <origin>0xc0000000</origin>
         <length>0x20000000</length>
         <used_space>0x0</used_space>
         <unused_space>0x20000000</unused_space>
         <attributes>RWIX</attributes>
         <usage_details>
         </usage_details>
      </memory_area>
   </placement_map>
   <cptbl_list>
      <cptbl>
         <name>__TI_cinit_table</name>
         <cprec>
            <name>.fardata</name>
            <load_address>0x8000c220</load_address>
            <load_size>0x6f</load_size>
            <run_address>0x8000ba20</run_address>
            <run_size>0x31c</run_size>
            <compression>rle</compression>
         </cprec>
         <cprec>
            <name>.far</name>
            <load_address>0x8000c29c</load_address>
            <load_size>0x8</load_size>
            <run_address>0x8000bf58</run_address>
            <run_size>0x148</run_size>
            <compression>zero_init</compression>
         </cprec>
      </cptbl>
   </cptbl_list>
   <handler_table>
      <handler_table_name>__TI_handler_table</handler_table_name>
      <handler>
         <index>0x0</index>
         <name>__TI_zero_init</name>
      </handler>
      <handler>
         <index>0x1</index>
         <name>__TI_decompress_rle24</name>
      </handler>
      <handler>
         <index>0x2</index>
         <name>__TI_decompress_none</name>
      </handler>
   </handler_table>
   <symbol_table>
      <symbol id="sm-1">
         <name>__TI_CINIT_Base</name>
         <value>0x8000c2a8</value>
      </symbol>
      <symbol id="sm-2">
         <name>__TI_CINIT_Limit</name>
         <value>0x8000c2b8</value>
      </symbol>
      <symbol id="sm-3">
         <name>__TI_Handler_Table_Base</name>
         <value>0x8000c290</value>
      </symbol>
      <symbol id="sm-4">
         <name>__TI_Handler_Table_Limit</name>
         <value>0x8000c29c</value>
      </symbol>
      <symbol id="sm-5">
         <name>binit</name>
         <value>0xffffffff</value>
      </symbol>
      <symbol id="sm-6">
         <name>__binit__</name>
         <value>0xffffffff</value>
      </symbol>
      <symbol id="sm-7">
         <name>__TI_STACK_SIZE</name>
         <value>0x800</value>
      </symbol>
      <symbol id="sm-8">
         <name>__TI_STACK_END</name>
         <value>0x8000b220</value>
      </symbol>
      <symbol id="sm-9">
         <name>__TI_SYSMEM_SIZE</name>
         <value>0x800</value>
      </symbol>
      <symbol id="sm-a">
         <name>__c_args__</name>
         <value>0xffffffff</value>
      </symbol>
      <symbol id="sm-b">
         <name>__TI_pprof_out_hndl</name>
         <value>0xffffffff</value>
      </symbol>
      <symbol id="sm-c">
         <name>__TI_prof_data_start</name>
         <value>0xffffffff</value>
      </symbol>
      <symbol id="sm-d">
         <name>__TI_prof_data_size</name>
         <value>0xffffffff</value>
      </symbol>
      <symbol id="sm-4c">
         <name>main</name>
         <value>0x800095c8</value>
         <object_component_ref idref="oc-8c"/>
      </symbol>
      <symbol id="sm-4d">
         <name>factorial</name>
         <value>0x80009560</value>
         <object_component_ref idref="oc-8c"/>
      </symbol>
      <symbol id="sm-61">
         <name>_c_int00</name>
         <value>0x8000a540</value>
         <object_component_ref idref="oc-2a"/>
      </symbol>
      <symbol id="sm-62">
         <name>_stack</name>
         <value>0x8000aa20</value>
         <object_component_ref idref="oc-30"/>
      </symbol>
      <symbol id="sm-79">
         <name>__TI_decompress_none</name>
         <value>0x8000a9e0</value>
         <object_component_ref idref="oc-18"/>
      </symbol>
      <symbol id="sm-9f">
         <name>__TI_decompress_rle24</name>
         <value>0x8000aa00</value>
         <object_component_ref idref="oc-1e"/>
      </symbol>
      <symbol id="sm-b1">
         <name>__TI_zero_init</name>
         <value>0x8000a9c0</value>
         <object_component_ref idref="oc-24"/>
      </symbol>
      <symbol id="sm-d1">
         <name>C$$EXIT</name>
         <value>0x8000a9a0</value>
         <object_component_ref idref="oc-97"/>
      </symbol>
      <symbol id="sm-d2">
         <name>abort</name>
         <value>0x8000a9a0</value>
         <object_component_ref idref="oc-97"/>
      </symbol>
      <symbol id="sm-d3">
         <name>exit</name>
         <value>0x80009be0</value>
         <object_component_ref idref="oc-61"/>
      </symbol>
      <symbol id="sm-d4">
         <name>__TI_dtors_ptr</name>
         <value>0x8000bd1c</value>
         <object_component_ref idref="oc-94"/>
      </symbol>
      <symbol id="sm-d5">
         <name>__TI_cleanup_ptr</name>
         <value>0x8000bd18</value>
         <object_component_ref idref="oc-94"/>
      </symbol>
      <symbol id="sm-d6">
         <name>__TI_enable_exit_profile_output</name>
         <value>0x8000bd20</value>
         <object_component_ref idref="oc-94"/>
      </symbol>
      <symbol id="sm-112">
         <name>scanf</name>
         <value>0x80009800</value>
         <object_component_ref idref="oc-c6"/>
      </symbol>
      <symbol id="sm-11b">
         <name>memcpy</name>
         <value>0x8000a140</value>
         <object_component_ref idref="oc-36"/>
      </symbol>
      <symbol id="sm-12b">
         <name>memset</name>
         <value>0x80009640</value>
         <object_component_ref idref="oc-4f"/>
      </symbol>
      <symbol id="sm-14e">
         <name>printf</name>
         <value>0x80009720</value>
         <object_component_ref idref="oc-c0"/>
      </symbol>
      <symbol id="sm-167">
         <name>ungetc</name>
         <value>0x80008a80</value>
         <object_component_ref idref="oc-180"/>
      </symbol>
      <symbol id="sm-17d">
         <name>_nop</name>
         <value>0x8000a920</value>
         <object_component_ref idref="oc-136"/>
      </symbol>
      <symbol id="sm-17e">
         <name>_lock</name>
         <value>0x8000bd2c</value>
         <object_component_ref idref="oc-ea"/>
      </symbol>
      <symbol id="sm-17f">
         <name>_unlock</name>
         <value>0x8000bd30</value>
         <object_component_ref idref="oc-f0"/>
      </symbol>
      <symbol id="sm-368">
         <name>__TI_printfi</name>
         <value>0x80001560</value>
         <object_component_ref idref="oc-ff"/>
      </symbol>
      <symbol id="sm-469">
         <name>__TI_scanfi</name>
         <value>0x80000000</value>
         <object_component_ref idref="oc-119"/>
      </symbol>
      <symbol id="sm-47b">
         <name>_args_main</name>
         <value>0x8000a8a0</value>
         <object_component_ref idref="oc-5b"/>
      </symbol>
      <symbol id="sm-48f">
         <name>atoi</name>
         <value>0x80008fe0</value>
         <object_component_ref idref="oc-1cb"/>
      </symbol>
      <symbol id="sm-4af">
         <name>_auto_init_elf</name>
         <value>0x80008800</value>
         <object_component_ref idref="oc-67"/>
      </symbol>
      <symbol id="sm-4c6">
         <name>copy_in</name>
         <value>0x800090e0</value>
         <object_component_ref idref="oc-9f"/>
      </symbol>
      <symbol id="sm-4d0">
         <name>_ctypes_</name>
         <value>0x8000bd40</value>
         <object_component_ref idref="oc-177"/>
      </symbol>
      <symbol id="sm-4e0">
         <name>__TI_tmpnams</name>
         <value>0x8000bf58</value>
      </symbol>
      <symbol id="sm-4e1">
         <name>_ftable</name>
         <value>0x8000ba20</value>
         <object_component_ref idref="oc-ed"/>
      </symbol>
      <symbol id="sm-4e2">
         <name>__TI_ft_end</name>
         <value>0x8000bd34</value>
         <object_component_ref idref="oc-27b"/>
      </symbol>
      <symbol id="sm-501">
         <name>__c6xabi_divd</name>
         <value>0x80002340</value>
         <object_component_ref idref="oc-2b9"/>
      </symbol>
      <symbol id="sm-50a">
         <name>__c6xabi_divu</name>
         <value>0x80009b20</value>
         <object_component_ref idref="oc-29e"/>
      </symbol>
      <symbol id="sm-50b">
         <name>__divu</name>
         <value>0x80009b20</value>
         <object_component_ref idref="oc-29e"/>
      </symbol>
      <symbol id="sm-522">
         <name>getc</name>
         <value>0x80008940</value>
         <object_component_ref idref="oc-17a"/>
      </symbol>
      <symbol id="sm-523">
         <name>fgetc</name>
         <value>0x80008940</value>
         <object_component_ref idref="oc-17a"/>
      </symbol>
      <symbol id="sm-541">
         <name>putc</name>
         <value>0x80007440</value>
         <object_component_ref idref="oc-145"/>
      </symbol>
      <symbol id="sm-542">
         <name>fputc</name>
         <value>0x80007440</value>
         <object_component_ref idref="oc-145"/>
      </symbol>
      <symbol id="sm-56b">
         <name>fputs</name>
         <value>0x80005e60</value>
         <object_component_ref idref="oc-14c"/>
      </symbol>
      <symbol id="sm-57e">
         <name>__TI_frcmpyd_div</name>
         <value>0x8000a7e0</value>
         <object_component_ref idref="oc-361"/>
      </symbol>
      <symbol id="sm-592">
         <name>frexpl</name>
         <value>0x80007be0</value>
         <object_component_ref idref="oc-300"/>
      </symbol>
      <symbol id="sm-593">
         <name>frexp</name>
         <value>0x80007be0</value>
         <object_component_ref idref="oc-300"/>
      </symbol>
      <symbol id="sm-5a4">
         <name>__c6xabi_divul</name>
         <value>0x80007860</value>
         <object_component_ref idref="oc-30d"/>
      </symbol>
      <symbol id="sm-5c9">
         <name>__c6xabi_remull</name>
         <value>0x8000a4e0</value>
         <object_component_ref idref="oc-2c1"/>
      </symbol>
      <symbol id="sm-5ca">
         <name>_subcull</name>
         <value>0x8000a5a0</value>
         <object_component_ref idref="oc-34d"/>
      </symbol>
      <symbol id="sm-5cb">
         <name>__c6xabi_divull</name>
         <value>0x80006fa0</value>
         <object_component_ref idref="oc-2ab"/>
      </symbol>
      <symbol id="sm-5d4">
         <name>__c6xabi_isinf</name>
         <value>0x8000a820</value>
         <object_component_ref idref="oc-24a"/>
      </symbol>
      <symbol id="sm-5e8">
         <name>ldexpl</name>
         <value>0x80008280</value>
         <object_component_ref idref="oc-3ae"/>
      </symbol>
      <symbol id="sm-5e9">
         <name>ldexp</name>
         <value>0x80008280</value>
         <object_component_ref idref="oc-3ae"/>
      </symbol>
      <symbol id="sm-605">
         <name>__c6xabi_llshru</name>
         <value>0x8000a480</value>
         <object_component_ref idref="oc-353"/>
      </symbol>
      <symbol id="sm-606">
         <name>__c6xabi_llshl</name>
         <value>0x8000a380</value>
         <object_component_ref idref="oc-347"/>
      </symbol>
      <symbol id="sm-674">
         <name>lseek</name>
         <value>0x8000a600</value>
         <object_component_ref idref="oc-2d0"/>
      </symbol>
      <symbol id="sm-675">
         <name>read</name>
         <value>0x8000a6c0</value>
         <object_component_ref idref="oc-1f7"/>
      </symbol>
      <symbol id="sm-676">
         <name>write</name>
         <value>0x8000a780</value>
         <object_component_ref idref="oc-1bb"/>
      </symbol>
      <symbol id="sm-677">
         <name>close</name>
         <value>0x800093a0</value>
         <object_component_ref idref="oc-3b7"/>
      </symbol>
      <symbol id="sm-678">
         <name>unlink</name>
         <value>0x8000a400</value>
         <object_component_ref idref="oc-3bd"/>
      </symbol>
      <symbol id="sm-688">
         <name>ltoa</name>
         <value>0x80009480</value>
         <object_component_ref idref="oc-2f1"/>
      </symbol>
      <symbol id="sm-699">
         <name>memccpy</name>
         <value>0x8000a660</value>
         <object_component_ref idref="oc-1de"/>
      </symbol>
      <symbol id="sm-6b4">
         <name>setvbuf</name>
         <value>0x80007200</value>
         <object_component_ref idref="oc-1ff"/>
      </symbol>
      <symbol id="sm-6e9">
         <name>strtold</name>
         <value>0x80003420</value>
         <object_component_ref idref="oc-21a"/>
      </symbol>
      <symbol id="sm-6ea">
         <name>strtod</name>
         <value>0x80003420</value>
         <object_component_ref idref="oc-21a"/>
      </symbol>
      <symbol id="sm-708">
         <name>strtol</name>
         <value>0x80005760</value>
         <object_component_ref idref="oc-226"/>
      </symbol>
      <symbol id="sm-726">
         <name>strtoll</name>
         <value>0x80003dc0</value>
         <object_component_ref idref="oc-220"/>
      </symbol>
      <symbol id="sm-744">
         <name>strtoul</name>
         <value>0x800064e0</value>
         <object_component_ref idref="oc-20e"/>
      </symbol>
      <symbol id="sm-763">
         <name>strtoull</name>
         <value>0x80004720</value>
         <object_component_ref idref="oc-214"/>
      </symbol>
      <symbol id="sm-77c">
         <name>__TI_tls_init</name>
         <value>0x80009d60</value>
         <object_component_ref idref="oc-a5"/>
      </symbol>
      <symbol id="sm-7e5">
         <name>HOSTrename</name>
         <value>0x80007da0</value>
         <object_component_ref idref="oc-3a1"/>
      </symbol>
      <symbol id="sm-7e6">
         <name>HOSTclose</name>
         <value>0x80009e20</value>
         <object_component_ref idref="oc-383"/>
      </symbol>
      <symbol id="sm-7e7">
         <name>HOSTunlink</name>
         <value>0x800099a0</value>
         <object_component_ref idref="oc-39b"/>
      </symbol>
      <symbol id="sm-7e8">
         <name>HOSTlseek</name>
         <value>0x80008ce0</value>
         <object_component_ref idref="oc-395"/>
      </symbol>
      <symbol id="sm-7e9">
         <name>HOSTopen</name>
         <value>0x800091e0</value>
         <object_component_ref idref="oc-37d"/>
      </symbol>
      <symbol id="sm-7ea">
         <name>HOSTwrite</name>
         <value>0x800092c0</value>
         <object_component_ref idref="oc-38f"/>
      </symbol>
      <symbol id="sm-7eb">
         <name>HOSTread</name>
         <value>0x800098e0</value>
         <object_component_ref idref="oc-389"/>
      </symbol>
      <symbol id="sm-811">
         <name>__TI_readmsg</name>
         <value>0x8000a280</value>
         <object_component_ref idref="oc-3e9"/>
      </symbol>
      <symbol id="sm-812">
         <name>C$$IO$$</name>
         <value>0x8000a360</value>
         <object_component_ref idref="oc-3e3"/>
      </symbol>
      <symbol id="sm-813">
         <name>__CIOBUF_</name>
         <value>0x8000c0a0</value>
         <object_component_ref idref="oc-411"/>
      </symbol>
      <symbol id="sm-814">
         <name>__TI_writemsg</name>
         <value>0x8000a300</value>
         <object_component_ref idref="oc-3e3"/>
      </symbol>
      <symbol id="sm-82a">
         <name>__TI_buff_read</name>
         <value>0x80008580</value>
         <object_component_ref idref="oc-1f1"/>
      </symbol>
      <symbol id="sm-845">
         <name>__TI_wrt_ok</name>
         <value>0x80008ee0</value>
         <object_component_ref idref="oc-1b5"/>
      </symbol>
      <symbol id="sm-846">
         <name>__TI_rd_ok</name>
         <value>0x80009f60</value>
         <object_component_ref idref="oc-1eb"/>
      </symbol>
      <symbol id="sm-857">
         <name>__errno</name>
         <value>0x8000bd38</value>
         <object_component_ref idref="oc-340"/>
      </symbol>
      <symbol id="sm-858">
         <name>errno</name>
         <value>0x8000bd38</value>
         <object_component_ref idref="oc-340"/>
      </symbol>
      <symbol id="sm-859">
         <name>__c6xabi_errno_addr</name>
         <value>0x8000a8e0</value>
         <object_component_ref idref="oc-2a3"/>
      </symbol>
      <symbol id="sm-868">
         <name>__TI_doflush</name>
         <value>0x80009a60</value>
         <object_component_ref idref="oc-1c1"/>
      </symbol>
      <symbol id="sm-87b">
         <name>__TI_cleanup</name>
         <value>0x80009ec0</value>
         <object_component_ref idref="oc-283"/>
      </symbol>
      <symbol id="sm-890">
         <name>fseek</name>
         <value>0x80008bc0</value>
         <object_component_ref idref="oc-22f"/>
      </symbol>
      <symbol id="sm-902">
         <name>_sys_memory</name>
         <value>0x8000b220</value>
         <object_component_ref idref="oc-33"/>
      </symbol>
      <symbol id="sm-903">
         <name>free</name>
         <value>0x800053a0</value>
         <object_component_ref idref="oc-289"/>
      </symbol>
      <symbol id="sm-904">
         <name>malloc</name>
         <value>0x80008400</value>
         <object_component_ref idref="oc-28f"/>
      </symbol>
      <symbol id="sm-905">
         <name>_minit</name>
         <value>0x8000a0a0</value>
         <object_component_ref idref="oc-336"/>
      </symbol>
      <symbol id="sm-90e">
         <name>__remu</name>
         <value>0x8000a000</value>
         <object_component_ref idref="oc-2c9"/>
      </symbol>
      <symbol id="sm-90f">
         <name>__c6xabi_remu</name>
         <value>0x8000a000</value>
         <object_component_ref idref="oc-2c9"/>
      </symbol>
      <symbol id="sm-925">
         <name>__TI_closefile</name>
         <value>0x800086c0</value>
         <object_component_ref idref="oc-31f"/>
      </symbol>
      <symbol id="sm-927">
         <name>__TI_STATIC_BASE</name>
         <value>0x0</value>
      </symbol>
      <symbol id="sm-929">
         <name>__TI_INITARRAY_Base</name>
         <value>0x0</value>
      </symbol>
      <symbol id="sm-92a">
         <name>__TI_INITARRAY_Limit</name>
         <value>0x0</value>
      </symbol>
      <symbol id="sm-92b">
         <name>__TI_TLS_INIT_Base</name>
         <value>0x0</value>
      </symbol>
      <symbol id="sm-92c">
         <name>__TI_TLS_INIT_Limit</name>
         <value>0x0</value>
      </symbol>
      <symbol id="sm-92d">
         <name>remove</name>
         <value>0x8000a400</value>
      </symbol>
   </symbol_table>
   <title>Link successful</title>
</link_info>
