******************************************************************************
               TMS320C6x Linker PC v8.1.0                      
******************************************************************************
>> Linked Thu Jan 19 17:42:57 2023

OUTPUT FILE NAME:   <sem2_lab1.out>
ENTRY POINT SYMBOL: "_c_int00"  address: 8000a680


MEMORY CONFIGURATION

         name            origin    length      used     unused   attr    fill
----------------------  --------  ---------  --------  --------  ----  --------
  DSPL2ROM              00700000   00100000  00000000  00100000  RWIX
  DSPL2RAM              00800000   00040000  00000000  00040000  RWIX
  DSPL1PRAM             00e00000   00008000  00000000  00008000  RWIX
  DSPL1DRAM             00f00000   00008000  00000000  00008000  RWIX
  SHDSPL2ROM            11700000   00100000  00000000  00100000  RWIX
  SHDSPL2RAM            11800000   00040000  00000000  00040000  RWIX
  SHDSPL1PRAM           11e00000   00008000  00000000  00008000  RWIX
  SHDSPL1DRAM           11f00000   00008000  00000000  00008000  RWIX
  EMIFACS0              40000000   20000000  00000000  20000000  RWIX
  EMIFACS2              60000000   02000000  00000000  02000000  RWIX
  EMIFACS3              62000000   02000000  00000000  02000000  RWIX
  EMIFACS4              64000000   02000000  00000000  02000000  RWIX
  EMIFACS5              66000000   02000000  00000000  02000000  RWIX
  SHRAM                 80000000   00020000  0000c462  00013b9e  RWIX
  DDR2                  c0000000   20000000  00000000  20000000  RWIX


SEGMENT ALLOCATION MAP

run origin  load origin   length   init length attrs members
----------  ----------- ---------- ----------- ----- -------
80000000    80000000    0000ab60   0000ab60    r-x
  80000000    80000000    0000ab60   0000ab60    r-x .text
8000ab60    8000ab60    0000131c   00000000    rw-
  8000ab60    8000ab60    00000800   00000000    rw- .stack
  8000b360    8000b360    00000800   00000000    rw- .sysmem
  8000bb60    8000bb60    0000031c   00000000    rw- .fardata
8000be80    8000be80    00000286   00000286    r--
  8000be80    8000be80    00000286   00000286    r-- .const
8000c108    8000c108    00000268   00000000    rw-
  8000c108    8000c108    00000148   00000000    rw- .far
  8000c250    8000c250    00000120   00000000    rw- .cio
8000c370    8000c370    000000f8   000000f8    r--
  8000c370    8000c370    00000060   00000060    r-- .switch
  8000c3d0    8000c3d0    00000098   00000098    r-- .cinit


SECTION ALLOCATION MAP

 output                                  attributes/
section   page    origin      length       input sections
--------  ----  ----------  ----------   ----------------
.text      0    80000000    0000ab60     
                  80000000    00000d00     rts6740_elf.lib : _scanfi.obj (.text:__TI_scanfi)
                  80000d00    00000860                     : _printfi.obj (.text:_pproc_diouxp)
                  80001560    00000780                     : _printfi.obj (.text:__TI_printfi)
                  80001ce0    00000660                     : _scanfi.obj (.text:_sset_arg)
                  80002340    000005c0                     : divd.obj (.text:__c6xabi_divd)
                  80002900    000005a0                     : _printfi.obj (.text:_setfield)
                  80002ea0    00000580                     : _printfi.obj (.text:_pconv_g)
                  80003420    000004e0                     : strtod.obj (.text:strtod)
                  80003900    000004c0                     : _scanfi.obj (.text:_sproc_int)
                  80003dc0    000004c0                     : strtoll.obj (.text:strtoll)
                  80004280    000004a0                     : _printfi.obj (.text:_pconv_e)
                  80004720    00000440                     : strtoull.obj (.text:strtoull)
                  80004b60    00000420                     : _printfi.obj (.text:_pconv_a)
                  80004f80    00000420                     : _scanfi.obj (.text:_sget_conv)
                  800053a0    000003c0                     : memory.obj (.text:free)
                  80005760    000003a0                     : strtol.obj (.text:strtol)
                  80005b00    00000360                     : _printfi.obj (.text:acvt)
                  80005e60    00000360                     : fputs.obj (.text:fputs)
                  800061c0    00000320                     : _printfi.obj (.text:_pproc_fgea)
                  800064e0    00000300                     : strtoul.obj (.text:strtoul)
                  800067e0    000002a0                     : _printfi.obj (.text:_pconv_f)
                  80006a80    000002a0                     : _printfi.obj (.text:_pproc_fwp)
                  80006d20    00000280                     : _printfi.obj (.text:fcvt)
                  80006fa0    00000260                     : imath64.obj (.text:__c6xabi_divull)
                  80007200    00000240                     : setvbuf.obj (.text:setvbuf)
                  80007440    00000220                     : fputc.obj (.text:fputc)
                  80007660    00000220     main.obj (.text)
                  80007880    00000200     rts6740_elf.lib : _printfi.obj (.text:_ltostr)
                  80007a80    000001c0                     : imath40.obj (.text:__c6xabi_divul)
                  80007c40    000001c0                     : _scanfi.obj (.text:_sproc_str)
                  80007e00    000001c0                     : frexp.obj (.text:frexp)
                  80007fc0    000001a0                     : trgdrv.obj (.text:HOSTrename)
                  80008160    000001a0                     : fscanf.obj (.text:_chkmbc)
                  80008300    000001a0                     : lowlev.obj (.text:getdevice)
                  800084a0    00000180                     : ldexp.obj (.text:ldexp)
                  80008620    00000180                     : memory.obj (.text:malloc)
                  800087a0    00000140                     : _bufread.obj (.text:__TI_buff_read)
                  800088e0    00000140                     : fclose.obj (.text:__TI_closefile)
                  80008a20    00000140                     : autoinit.obj (.text:_auto_init_elf)
                  80008b60    00000140                     : fgetc.obj (.text:fgetc)
                  80008ca0    00000140                     : ungetc.obj (.text:ungetc)
                  80008de0    00000120                     : fseek.obj (.text:fseek)
                  80008f00    00000100                     : trgdrv.obj (.text:HOSTlseek)
                  80009000    00000100                     : copy_decompress_rle.obj (.text:__TI_decompress_rle_core)
                  80009100    00000100                     : _io_perm.obj (.text:__TI_wrt_ok)
                  80009200    00000100                     : atoi.obj (.text:atoi)
                  80009300    00000100                     : cpy_tbl.obj (.text:copy_in)
                  80009400    000000e0                     : trgdrv.obj (.text:HOSTopen)
                  800094e0    000000e0                     : trgdrv.obj (.text:HOSTwrite)
                  800095c0    000000e0                     : lowlev.obj (.text:close)
                  800096a0    000000e0                     : ltoa.obj (.text:ltoa)
                  80009780    000000e0                     : memset.obj (.text:memset)
                  80009860    000000e0                     : printf.obj (.text:printf)
                  80009940    000000e0                     : fscanf.obj (.text:scanf)
                  80009a20    000000c0                     : trgdrv.obj (.text:HOSTread)
                  80009ae0    000000c0                     : trgdrv.obj (.text:HOSTunlink)
                  80009ba0    000000c0                     : fflush.obj (.text:__TI_doflush)
                  80009c60    000000c0                     : divu.obj (.text:__divu)
                  80009d20    000000c0                     : exit.obj (.text:exit)
                  80009de0    000000c0                     : memory.obj (.text:mremove)
                  80009ea0    000000c0                     : tls.obj (.text:tls:init:__TI_tls_init)
                  80009f60    000000a0                     : trgdrv.obj (.text:HOSTclose)
                  8000a000    000000a0                     : fopen.obj (.text:__TI_cleanup)
                  8000a0a0    000000a0                     : _io_perm.obj (.text:__TI_rd_ok)
                  8000a140    000000a0                     : remu.obj (.text:__remu)
                  8000a1e0    000000a0                     : memory.obj (.text:_minit)
                  8000a280    000000a0                     : memcpy64.obj (.text:memcpy)
                  8000a320    000000a0                     : memory.obj (.text:minsert)
                  8000a3c0    00000080                     : trgmsg.obj (.text:__TI_readmsg)
                  8000a440    00000080                     : trgmsg.obj (.text:__TI_writemsg)
                  8000a4c0    00000080                     : llshift.obj (.text:__c6xabi_llshl)
                  8000a540    00000080                     : lowlev.obj (.text:unlink)
                  8000a5c0    00000060                     : llshift.obj (.text:__c6xabi_llshru)
                  8000a620    00000060                     : imath64.obj (.text:__c6xabi_remull)
                  8000a680    00000060                     : boot.obj (.text:_c_int00)
                  8000a6e0    00000060                     : imath64.obj (.text:_subcull)
                  8000a740    00000060                     : lowlev.obj (.text:lseek)
                  8000a7a0    00000060                     : memccpy.obj (.text:memccpy)
                  8000a800    00000060                     : lowlev.obj (.text:read)
                  8000a860    00000060                     : _scanfi.obj (.text:strrchr)
                  8000a8c0    00000060                     : lowlev.obj (.text:write)
                  8000a920    00000040                     : frcmpyd_div.obj (.text:__TI_frcmpyd_div)
                  8000a960    00000040                     : isinf.obj (.text:__c6xabi_isinf)
                  8000a9a0    00000040                     : _printfi.obj (.text:__c6xabi_isnan)
                  8000a9e0    00000040                     : args_main.obj (.text:_args_main)
                  8000aa20    00000020                     : errno.obj (.text:__c6xabi_errno_addr)
                  8000aa40    00000020                     : fscanf.obj (.text:_inpchar)
                  8000aa60    00000020                     : _lock.obj (.text:_nop)
                  8000aa80    00000020                     : printf.obj (.text:_outc)
                  8000aaa0    00000020                     : printf.obj (.text:_outs)
                  8000aac0    00000020                     : fscanf.obj (.text:_uninpchar)
                  8000aae0    00000020                     : exit.obj (.text:abort)
                  8000ab00    00000020                     : copy_zero_init.obj (.text:decompress:ZI:__TI_zero_init)
                  8000ab20    00000020                     : copy_decompress_none.obj (.text:decompress:none:__TI_decompress_none)
                  8000ab40    00000020                     : copy_decompress_rle.obj (.text:decompress:rle24:__TI_decompress_rle24)

.stack     0    8000ab60    00000800     UNINITIALIZED
                  8000ab60    00000008     rts6740_elf.lib : boot.obj (.stack)
                  8000ab68    000007f8     --HOLE--

.sysmem    0    8000b360    00000800     UNINITIALIZED
                  8000b360    00000008     rts6740_elf.lib : memory.obj (.sysmem)
                  8000b368    000007f8     --HOLE--

.fardata   0    8000bb60    0000031c     UNINITIALIZED
                  8000bb60    000001e0     rts6740_elf.lib : defs.obj (.fardata:_ftable)
                  8000bd40    000000a0                     : lowlev.obj (.fardata:_stream)
                  8000bde0    00000078                     : lowlev.obj (.fardata:_device)
                  8000be58    0000000c                     : exit.obj (.fardata)
                  8000be64    00000008                     : memory.obj (.fardata)
                  8000be6c    00000004                     : _lock.obj (.fardata:_lock)
                  8000be70    00000004                     : _lock.obj (.fardata:_unlock)
                  8000be74    00000004                     : defs.obj (.fardata)
                  8000be78    00000004                     : errno.obj (.fardata)

.const     0    8000be80    00000286     
                  8000be80    00000101     rts6740_elf.lib : ctype.obj (.const:.string:_ctypes_)
                  8000bf81    00000003     --HOLE-- [fill = 0]
                  8000bf84    000000b4     main.obj (.const:.string)
                  8000c038    00000050     rts6740_elf.lib : strtod.obj (.const:digits)
                  8000c088    00000048                     : strtod.obj (.const:powerof10)
                  8000c0d0    00000024                     : _printfi.obj (.const:.string)
                  8000c0f4    00000004     --HOLE-- [fill = 0]
                  8000c0f8    00000007                     : _scanfi.obj (.const:.string:flit$1)
                  8000c0ff    00000001     --HOLE-- [fill = 0]
                  8000c100    00000006                     : _scanfi.obj (.const:.string:barr$2)

.cio       0    8000c250    00000120     UNINITIALIZED
                  8000c250    00000120     rts6740_elf.lib : trgmsg.obj (.cio)

.far       0    8000c108    00000148     UNINITIALIZED
                  8000c108    00000140     (.common:__TI_tmpnams)
                  8000c248    00000008     (.common:parmbuf)

.switch    0    8000c370    00000060     
                  8000c370    00000038     rts6740_elf.lib : _printfi.obj (.switch:_pproc_fgea)
                  8000c3a8    00000028                     : _scanfi.obj (.switch:_sset_arg)

.cinit     0    8000c3d0    00000098     
                  8000c3d0    0000006f     (.cinit..fardata.load) [load image, compression = rle]
                  8000c43f    00000001     --HOLE-- [fill = 0]
                  8000c440    0000000c     (__TI_handler_table)
                  8000c44c    00000008     (.cinit..far.load) [load image, compression = zero_init]
                  8000c454    00000004     --HOLE-- [fill = 0]
                  8000c458    00000010     (__TI_cinit_table)

.init_array 
*          0    80000000    00000000     UNINITIALIZED

MODULE SUMMARY

       Module                     code    ro data   rw data
       ------                     ----    -------   -------
    .\
       main.obj                   544     180       0      
    +--+--------------------------+-------+---------+---------+
       Total:                     544     180       0      
                                                           
    C:\ti\ccsv6\tools\compiler\ti-cgt-c6000_8.1.0\lib\rts6740_elf.lib
       _printfi.obj               13376   92        0      
       _scanfi.obj                7776    53        0      
       memory.obj                 1856    0         8      
       trgdrv.obj                 1664    0         8      
       divd.obj                   1472    0         0      
       strtod.obj                 1248    152       0      
       lowlev.obj                 1056    0         280    
       strtoll.obj                1216    0         0      
       strtoull.obj               1088    0         0      
       strtol.obj                 928     0         0      
       fputs.obj                  864     0         0      
       defs.obj                   0       0         804    
       imath64.obj                800     0         0      
       strtoul.obj                768     0         0      
       fscanf.obj                 704     0         0      
       setvbuf.obj                576     0         0      
       fputc.obj                  544     0         0      
       trgmsg.obj                 256     0         288    
       frexp.obj                  448     0         0      
       imath40.obj                448     0         0      
       _io_perm.obj               416     0         0      
       ldexp.obj                  384     0         0      
       _bufread.obj               320     0         0      
       autoinit.obj               320     0         0      
       fclose.obj                 320     0         0      
       fgetc.obj                  320     0         0      
       ungetc.obj                 320     0         0      
       copy_decompress_rle.obj    288     0         0      
       fseek.obj                  288     0         0      
       printf.obj                 288     0         0      
       ctype.obj                  0       257       0      
       atoi.obj                   256     0         0      
       cpy_tbl.obj                256     0         0      
       exit.obj                   224     0         12     
       llshift.obj                224     0         0      
       ltoa.obj                   224     0         0      
       memset.obj                 224     0         0      
       divu.obj                   192     0         0      
       fflush.obj                 192     0         0      
       tls.obj                    192     0         0      
       fopen.obj                  160     0         0      
       memcpy64.obj               160     0         0      
       remu.obj                   160     0         0      
       boot.obj                   96      0         0      
       memccpy.obj                96      0         0      
       args_main.obj              64      0         0      
       frcmpyd_div.obj            64      0         0      
       isinf.obj                  64      0         0      
       _lock.obj                  32      0         8      
       errno.obj                  32      0         4      
       copy_decompress_none.obj   32      0         0      
       copy_zero_init.obj         32      0         0      
    +--+--------------------------+-------+---------+---------+
       Total:                     43328   554       1412   
                                                           
       Heap:                      0       0         2048   
       Stack:                     0       0         2048   
       Linker Generated:          0       147       0      
    +--+--------------------------+-------+---------+---------+
       Grand Total:               43872   881       5508   


LINKER GENERATED COPY TABLES

__TI_cinit_table @ 8000c458 records: 2, size/record: 8, table size: 16
	.fardata: load addr=8000c3d0, load size=0000006f bytes, run addr=8000bb60, run size=0000031c bytes, compression=rle
	.far: load addr=8000c44c, load size=00000008 bytes, run addr=8000c108, run size=00000148 bytes, compression=zero_init


LINKER GENERATED HANDLER TABLE

__TI_handler_table @ 8000c440 records: 3, size/record: 4, table size: 12
	index: 0, handler: __TI_zero_init
	index: 1, handler: __TI_decompress_rle24
	index: 2, handler: __TI_decompress_none


GLOBAL SYMBOLS: SORTED ALPHABETICALLY BY Name 

address   name                           
-------   ----                           
8000aae0  C$$EXIT                        
8000a4a0  C$$IO$$                        
80009f60  HOSTclose                      
80008f00  HOSTlseek                      
80009400  HOSTopen                       
80009a20  HOSTread                       
80007fc0  HOSTrename                     
80009ae0  HOSTunlink                     
800094e0  HOSTwrite                      
8000c250  __CIOBUF_                      
8000c458  __TI_CINIT_Base                
8000c468  __TI_CINIT_Limit               
8000c440  __TI_Handler_Table_Base        
8000c44c  __TI_Handler_Table_Limit       
UNDEFED   __TI_INITARRAY_Base            
UNDEFED   __TI_INITARRAY_Limit           
8000b360  __TI_STACK_END                 
00000800  __TI_STACK_SIZE                
00000000  __TI_STATIC_BASE               
00000800  __TI_SYSMEM_SIZE               
UNDEFED   __TI_TLS_INIT_Base             
UNDEFED   __TI_TLS_INIT_Limit            
800087a0  __TI_buff_read                 
8000a000  __TI_cleanup                   
8000be58  __TI_cleanup_ptr               
800088e0  __TI_closefile                 
8000ab20  __TI_decompress_none           
8000ab40  __TI_decompress_rle24          
80009ba0  __TI_doflush                   
8000be5c  __TI_dtors_ptr                 
8000be60  __TI_enable_exit_profile_output
8000a920  __TI_frcmpyd_div               
8000be74  __TI_ft_end                    
ffffffff  __TI_pprof_out_hndl            
80001560  __TI_printfi                   
ffffffff  __TI_prof_data_size            
ffffffff  __TI_prof_data_start           
8000a0a0  __TI_rd_ok                     
8000a3c0  __TI_readmsg                   
80000000  __TI_scanfi                    
80009ea0  __TI_tls_init                  
8000c108  __TI_tmpnams                   
8000a440  __TI_writemsg                  
80009100  __TI_wrt_ok                    
8000ab00  __TI_zero_init                 
ffffffff  __binit__                      
80002340  __c6xabi_divd                  
80009c60  __c6xabi_divu                  
80007a80  __c6xabi_divul                 
80006fa0  __c6xabi_divull                
8000aa20  __c6xabi_errno_addr            
8000a960  __c6xabi_isinf                 
8000a4c0  __c6xabi_llshl                 
8000a5c0  __c6xabi_llshru                
8000a140  __c6xabi_remu                  
8000a620  __c6xabi_remull                
ffffffff  __c_args__                     
80009c60  __divu                         
8000be78  __errno                        
8000a140  __remu                         
8000a9e0  _args_main                     
80008a20  _auto_init_elf                 
8000a680  _c_int00                       
8000be80  _ctypes_                       
8000bb60  _ftable                        
8000be6c  _lock                          
8000a1e0  _minit                         
8000aa60  _nop                           
8000ab60  _stack                         
8000a6e0  _subcull                       
8000b360  _sys_memory                    
8000be70  _unlock                        
8000aae0  abort                          
80009200  atoi                           
ffffffff  binit                          
800095c0  close                          
80009300  copy_in                        
8000be78  errno                          
80009d20  exit                           
80008b60  fgetc                          
80007440  fputc                          
80005e60  fputs                          
800053a0  free                           
80007e00  frexp                          
80007e00  frexpl                         
80008de0  fseek                          
80008b60  getc                           
800084a0  ldexp                          
800084a0  ldexpl                         
8000a740  lseek                          
800096a0  ltoa                           
80007660  main                           
80008620  malloc                         
8000a7a0  memccpy                        
8000a280  memcpy                         
80009780  memset                         
80009860  printf                         
80007440  putc                           
8000a800  read                           
8000a540  remove                         
80009940  scanf                          
80007200  setvbuf                        
80003420  strtod                         
80005760  strtol                         
80003420  strtold                        
80003dc0  strtoll                        
800064e0  strtoul                        
80004720  strtoull                       
80008ca0  ungetc                         
8000a540  unlink                         
8000a8c0  write                          


GLOBAL SYMBOLS: SORTED BY Symbol Address 

address   name                           
-------   ----                           
00000000  __TI_STATIC_BASE               
00000800  __TI_STACK_SIZE                
00000800  __TI_SYSMEM_SIZE               
80000000  __TI_scanfi                    
80001560  __TI_printfi                   
80002340  __c6xabi_divd                  
80003420  strtod                         
80003420  strtold                        
80003dc0  strtoll                        
80004720  strtoull                       
800053a0  free                           
80005760  strtol                         
80005e60  fputs                          
800064e0  strtoul                        
80006fa0  __c6xabi_divull                
80007200  setvbuf                        
80007440  fputc                          
80007440  putc                           
80007660  main                           
80007a80  __c6xabi_divul                 
80007e00  frexp                          
80007e00  frexpl                         
80007fc0  HOSTrename                     
800084a0  ldexp                          
800084a0  ldexpl                         
80008620  malloc                         
800087a0  __TI_buff_read                 
800088e0  __TI_closefile                 
80008a20  _auto_init_elf                 
80008b60  fgetc                          
80008b60  getc                           
80008ca0  ungetc                         
80008de0  fseek                          
80008f00  HOSTlseek                      
80009100  __TI_wrt_ok                    
80009200  atoi                           
80009300  copy_in                        
80009400  HOSTopen                       
800094e0  HOSTwrite                      
800095c0  close                          
800096a0  ltoa                           
80009780  memset                         
80009860  printf                         
80009940  scanf                          
80009a20  HOSTread                       
80009ae0  HOSTunlink                     
80009ba0  __TI_doflush                   
80009c60  __c6xabi_divu                  
80009c60  __divu                         
80009d20  exit                           
80009ea0  __TI_tls_init                  
80009f60  HOSTclose                      
8000a000  __TI_cleanup                   
8000a0a0  __TI_rd_ok                     
8000a140  __c6xabi_remu                  
8000a140  __remu                         
8000a1e0  _minit                         
8000a280  memcpy                         
8000a3c0  __TI_readmsg                   
8000a440  __TI_writemsg                  
8000a4a0  C$$IO$$                        
8000a4c0  __c6xabi_llshl                 
8000a540  remove                         
8000a540  unlink                         
8000a5c0  __c6xabi_llshru                
8000a620  __c6xabi_remull                
8000a680  _c_int00                       
8000a6e0  _subcull                       
8000a740  lseek                          
8000a7a0  memccpy                        
8000a800  read                           
8000a8c0  write                          
8000a920  __TI_frcmpyd_div               
8000a960  __c6xabi_isinf                 
8000a9e0  _args_main                     
8000aa20  __c6xabi_errno_addr            
8000aa60  _nop                           
8000aae0  C$$EXIT                        
8000aae0  abort                          
8000ab00  __TI_zero_init                 
8000ab20  __TI_decompress_none           
8000ab40  __TI_decompress_rle24          
8000ab60  _stack                         
8000b360  __TI_STACK_END                 
8000b360  _sys_memory                    
8000bb60  _ftable                        
8000be58  __TI_cleanup_ptr               
8000be5c  __TI_dtors_ptr                 
8000be60  __TI_enable_exit_profile_output
8000be6c  _lock                          
8000be70  _unlock                        
8000be74  __TI_ft_end                    
8000be78  __errno                        
8000be78  errno                          
8000be80  _ctypes_                       
8000c108  __TI_tmpnams                   
8000c250  __CIOBUF_                      
8000c440  __TI_Handler_Table_Base        
8000c44c  __TI_Handler_Table_Limit       
8000c458  __TI_CINIT_Base                
8000c468  __TI_CINIT_Limit               
ffffffff  __TI_pprof_out_hndl            
ffffffff  __TI_prof_data_size            
ffffffff  __TI_prof_data_start           
ffffffff  __binit__                      
ffffffff  __c_args__                     
ffffffff  binit                          
UNDEFED   __TI_INITARRAY_Base            
UNDEFED   __TI_INITARRAY_Limit           
UNDEFED   __TI_TLS_INIT_Base             
UNDEFED   __TI_TLS_INIT_Limit            

[111 symbols]
